[0.008s] Invoking command in '/home/orin/Desktop/roboracer-purdue/Meghaj_roboracer_ws/build/ackermann_mux': CMAKE_PREFIX_PATH=/opt/ros/humble /usr/bin/cmake /home/orin/Desktop/roboracer-purdue/Meghaj_roboracer_ws/src/f1tenth_system/ackermann_mux -DCMAKE_INSTALL_PREFIX=/home/orin/Desktop/roboracer-purdue/Meghaj_roboracer_ws/install/ackermann_mux
[0.110s] -- The C compiler identification is GNU 11.4.0
[0.173s] -- The CXX compiler identification is GNU 11.4.0
[0.181s] -- Detecting C compiler ABI info
[0.238s] -- Detecting C compiler ABI info - done
[0.238s] -- Check for working C compiler: /usr/bin/cc - skipped
[0.239s] -- Detecting C compile features
[0.239s] -- Detecting C compile features - done
[0.242s] -- Detecting CXX compiler ABI info
[0.294s] -- Detecting CXX compiler ABI info - done
[0.299s] -- Check for working CXX compiler: /usr/bin/c++ - skipped
[0.299s] -- Detecting CXX compile features
[0.300s] -- Detecting CXX compile features - done
[0.309s] -- Found ament_cmake: 1.3.13 (/opt/ros/humble/share/ament_cmake/cmake)
[0.397s] -- Found Python3: /usr/bin/python3 (found version "3.10.12") found components: Interpreter 
[0.460s] -- Found rclcpp: 16.0.18 (/opt/ros/humble/share/rclcpp/cmake)
[0.502s] -- Found rosidl_generator_c: 3.1.8 (/opt/ros/humble/share/rosidl_generator_c/cmake)
[0.508s] -- Found rosidl_adapter: 3.1.8 (/opt/ros/humble/share/rosidl_adapter/cmake)
[0.518s] -- Found rosidl_generator_cpp: 3.1.8 (/opt/ros/humble/share/rosidl_generator_cpp/cmake)
[0.531s] -- Using all available rosidl_typesupport_c: rosidl_typesupport_fastrtps_c;rosidl_typesupport_introspection_c
[0.546s] -- Using all available rosidl_typesupport_cpp: rosidl_typesupport_fastrtps_cpp;rosidl_typesupport_introspection_cpp
[0.588s] -- Found rmw_implementation_cmake: 6.1.2 (/opt/ros/humble/share/rmw_implementation_cmake/cmake)
[0.591s] -- Found rmw_fastrtps_cpp: 6.2.10 (/opt/ros/humble/share/rmw_fastrtps_cpp/cmake)
[0.652s] -- Found OpenSSL: /usr/lib/aarch64-linux-gnu/libcrypto.so (found version "3.0.2")  
[0.672s] -- Found FastRTPS: /opt/ros/humble/include  
[0.700s] -- Using RMW implementation 'rmw_fastrtps_cpp' as default
[0.709s] -- Looking for pthread.h
[0.759s] -- Looking for pthread.h - found
[0.759s] -- Performing Test CMAKE_HAVE_LIBC_PTHREAD
[0.801s] -- Performing Test CMAKE_HAVE_LIBC_PTHREAD - Success
[0.802s] -- Found Threads: TRUE  
[0.850s] -- Found ackermann_msgs: 2.0.2 (/opt/ros/humble/share/ackermann_msgs/cmake)
[0.864s] -- Found diagnostic_updater: 4.0.6 (/opt/ros/humble/share/diagnostic_updater/cmake)
[0.883s] -- Found ament_lint_auto: 0.12.15 (/opt/ros/humble/share/ament_lint_auto/cmake)
[0.953s] -- Found python_cmake_module: 0.10.0 (/opt/ros/humble/share/python_cmake_module/cmake)
[0.965s] -- Found PythonInterp: /usr/bin/python3 (found suitable version "3.10.12", minimum required is "3.6") 
[0.970s] -- Found PythonLibs: /usr/lib/aarch64-linux-gnu/libpython3.10.so (found suitable version "3.10.12", minimum required is "3.5") 
[0.970s] -- Using PYTHON_EXECUTABLE: /usr/bin/python3
[0.970s] -- Using PYTHON_INCLUDE_DIRS: /usr/include/python3.10
[0.970s] -- Using PYTHON_LIBRARIES: /usr/lib/aarch64-linux-gnu/libpython3.10.so
[0.982s] -- Found PythonExtra: .so  
[0.993s] -- Added test 'xmllint' to check XML markup files
[0.994s] -- Added test 'copyright' to check source files copyright and LICENSE
[0.995s] -- Added test 'cppcheck' to perform static code analysis on C / C++ code
[0.995s] -- Configured cppcheck include dirs: /home/orin/Desktop/roboracer-purdue/Meghaj_roboracer_ws/src/f1tenth_system/ackermann_mux/include
[0.995s] -- Configured cppcheck exclude dirs and/or files: 
[0.996s] -- Added test 'cpplint' to check C / C++ code against the Google style
[0.996s] -- Configured cpplint exclude dirs and/or files: 
[0.996s] -- Added test 'flake8' to check Python code syntax and style conventions
[0.997s] -- Added test 'lint_cmake' to check CMake code style
[0.997s] -- Added test 'pep257' to check Python code against some of the docstring style conventions in PEP 257
[0.998s] -- Added test 'uncrustify' to check C / C++ code style
[0.998s] -- Configured uncrustify additional arguments: 
[1.000s] -- Configuring done
[1.008s] -- Generating done
[1.010s] -- Build files have been written to: /home/orin/Desktop/roboracer-purdue/Meghaj_roboracer_ws/build/ackermann_mux
[1.016s] Invoked command in '/home/orin/Desktop/roboracer-purdue/Meghaj_roboracer_ws/build/ackermann_mux' returned '0': CMAKE_PREFIX_PATH=/opt/ros/humble /usr/bin/cmake /home/orin/Desktop/roboracer-purdue/Meghaj_roboracer_ws/src/f1tenth_system/ackermann_mux -DCMAKE_INSTALL_PREFIX=/home/orin/Desktop/roboracer-purdue/Meghaj_roboracer_ws/install/ackermann_mux
[1.016s] Invoking command in '/home/orin/Desktop/roboracer-purdue/Meghaj_roboracer_ws/build/ackermann_mux': CMAKE_PREFIX_PATH=/opt/ros/humble /usr/bin/cmake --build /home/orin/Desktop/roboracer-purdue/Meghaj_roboracer_ws/build/ackermann_mux -- -j2 -l2
[1.045s] [ 25%] [32mBuilding CXX object CMakeFiles/ackermann_mux.dir/src/ackermann_mux.cpp.o[0m
[1.051s] [ 50%] [32mBuilding CXX object CMakeFiles/ackermann_mux.dir/src/ackermann_mux_node.cpp.o[0m
[3.927s] [ 75%] [32mBuilding CXX object CMakeFiles/ackermann_mux.dir/src/ackermann_mux_diagnostics.cpp.o[0m
[11.115s] [100%] [32m[1mLinking CXX executable ackermann_mux[0m
[11.552s] [100%] Built target ackermann_mux
[11.575s] Invoked command in '/home/orin/Desktop/roboracer-purdue/Meghaj_roboracer_ws/build/ackermann_mux' returned '0': CMAKE_PREFIX_PATH=/opt/ros/humble /usr/bin/cmake --build /home/orin/Desktop/roboracer-purdue/Meghaj_roboracer_ws/build/ackermann_mux -- -j2 -l2
[11.577s] Invoking command in '/home/orin/Desktop/roboracer-purdue/Meghaj_roboracer_ws/build/ackermann_mux': CMAKE_PREFIX_PATH=/opt/ros/humble /usr/bin/cmake --install /home/orin/Desktop/roboracer-purdue/Meghaj_roboracer_ws/build/ackermann_mux
[11.582s] -- Install configuration: ""
[11.582s] -- Installing: /home/orin/Desktop/roboracer-purdue/Meghaj_roboracer_ws/install/ackermann_mux/lib/ackermann_mux/ackermann_mux
[11.587s] -- Set runtime path of "/home/orin/Desktop/roboracer-purdue/Meghaj_roboracer_ws/install/ackermann_mux/lib/ackermann_mux/ackermann_mux" to ""
[11.587s] -- Installing: /home/orin/Desktop/roboracer-purdue/Meghaj_roboracer_ws/install/ackermann_mux/share/ackermann_mux/launch
[11.587s] -- Installing: /home/orin/Desktop/roboracer-purdue/Meghaj_roboracer_ws/install/ackermann_mux/share/ackermann_mux/launch/ackermann_mux_launch.py
[11.587s] -- Installing: /home/orin/Desktop/roboracer-purdue/Meghaj_roboracer_ws/install/ackermann_mux/share/ackermann_mux/config
[11.587s] -- Installing: /home/orin/Desktop/roboracer-purdue/Meghaj_roboracer_ws/install/ackermann_mux/share/ackermann_mux/config/ackermann_mux_topics.yaml
[11.587s] -- Installing: /home/orin/Desktop/roboracer-purdue/Meghaj_roboracer_ws/install/ackermann_mux/share/ackermann_mux/config/ackermann_mux_locks.yaml
[11.588s] -- Installing: /home/orin/Desktop/roboracer-purdue/Meghaj_roboracer_ws/install/ackermann_mux/share/ackermann_mux/config/joystick.yaml
[11.588s] -- Installing: /home/orin/Desktop/roboracer-purdue/Meghaj_roboracer_ws/install/ackermann_mux/include
[11.588s] -- Installing: /home/orin/Desktop/roboracer-purdue/Meghaj_roboracer_ws/install/ackermann_mux/include/ackermann_mux
[11.588s] -- Installing: /home/orin/Desktop/roboracer-purdue/Meghaj_roboracer_ws/install/ackermann_mux/include/ackermann_mux/utils.hpp
[11.588s] -- Installing: /home/orin/Desktop/roboracer-purdue/Meghaj_roboracer_ws/install/ackermann_mux/include/ackermann_mux/ackermann_mux_diagnostics.hpp
[11.588s] -- Installing: /home/orin/Desktop/roboracer-purdue/Meghaj_roboracer_ws/install/ackermann_mux/include/ackermann_mux/ackermann_mux_diagnostics_status.hpp
[11.588s] -- Installing: /home/orin/Desktop/roboracer-purdue/Meghaj_roboracer_ws/install/ackermann_mux/include/ackermann_mux/params_helpers.hpp
[11.588s] -- Installing: /home/orin/Desktop/roboracer-purdue/Meghaj_roboracer_ws/install/ackermann_mux/include/ackermann_mux/ackermann_mux.hpp
[11.588s] -- Installing: /home/orin/Desktop/roboracer-purdue/Meghaj_roboracer_ws/install/ackermann_mux/include/ackermann_mux/topic_handle.hpp
[11.588s] -- Installing: /home/orin/Desktop/roboracer-purdue/Meghaj_roboracer_ws/install/ackermann_mux/share/ament_index/resource_index/package_run_dependencies/ackermann_mux
[11.588s] -- Installing: /home/orin/Desktop/roboracer-purdue/Meghaj_roboracer_ws/install/ackermann_mux/share/ament_index/resource_index/parent_prefix_path/ackermann_mux
[11.589s] -- Installing: /home/orin/Desktop/roboracer-purdue/Meghaj_roboracer_ws/install/ackermann_mux/share/ackermann_mux/environment/ament_prefix_path.sh
[11.589s] -- Installing: /home/orin/Desktop/roboracer-purdue/Meghaj_roboracer_ws/install/ackermann_mux/share/ackermann_mux/environment/ament_prefix_path.dsv
[11.589s] -- Installing: /home/orin/Desktop/roboracer-purdue/Meghaj_roboracer_ws/install/ackermann_mux/share/ackermann_mux/environment/path.sh
[11.589s] -- Installing: /home/orin/Desktop/roboracer-purdue/Meghaj_roboracer_ws/install/ackermann_mux/share/ackermann_mux/environment/path.dsv
[11.589s] -- Installing: /home/orin/Desktop/roboracer-purdue/Meghaj_roboracer_ws/install/ackermann_mux/share/ackermann_mux/local_setup.bash
[11.589s] -- Installing: /home/orin/Desktop/roboracer-purdue/Meghaj_roboracer_ws/install/ackermann_mux/share/ackermann_mux/local_setup.sh
[11.589s] -- Installing: /home/orin/Desktop/roboracer-purdue/Meghaj_roboracer_ws/install/ackermann_mux/share/ackermann_mux/local_setup.zsh
[11.590s] -- Installing: /home/orin/Desktop/roboracer-purdue/Meghaj_roboracer_ws/install/ackermann_mux/share/ackermann_mux/local_setup.dsv
[11.590s] -- Installing: /home/orin/Desktop/roboracer-purdue/Meghaj_roboracer_ws/install/ackermann_mux/share/ackermann_mux/package.dsv
[11.590s] -- Installing: /home/orin/Desktop/roboracer-purdue/Meghaj_roboracer_ws/install/ackermann_mux/share/ament_index/resource_index/packages/ackermann_mux
[11.590s] -- Installing: /home/orin/Desktop/roboracer-purdue/Meghaj_roboracer_ws/install/ackermann_mux/share/ackermann_mux/cmake/ament_cmake_export_include_directories-extras.cmake
[11.590s] -- Installing: /home/orin/Desktop/roboracer-purdue/Meghaj_roboracer_ws/install/ackermann_mux/share/ackermann_mux/cmake/ament_cmake_export_dependencies-extras.cmake
[11.590s] -- Installing: /home/orin/Desktop/roboracer-purdue/Meghaj_roboracer_ws/install/ackermann_mux/share/ackermann_mux/cmake/ackermann_muxConfig.cmake
[11.590s] -- Installing: /home/orin/Desktop/roboracer-purdue/Meghaj_roboracer_ws/install/ackermann_mux/share/ackermann_mux/cmake/ackermann_muxConfig-version.cmake
[11.590s] -- Installing: /home/orin/Desktop/roboracer-purdue/Meghaj_roboracer_ws/install/ackermann_mux/share/ackermann_mux/package.xml
[11.592s] Invoked command in '/home/orin/Desktop/roboracer-purdue/Meghaj_roboracer_ws/build/ackermann_mux' returned '0': CMAKE_PREFIX_PATH=/opt/ros/humble /usr/bin/cmake --install /home/orin/Desktop/roboracer-purdue/Meghaj_roboracer_ws/build/ackermann_mux
