[0.344s] Invoking command in '/home/orin/Desktop/roboracer-purdue/Meghaj_roboracer_ws/src/f1tenth_gym_ros': PYTHONPATH=/home/orin/Desktop/roboracer-purdue/Meghaj_roboracer_ws/build/f1tenth_gym_ros/prefix_override:/usr/lib/python3/dist-packages/colcon_core/task/python/colcon_distutils_commands:/home/orin/Desktop/roboracer-purdue/Meghaj_roboracer_ws/install/f1tenth_gym_ros/lib/python3.10/site-packages:${PYTHONPATH} /usr/bin/python3 -W ignore:setup.py install is deprecated -W ignore:easy_install command is deprecated setup.py egg_info --egg-base ../../build/f1tenth_gym_ros build --build-base /home/orin/Desktop/roboracer-purdue/Meghaj_roboracer_ws/build/f1tenth_gym_ros/build install --record /home/orin/Desktop/roboracer-purdue/Meghaj_roboracer_ws/build/f1tenth_gym_ros/install.log --single-version-externally-managed install_data
[0.479s] running egg_info
[0.479s] creating ../../build/f1tenth_gym_ros/f1tenth_gym_ros.egg-info
[0.479s] writing ../../build/f1tenth_gym_ros/f1tenth_gym_ros.egg-info/PKG-INFO
[0.479s] writing dependency_links to ../../build/f1tenth_gym_ros/f1tenth_gym_ros.egg-info/dependency_links.txt
[0.479s] writing entry points to ../../build/f1tenth_gym_ros/f1tenth_gym_ros.egg-info/entry_points.txt
[0.480s] writing requirements to ../../build/f1tenth_gym_ros/f1tenth_gym_ros.egg-info/requires.txt
[0.480s] writing top-level names to ../../build/f1tenth_gym_ros/f1tenth_gym_ros.egg-info/top_level.txt
[0.480s] writing manifest file '../../build/f1tenth_gym_ros/f1tenth_gym_ros.egg-info/SOURCES.txt'
[0.481s] reading manifest file '../../build/f1tenth_gym_ros/f1tenth_gym_ros.egg-info/SOURCES.txt'
[0.481s] adding license file 'LICENSE'
[0.482s] writing manifest file '../../build/f1tenth_gym_ros/f1tenth_gym_ros.egg-info/SOURCES.txt'
[0.482s] running build
[0.482s] running build_py
[0.482s] creating /home/orin/Desktop/roboracer-purdue/Meghaj_roboracer_ws/build/f1tenth_gym_ros/build
[0.482s] creating /home/orin/Desktop/roboracer-purdue/Meghaj_roboracer_ws/build/f1tenth_gym_ros/build/lib
[0.482s] creating /home/orin/Desktop/roboracer-purdue/Meghaj_roboracer_ws/build/f1tenth_gym_ros/build/lib/f1tenth_gym_ros
[0.482s] copying f1tenth_gym_ros/__init__.py -> /home/orin/Desktop/roboracer-purdue/Meghaj_roboracer_ws/build/f1tenth_gym_ros/build/lib/f1tenth_gym_ros
[0.482s] copying f1tenth_gym_ros/gym_bridge.py -> /home/orin/Desktop/roboracer-purdue/Meghaj_roboracer_ws/build/f1tenth_gym_ros/build/lib/f1tenth_gym_ros
[0.483s] running install
[0.483s] running install_lib
[0.484s] creating /home/orin/Desktop/roboracer-purdue/Meghaj_roboracer_ws/install/f1tenth_gym_ros/lib/python3.10/site-packages/f1tenth_gym_ros
[0.484s] copying /home/orin/Desktop/roboracer-purdue/Meghaj_roboracer_ws/build/f1tenth_gym_ros/build/lib/f1tenth_gym_ros/__init__.py -> /home/orin/Desktop/roboracer-purdue/Meghaj_roboracer_ws/install/f1tenth_gym_ros/lib/python3.10/site-packages/f1tenth_gym_ros
[0.484s] copying /home/orin/Desktop/roboracer-purdue/Meghaj_roboracer_ws/build/f1tenth_gym_ros/build/lib/f1tenth_gym_ros/gym_bridge.py -> /home/orin/Desktop/roboracer-purdue/Meghaj_roboracer_ws/install/f1tenth_gym_ros/lib/python3.10/site-packages/f1tenth_gym_ros
[0.485s] byte-compiling /home/orin/Desktop/roboracer-purdue/Meghaj_roboracer_ws/install/f1tenth_gym_ros/lib/python3.10/site-packages/f1tenth_gym_ros/__init__.py to __init__.cpython-310.pyc
[0.485s] byte-compiling /home/orin/Desktop/roboracer-purdue/Meghaj_roboracer_ws/install/f1tenth_gym_ros/lib/python3.10/site-packages/f1tenth_gym_ros/gym_bridge.py to gym_bridge.cpython-310.pyc
[0.488s] running install_data
[0.488s] creating /home/orin/Desktop/roboracer-purdue/Meghaj_roboracer_ws/install/f1tenth_gym_ros/share/ament_index
[0.488s] creating /home/orin/Desktop/roboracer-purdue/Meghaj_roboracer_ws/install/f1tenth_gym_ros/share/ament_index/resource_index
[0.488s] creating /home/orin/Desktop/roboracer-purdue/Meghaj_roboracer_ws/install/f1tenth_gym_ros/share/ament_index/resource_index/packages
[0.488s] copying resource/f1tenth_gym_ros -> /home/orin/Desktop/roboracer-purdue/Meghaj_roboracer_ws/install/f1tenth_gym_ros/share/ament_index/resource_index/packages
[0.488s] copying package.xml -> /home/orin/Desktop/roboracer-purdue/Meghaj_roboracer_ws/install/f1tenth_gym_ros/share/f1tenth_gym_ros
[0.488s] creating /home/orin/Desktop/roboracer-purdue/Meghaj_roboracer_ws/install/f1tenth_gym_ros/share/f1tenth_gym_ros/launch
[0.488s] copying launch/ego_racecar.xacro -> /home/orin/Desktop/roboracer-purdue/Meghaj_roboracer_ws/install/f1tenth_gym_ros/share/f1tenth_gym_ros/launch
[0.488s] copying launch/gym_bridge_launch.py -> /home/orin/Desktop/roboracer-purdue/Meghaj_roboracer_ws/install/f1tenth_gym_ros/share/f1tenth_gym_ros/launch
[0.490s] copying launch/opp_racecar.xacro -> /home/orin/Desktop/roboracer-purdue/Meghaj_roboracer_ws/install/f1tenth_gym_ros/share/f1tenth_gym_ros/launch
[0.490s] copying launch/gym_bridge.rviz -> /home/orin/Desktop/roboracer-purdue/Meghaj_roboracer_ws/install/f1tenth_gym_ros/share/f1tenth_gym_ros/launch
[0.491s] creating /home/orin/Desktop/roboracer-purdue/Meghaj_roboracer_ws/install/f1tenth_gym_ros/share/f1tenth_gym_ros/config
[0.491s] copying config/sim.yaml -> /home/orin/Desktop/roboracer-purdue/Meghaj_roboracer_ws/install/f1tenth_gym_ros/share/f1tenth_gym_ros/config
[0.491s] creating /home/orin/Desktop/roboracer-purdue/Meghaj_roboracer_ws/install/f1tenth_gym_ros/share/f1tenth_gym_ros/maps
[0.491s] copying maps/levine.yaml -> /home/orin/Desktop/roboracer-purdue/Meghaj_roboracer_ws/install/f1tenth_gym_ros/share/f1tenth_gym_ros/maps
[0.492s] copying maps/levine.png -> /home/orin/Desktop/roboracer-purdue/Meghaj_roboracer_ws/install/f1tenth_gym_ros/share/f1tenth_gym_ros/maps
[0.492s] copying maps/Spielberg_map.png -> /home/orin/Desktop/roboracer-purdue/Meghaj_roboracer_ws/install/f1tenth_gym_ros/share/f1tenth_gym_ros/maps
[0.493s] copying maps/IV_2026_SIM.png -> /home/orin/Desktop/roboracer-purdue/Meghaj_roboracer_ws/install/f1tenth_gym_ros/share/f1tenth_gym_ros/maps
[0.493s] copying maps/Spielberg_map.yaml -> /home/orin/Desktop/roboracer-purdue/Meghaj_roboracer_ws/install/f1tenth_gym_ros/share/f1tenth_gym_ros/maps
[0.493s] copying maps/IV_2026_SIM.yaml -> /home/orin/Desktop/roboracer-purdue/Meghaj_roboracer_ws/install/f1tenth_gym_ros/share/f1tenth_gym_ros/maps
[0.494s] running install_egg_info
[0.495s] Copying ../../build/f1tenth_gym_ros/f1tenth_gym_ros.egg-info to /home/orin/Desktop/roboracer-purdue/Meghaj_roboracer_ws/install/f1tenth_gym_ros/lib/python3.10/site-packages/f1tenth_gym_ros-0.0.0-py3.10.egg-info
[0.495s] running install_scripts
[0.517s] Installing gym_bridge script to /home/orin/Desktop/roboracer-purdue/Meghaj_roboracer_ws/install/f1tenth_gym_ros/lib/f1tenth_gym_ros
[0.519s] writing list of installed files to '/home/orin/Desktop/roboracer-purdue/Meghaj_roboracer_ws/build/f1tenth_gym_ros/install.log'
[0.538s] Invoked command in '/home/orin/Desktop/roboracer-purdue/Meghaj_roboracer_ws/src/f1tenth_gym_ros' returned '0': PYTHONPATH=/home/orin/Desktop/roboracer-purdue/Meghaj_roboracer_ws/build/f1tenth_gym_ros/prefix_override:/usr/lib/python3/dist-packages/colcon_core/task/python/colcon_distutils_commands:/home/orin/Desktop/roboracer-purdue/Meghaj_roboracer_ws/install/f1tenth_gym_ros/lib/python3.10/site-packages:${PYTHONPATH} /usr/bin/python3 -W ignore:setup.py install is deprecated -W ignore:easy_install command is deprecated setup.py egg_info --egg-base ../../build/f1tenth_gym_ros build --build-base /home/orin/Desktop/roboracer-purdue/Meghaj_roboracer_ws/build/f1tenth_gym_ros/build install --record /home/orin/Desktop/roboracer-purdue/Meghaj_roboracer_ws/build/f1tenth_gym_ros/install.log --single-version-externally-managed install_data
