[0.080s] DEBUG:colcon:Command line arguments: ['/usr/bin/colcon', 'build']
[0.080s] DEBUG:colcon:Parsed command line arguments: Namespace(log_base=None, log_level=None, verb_name='build', build_base='build', install_base='install', merge_install=False, symlink_install=False, test_result_base=None, continue_on_error=False, executor='parallel', parallel_workers=2, event_handlers=None, ignore_user_meta=False, metas=['./colcon.meta'], base_paths=['.'], packages_ignore=None, packages_ignore_regex=None, paths=None, packages_up_to=None, packages_up_to_regex=None, packages_above=None, packages_above_and_dependencies=None, packages_above_depth=None, packages_select_by_dep=None, packages_skip_by_dep=None, packages_skip_up_to=None, packages_select_build_failed=False, packages_skip_build_finished=False, packages_select_test_failures=False, packages_skip_test_passed=False, packages_select=None, packages_skip=None, packages_select_regex=None, packages_skip_regex=None, packages_start=None, packages_end=None, allow_overriding=[], cmake_args=None, cmake_target=None, cmake_target_skip_unavailable=False, cmake_clean_cache=False, cmake_clean_first=False, cmake_force_configure=False, ament_cmake_args=None, catkin_cmake_args=None, catkin_skip_building_tests=False, mixin_files=None, mixin=None, verb_parser=<colcon_mixin.mixin.mixin_argument.MixinArgumentDecorator object at 0xffff804479d0>, verb_extension=<colcon_core.verb.build.BuildVerb object at 0xffff806188e0>, main=<bound method BuildVerb.main of <colcon_core.verb.build.BuildVerb object at 0xffff806188e0>>, mixin_verb=('build',))
[0.171s] Level 1:colcon.colcon_core.package_discovery:discover_packages(colcon_meta) check parameters
[0.171s] Level 1:colcon.colcon_core.package_discovery:discover_packages(recursive) check parameters
[0.171s] Level 1:colcon.colcon_core.package_discovery:discover_packages(ignore) check parameters
[0.171s] Level 1:colcon.colcon_core.package_discovery:discover_packages(path) check parameters
[0.171s] Level 1:colcon.colcon_core.package_discovery:discover_packages(colcon_meta) discover
[0.171s] Level 1:colcon.colcon_core.package_discovery:discover_packages(recursive) discover
[0.171s] INFO:colcon.colcon_core.package_discovery:Crawling recursively for packages in '/home/orin/Desktop/roboracer_ws'
[0.171s] Level 1:colcon.colcon_core.package_identification:_identify(.) by extensions ['ignore', 'ignore_ament_install']
[0.171s] Level 1:colcon.colcon_core.package_identification:_identify(.) by extension 'ignore'
[0.171s] Level 1:colcon.colcon_core.package_identification:_identify(.) by extension 'ignore_ament_install'
[0.171s] Level 1:colcon.colcon_core.package_identification:_identify(.) by extensions ['colcon_pkg']
[0.171s] Level 1:colcon.colcon_core.package_identification:_identify(.) by extension 'colcon_pkg'
[0.171s] Level 1:colcon.colcon_core.package_identification:_identify(.) by extensions ['colcon_meta']
[0.171s] Level 1:colcon.colcon_core.package_identification:_identify(.) by extension 'colcon_meta'
[0.171s] Level 1:colcon.colcon_core.package_identification:_identify(.) by extensions ['ros']
[0.171s] Level 1:colcon.colcon_core.package_identification:_identify(.) by extension 'ros'
[0.179s] Level 1:colcon.colcon_core.package_identification:_identify(.) by extensions ['cmake', 'python']
[0.179s] Level 1:colcon.colcon_core.package_identification:_identify(.) by extension 'cmake'
[0.179s] Level 1:colcon.colcon_core.package_identification:_identify(.) by extension 'python'
[0.179s] Level 1:colcon.colcon_core.package_identification:_identify(.) by extensions ['python_setup_py']
[0.179s] Level 1:colcon.colcon_core.package_identification:_identify(.) by extension 'python_setup_py'
[0.179s] Level 1:colcon.colcon_core.package_identification:_identify(Notes) by extensions ['ignore', 'ignore_ament_install']
[0.179s] Level 1:colcon.colcon_core.package_identification:_identify(Notes) by extension 'ignore'
[0.179s] Level 1:colcon.colcon_core.package_identification:_identify(Notes) by extension 'ignore_ament_install'
[0.179s] Level 1:colcon.colcon_core.package_identification:_identify(Notes) by extensions ['colcon_pkg']
[0.179s] Level 1:colcon.colcon_core.package_identification:_identify(Notes) by extension 'colcon_pkg'
[0.179s] Level 1:colcon.colcon_core.package_identification:_identify(Notes) by extensions ['colcon_meta']
[0.179s] Level 1:colcon.colcon_core.package_identification:_identify(Notes) by extension 'colcon_meta'
[0.179s] Level 1:colcon.colcon_core.package_identification:_identify(Notes) by extensions ['ros']
[0.179s] Level 1:colcon.colcon_core.package_identification:_identify(Notes) by extension 'ros'
[0.179s] Level 1:colcon.colcon_core.package_identification:_identify(Notes) by extensions ['cmake', 'python']
[0.179s] Level 1:colcon.colcon_core.package_identification:_identify(Notes) by extension 'cmake'
[0.179s] Level 1:colcon.colcon_core.package_identification:_identify(Notes) by extension 'python'
[0.179s] Level 1:colcon.colcon_core.package_identification:_identify(Notes) by extensions ['python_setup_py']
[0.179s] Level 1:colcon.colcon_core.package_identification:_identify(Notes) by extension 'python_setup_py'
[0.179s] Level 1:colcon.colcon_core.package_identification:_identify(build) by extensions ['ignore', 'ignore_ament_install']
[0.179s] Level 1:colcon.colcon_core.package_identification:_identify(build) by extension 'ignore'
[0.179s] Level 1:colcon.colcon_core.package_identification:_identify(build) ignored
[0.179s] Level 1:colcon.colcon_core.package_identification:_identify(docs) by extensions ['ignore', 'ignore_ament_install']
[0.179s] Level 1:colcon.colcon_core.package_identification:_identify(docs) by extension 'ignore'
[0.179s] Level 1:colcon.colcon_core.package_identification:_identify(docs) by extension 'ignore_ament_install'
[0.179s] Level 1:colcon.colcon_core.package_identification:_identify(docs) by extensions ['colcon_pkg']
[0.179s] Level 1:colcon.colcon_core.package_identification:_identify(docs) by extension 'colcon_pkg'
[0.179s] Level 1:colcon.colcon_core.package_identification:_identify(docs) by extensions ['colcon_meta']
[0.179s] Level 1:colcon.colcon_core.package_identification:_identify(docs) by extension 'colcon_meta'
[0.179s] Level 1:colcon.colcon_core.package_identification:_identify(docs) by extensions ['ros']
[0.179s] Level 1:colcon.colcon_core.package_identification:_identify(docs) by extension 'ros'
[0.180s] Level 1:colcon.colcon_core.package_identification:_identify(docs) by extensions ['cmake', 'python']
[0.180s] Level 1:colcon.colcon_core.package_identification:_identify(docs) by extension 'cmake'
[0.180s] Level 1:colcon.colcon_core.package_identification:_identify(docs) by extension 'python'
[0.180s] Level 1:colcon.colcon_core.package_identification:_identify(docs) by extensions ['python_setup_py']
[0.180s] Level 1:colcon.colcon_core.package_identification:_identify(docs) by extension 'python_setup_py'
[0.180s] Level 1:colcon.colcon_core.package_identification:_identify(install) by extensions ['ignore', 'ignore_ament_install']
[0.180s] Level 1:colcon.colcon_core.package_identification:_identify(install) by extension 'ignore'
[0.180s] Level 1:colcon.colcon_core.package_identification:_identify(install) ignored
[0.180s] Level 1:colcon.colcon_core.package_identification:_identify(lab1_ws) by extensions ['ignore', 'ignore_ament_install']
[0.180s] Level 1:colcon.colcon_core.package_identification:_identify(lab1_ws) by extension 'ignore'
[0.180s] Level 1:colcon.colcon_core.package_identification:_identify(lab1_ws) by extension 'ignore_ament_install'
[0.180s] Level 1:colcon.colcon_core.package_identification:_identify(lab1_ws) by extensions ['colcon_pkg']
[0.180s] Level 1:colcon.colcon_core.package_identification:_identify(lab1_ws) by extension 'colcon_pkg'
[0.180s] Level 1:colcon.colcon_core.package_identification:_identify(lab1_ws) by extensions ['colcon_meta']
[0.180s] Level 1:colcon.colcon_core.package_identification:_identify(lab1_ws) by extension 'colcon_meta'
[0.180s] Level 1:colcon.colcon_core.package_identification:_identify(lab1_ws) by extensions ['ros']
[0.180s] Level 1:colcon.colcon_core.package_identification:_identify(lab1_ws) by extension 'ros'
[0.180s] Level 1:colcon.colcon_core.package_identification:_identify(lab1_ws) by extensions ['cmake', 'python']
[0.180s] Level 1:colcon.colcon_core.package_identification:_identify(lab1_ws) by extension 'cmake'
[0.180s] Level 1:colcon.colcon_core.package_identification:_identify(lab1_ws) by extension 'python'
[0.180s] Level 1:colcon.colcon_core.package_identification:_identify(lab1_ws) by extensions ['python_setup_py']
[0.180s] Level 1:colcon.colcon_core.package_identification:_identify(lab1_ws) by extension 'python_setup_py'
[0.180s] Level 1:colcon.colcon_core.package_identification:_identify(lab1_ws/build) by extensions ['ignore', 'ignore_ament_install']
[0.180s] Level 1:colcon.colcon_core.package_identification:_identify(lab1_ws/build) by extension 'ignore'
[0.180s] Level 1:colcon.colcon_core.package_identification:_identify(lab1_ws/build) ignored
[0.180s] Level 1:colcon.colcon_core.package_identification:_identify(lab1_ws/install) by extensions ['ignore', 'ignore_ament_install']
[0.180s] Level 1:colcon.colcon_core.package_identification:_identify(lab1_ws/install) by extension 'ignore'
[0.180s] Level 1:colcon.colcon_core.package_identification:_identify(lab1_ws/install) ignored
[0.180s] Level 1:colcon.colcon_core.package_identification:_identify(lab1_ws/log) by extensions ['ignore', 'ignore_ament_install']
[0.180s] Level 1:colcon.colcon_core.package_identification:_identify(lab1_ws/log) by extension 'ignore'
[0.180s] Level 1:colcon.colcon_core.package_identification:_identify(lab1_ws/log) ignored
[0.180s] Level 1:colcon.colcon_core.package_identification:_identify(lab1_ws/src) by extensions ['ignore', 'ignore_ament_install']
[0.180s] Level 1:colcon.colcon_core.package_identification:_identify(lab1_ws/src) by extension 'ignore'
[0.180s] Level 1:colcon.colcon_core.package_identification:_identify(lab1_ws/src) by extension 'ignore_ament_install'
[0.180s] Level 1:colcon.colcon_core.package_identification:_identify(lab1_ws/src) by extensions ['colcon_pkg']
[0.180s] Level 1:colcon.colcon_core.package_identification:_identify(lab1_ws/src) by extension 'colcon_pkg'
[0.180s] Level 1:colcon.colcon_core.package_identification:_identify(lab1_ws/src) by extensions ['colcon_meta']
[0.180s] Level 1:colcon.colcon_core.package_identification:_identify(lab1_ws/src) by extension 'colcon_meta'
[0.180s] Level 1:colcon.colcon_core.package_identification:_identify(lab1_ws/src) by extensions ['ros']
[0.180s] Level 1:colcon.colcon_core.package_identification:_identify(lab1_ws/src) by extension 'ros'
[0.180s] Level 1:colcon.colcon_core.package_identification:_identify(lab1_ws/src) by extensions ['cmake', 'python']
[0.180s] Level 1:colcon.colcon_core.package_identification:_identify(lab1_ws/src) by extension 'cmake'
[0.180s] Level 1:colcon.colcon_core.package_identification:_identify(lab1_ws/src) by extension 'python'
[0.180s] Level 1:colcon.colcon_core.package_identification:_identify(lab1_ws/src) by extensions ['python_setup_py']
[0.180s] Level 1:colcon.colcon_core.package_identification:_identify(lab1_ws/src) by extension 'python_setup_py'
[0.181s] Level 1:colcon.colcon_core.package_identification:_identify(lab1_ws/src/my_cpp_py_pkg) by extensions ['ignore', 'ignore_ament_install']
[0.181s] Level 1:colcon.colcon_core.package_identification:_identify(lab1_ws/src/my_cpp_py_pkg) by extension 'ignore'
[0.181s] Level 1:colcon.colcon_core.package_identification:_identify(lab1_ws/src/my_cpp_py_pkg) by extension 'ignore_ament_install'
[0.181s] Level 1:colcon.colcon_core.package_identification:_identify(lab1_ws/src/my_cpp_py_pkg) by extensions ['colcon_pkg']
[0.181s] Level 1:colcon.colcon_core.package_identification:_identify(lab1_ws/src/my_cpp_py_pkg) by extension 'colcon_pkg'
[0.181s] Level 1:colcon.colcon_core.package_identification:_identify(lab1_ws/src/my_cpp_py_pkg) by extensions ['colcon_meta']
[0.181s] Level 1:colcon.colcon_core.package_identification:_identify(lab1_ws/src/my_cpp_py_pkg) by extension 'colcon_meta'
[0.181s] Level 1:colcon.colcon_core.package_identification:_identify(lab1_ws/src/my_cpp_py_pkg) by extensions ['ros']
[0.181s] Level 1:colcon.colcon_core.package_identification:_identify(lab1_ws/src/my_cpp_py_pkg) by extension 'ros'
[0.182s] DEBUG:colcon.colcon_core.package_identification:Package 'lab1_ws/src/my_cpp_py_pkg' with type 'ros.ament_cmake' and name 'my_cpp_py_pkg'
[0.182s] Level 1:colcon.colcon_core.package_identification:_identify(log) by extensions ['ignore', 'ignore_ament_install']
[0.182s] Level 1:colcon.colcon_core.package_identification:_identify(log) by extension 'ignore'
[0.182s] Level 1:colcon.colcon_core.package_identification:_identify(log) ignored
[0.182s] Level 1:colcon.colcon_core.package_identification:_identify(scripts) by extensions ['ignore', 'ignore_ament_install']
[0.182s] Level 1:colcon.colcon_core.package_identification:_identify(scripts) by extension 'ignore'
[0.182s] Level 1:colcon.colcon_core.package_identification:_identify(scripts) by extension 'ignore_ament_install'
[0.182s] Level 1:colcon.colcon_core.package_identification:_identify(scripts) by extensions ['colcon_pkg']
[0.182s] Level 1:colcon.colcon_core.package_identification:_identify(scripts) by extension 'colcon_pkg'
[0.182s] Level 1:colcon.colcon_core.package_identification:_identify(scripts) by extensions ['colcon_meta']
[0.182s] Level 1:colcon.colcon_core.package_identification:_identify(scripts) by extension 'colcon_meta'
[0.182s] Level 1:colcon.colcon_core.package_identification:_identify(scripts) by extensions ['ros']
[0.182s] Level 1:colcon.colcon_core.package_identification:_identify(scripts) by extension 'ros'
[0.182s] Level 1:colcon.colcon_core.package_identification:_identify(scripts) by extensions ['cmake', 'python']
[0.182s] Level 1:colcon.colcon_core.package_identification:_identify(scripts) by extension 'cmake'
[0.182s] Level 1:colcon.colcon_core.package_identification:_identify(scripts) by extension 'python'
[0.182s] Level 1:colcon.colcon_core.package_identification:_identify(scripts) by extensions ['python_setup_py']
[0.182s] Level 1:colcon.colcon_core.package_identification:_identify(scripts) by extension 'python_setup_py'
[0.183s] Level 1:colcon.colcon_core.package_identification:_identify(src) by extensions ['ignore', 'ignore_ament_install']
[0.183s] Level 1:colcon.colcon_core.package_identification:_identify(src) by extension 'ignore'
[0.183s] Level 1:colcon.colcon_core.package_identification:_identify(src) by extension 'ignore_ament_install'
[0.183s] Level 1:colcon.colcon_core.package_identification:_identify(src) by extensions ['colcon_pkg']
[0.183s] Level 1:colcon.colcon_core.package_identification:_identify(src) by extension 'colcon_pkg'
[0.183s] Level 1:colcon.colcon_core.package_identification:_identify(src) by extensions ['colcon_meta']
[0.183s] Level 1:colcon.colcon_core.package_identification:_identify(src) by extension 'colcon_meta'
[0.183s] Level 1:colcon.colcon_core.package_identification:_identify(src) by extensions ['ros']
[0.183s] Level 1:colcon.colcon_core.package_identification:_identify(src) by extension 'ros'
[0.183s] Level 1:colcon.colcon_core.package_identification:_identify(src) by extensions ['cmake', 'python']
[0.183s] Level 1:colcon.colcon_core.package_identification:_identify(src) by extension 'cmake'
[0.183s] Level 1:colcon.colcon_core.package_identification:_identify(src) by extension 'python'
[0.183s] Level 1:colcon.colcon_core.package_identification:_identify(src) by extensions ['python_setup_py']
[0.183s] Level 1:colcon.colcon_core.package_identification:_identify(src) by extension 'python_setup_py'
[0.183s] Level 1:colcon.colcon_core.package_identification:_identify(src/f1tenth_gym_ros) by extensions ['ignore', 'ignore_ament_install']
[0.183s] Level 1:colcon.colcon_core.package_identification:_identify(src/f1tenth_gym_ros) by extension 'ignore'
[0.183s] Level 1:colcon.colcon_core.package_identification:_identify(src/f1tenth_gym_ros) by extension 'ignore_ament_install'
[0.183s] Level 1:colcon.colcon_core.package_identification:_identify(src/f1tenth_gym_ros) by extensions ['colcon_pkg']
[0.183s] Level 1:colcon.colcon_core.package_identification:_identify(src/f1tenth_gym_ros) by extension 'colcon_pkg'
[0.183s] Level 1:colcon.colcon_core.package_identification:_identify(src/f1tenth_gym_ros) by extensions ['colcon_meta']
[0.183s] Level 1:colcon.colcon_core.package_identification:_identify(src/f1tenth_gym_ros) by extension 'colcon_meta'
[0.183s] Level 1:colcon.colcon_core.package_identification:_identify(src/f1tenth_gym_ros) by extensions ['ros']
[0.183s] Level 1:colcon.colcon_core.package_identification:_identify(src/f1tenth_gym_ros) by extension 'ros'
[0.184s] DEBUG:colcon.colcon_core.package_identification:Package 'src/f1tenth_gym_ros' with type 'ros.ament_python' and name 'f1tenth_gym_ros'
[0.184s] Level 1:colcon.colcon_core.package_identification:_identify(src/f1tenth_system) by extensions ['ignore', 'ignore_ament_install']
[0.184s] Level 1:colcon.colcon_core.package_identification:_identify(src/f1tenth_system) by extension 'ignore'
[0.184s] Level 1:colcon.colcon_core.package_identification:_identify(src/f1tenth_system) by extension 'ignore_ament_install'
[0.184s] Level 1:colcon.colcon_core.package_identification:_identify(src/f1tenth_system) by extensions ['colcon_pkg']
[0.184s] Level 1:colcon.colcon_core.package_identification:_identify(src/f1tenth_system) by extension 'colcon_pkg'
[0.184s] Level 1:colcon.colcon_core.package_identification:_identify(src/f1tenth_system) by extensions ['colcon_meta']
[0.184s] Level 1:colcon.colcon_core.package_identification:_identify(src/f1tenth_system) by extension 'colcon_meta'
[0.184s] Level 1:colcon.colcon_core.package_identification:_identify(src/f1tenth_system) by extensions ['ros']
[0.184s] Level 1:colcon.colcon_core.package_identification:_identify(src/f1tenth_system) by extension 'ros'
[0.184s] Level 1:colcon.colcon_core.package_identification:_identify(src/f1tenth_system) by extensions ['cmake', 'python']
[0.184s] Level 1:colcon.colcon_core.package_identification:_identify(src/f1tenth_system) by extension 'cmake'
[0.184s] Level 1:colcon.colcon_core.package_identification:_identify(src/f1tenth_system) by extension 'python'
[0.184s] Level 1:colcon.colcon_core.package_identification:_identify(src/f1tenth_system) by extensions ['python_setup_py']
[0.184s] Level 1:colcon.colcon_core.package_identification:_identify(src/f1tenth_system) by extension 'python_setup_py'
[0.184s] Level 1:colcon.colcon_core.package_identification:_identify(src/f1tenth_system/ackermann_mux) by extensions ['ignore', 'ignore_ament_install']
[0.184s] Level 1:colcon.colcon_core.package_identification:_identify(src/f1tenth_system/ackermann_mux) by extension 'ignore'
[0.184s] Level 1:colcon.colcon_core.package_identification:_identify(src/f1tenth_system/ackermann_mux) by extension 'ignore_ament_install'
[0.184s] Level 1:colcon.colcon_core.package_identification:_identify(src/f1tenth_system/ackermann_mux) by extensions ['colcon_pkg']
[0.184s] Level 1:colcon.colcon_core.package_identification:_identify(src/f1tenth_system/ackermann_mux) by extension 'colcon_pkg'
[0.184s] Level 1:colcon.colcon_core.package_identification:_identify(src/f1tenth_system/ackermann_mux) by extensions ['colcon_meta']
[0.184s] Level 1:colcon.colcon_core.package_identification:_identify(src/f1tenth_system/ackermann_mux) by extension 'colcon_meta'
[0.184s] Level 1:colcon.colcon_core.package_identification:_identify(src/f1tenth_system/ackermann_mux) by extensions ['ros']
[0.184s] Level 1:colcon.colcon_core.package_identification:_identify(src/f1tenth_system/ackermann_mux) by extension 'ros'
[0.185s] DEBUG:colcon.colcon_core.package_identification:Package 'src/f1tenth_system/ackermann_mux' with type 'ros.ament_cmake' and name 'ackermann_mux'
[0.185s] Level 1:colcon.colcon_core.package_identification:_identify(src/f1tenth_system/f1tenth_stack) by extensions ['ignore', 'ignore_ament_install']
[0.185s] Level 1:colcon.colcon_core.package_identification:_identify(src/f1tenth_system/f1tenth_stack) by extension 'ignore'
[0.185s] Level 1:colcon.colcon_core.package_identification:_identify(src/f1tenth_system/f1tenth_stack) by extension 'ignore_ament_install'
[0.185s] Level 1:colcon.colcon_core.package_identification:_identify(src/f1tenth_system/f1tenth_stack) by extensions ['colcon_pkg']
[0.185s] Level 1:colcon.colcon_core.package_identification:_identify(src/f1tenth_system/f1tenth_stack) by extension 'colcon_pkg'
[0.185s] Level 1:colcon.colcon_core.package_identification:_identify(src/f1tenth_system/f1tenth_stack) by extensions ['colcon_meta']
[0.185s] Level 1:colcon.colcon_core.package_identification:_identify(src/f1tenth_system/f1tenth_stack) by extension 'colcon_meta'
[0.185s] Level 1:colcon.colcon_core.package_identification:_identify(src/f1tenth_system/f1tenth_stack) by extensions ['ros']
[0.185s] Level 1:colcon.colcon_core.package_identification:_identify(src/f1tenth_system/f1tenth_stack) by extension 'ros'
[0.186s] DEBUG:colcon.colcon_core.package_identification:Package 'src/f1tenth_system/f1tenth_stack' with type 'ros.ament_python' and name 'f1tenth_stack'
[0.186s] Level 1:colcon.colcon_core.package_discovery:discover_packages(recursive) using defaults
[0.186s] Level 1:colcon.colcon_core.package_discovery:discover_packages(ignore) discover
[0.186s] Level 1:colcon.colcon_core.package_discovery:discover_packages(ignore) using defaults
[0.186s] Level 1:colcon.colcon_core.package_discovery:discover_packages(path) discover
[0.186s] Level 1:colcon.colcon_core.package_discovery:discover_packages(path) using defaults
[0.205s] Level 1:colcon.colcon_core.package_discovery:discover_packages(prefix_path) check parameters
[0.205s] Level 1:colcon.colcon_core.package_discovery:discover_packages(prefix_path) discover
[0.207s] DEBUG:colcon.colcon_installed_package_information.package_discovery:Found 5 installed packages in /home/orin/Desktop/roboracer-purdue/Meghaj_roboracer_ws/install
[0.208s] DEBUG:colcon.colcon_installed_package_information.package_discovery:Found 284 installed packages in /opt/ros/humble
[0.208s] Level 1:colcon.colcon_core.package_discovery:discover_packages(prefix_path) using defaults
[0.229s] Level 5:colcon.colcon_core.verb:set package 'ackermann_mux' build argument 'cmake_args' from command line to 'None'
[0.229s] Level 5:colcon.colcon_core.verb:set package 'ackermann_mux' build argument 'cmake_target' from command line to 'None'
[0.229s] Level 5:colcon.colcon_core.verb:set package 'ackermann_mux' build argument 'cmake_target_skip_unavailable' from command line to 'False'
[0.229s] Level 5:colcon.colcon_core.verb:set package 'ackermann_mux' build argument 'cmake_clean_cache' from command line to 'False'
[0.229s] Level 5:colcon.colcon_core.verb:set package 'ackermann_mux' build argument 'cmake_clean_first' from command line to 'False'
[0.229s] Level 5:colcon.colcon_core.verb:set package 'ackermann_mux' build argument 'cmake_force_configure' from command line to 'False'
[0.229s] Level 5:colcon.colcon_core.verb:set package 'ackermann_mux' build argument 'ament_cmake_args' from command line to 'None'
[0.229s] Level 5:colcon.colcon_core.verb:set package 'ackermann_mux' build argument 'catkin_cmake_args' from command line to 'None'
[0.229s] Level 5:colcon.colcon_core.verb:set package 'ackermann_mux' build argument 'catkin_skip_building_tests' from command line to 'False'
[0.229s] DEBUG:colcon.colcon_core.verb:Building package 'ackermann_mux' with the following arguments: {'ament_cmake_args': None, 'build_base': '/home/orin/Desktop/roboracer_ws/build/ackermann_mux', 'catkin_cmake_args': None, 'catkin_skip_building_tests': False, 'cmake_args': None, 'cmake_clean_cache': False, 'cmake_clean_first': False, 'cmake_force_configure': False, 'cmake_target': None, 'cmake_target_skip_unavailable': False, 'install_base': '/home/orin/Desktop/roboracer_ws/install/ackermann_mux', 'merge_install': False, 'path': '/home/orin/Desktop/roboracer_ws/src/f1tenth_system/ackermann_mux', 'symlink_install': False, 'test_result_base': None}
[0.229s] Level 5:colcon.colcon_core.verb:set package 'f1tenth_gym_ros' build argument 'cmake_args' from command line to 'None'
[0.229s] Level 5:colcon.colcon_core.verb:set package 'f1tenth_gym_ros' build argument 'cmake_target' from command line to 'None'
[0.229s] Level 5:colcon.colcon_core.verb:set package 'f1tenth_gym_ros' build argument 'cmake_target_skip_unavailable' from command line to 'False'
[0.229s] Level 5:colcon.colcon_core.verb:set package 'f1tenth_gym_ros' build argument 'cmake_clean_cache' from command line to 'False'
[0.229s] Level 5:colcon.colcon_core.verb:set package 'f1tenth_gym_ros' build argument 'cmake_clean_first' from command line to 'False'
[0.229s] Level 5:colcon.colcon_core.verb:set package 'f1tenth_gym_ros' build argument 'cmake_force_configure' from command line to 'False'
[0.229s] Level 5:colcon.colcon_core.verb:set package 'f1tenth_gym_ros' build argument 'ament_cmake_args' from command line to 'None'
[0.229s] Level 5:colcon.colcon_core.verb:set package 'f1tenth_gym_ros' build argument 'catkin_cmake_args' from command line to 'None'
[0.229s] Level 5:colcon.colcon_core.verb:set package 'f1tenth_gym_ros' build argument 'catkin_skip_building_tests' from command line to 'False'
[0.229s] DEBUG:colcon.colcon_core.verb:Building package 'f1tenth_gym_ros' with the following arguments: {'ament_cmake_args': None, 'build_base': '/home/orin/Desktop/roboracer_ws/build/f1tenth_gym_ros', 'catkin_cmake_args': None, 'catkin_skip_building_tests': False, 'cmake_args': None, 'cmake_clean_cache': False, 'cmake_clean_first': False, 'cmake_force_configure': False, 'cmake_target': None, 'cmake_target_skip_unavailable': False, 'install_base': '/home/orin/Desktop/roboracer_ws/install/f1tenth_gym_ros', 'merge_install': False, 'path': '/home/orin/Desktop/roboracer_ws/src/f1tenth_gym_ros', 'symlink_install': False, 'test_result_base': None}
[0.230s] Level 5:colcon.colcon_core.verb:set package 'my_cpp_py_pkg' build argument 'cmake_args' from command line to 'None'
[0.230s] Level 5:colcon.colcon_core.verb:set package 'my_cpp_py_pkg' build argument 'cmake_target' from command line to 'None'
[0.230s] Level 5:colcon.colcon_core.verb:set package 'my_cpp_py_pkg' build argument 'cmake_target_skip_unavailable' from command line to 'False'
[0.230s] Level 5:colcon.colcon_core.verb:set package 'my_cpp_py_pkg' build argument 'cmake_clean_cache' from command line to 'False'
[0.230s] Level 5:colcon.colcon_core.verb:set package 'my_cpp_py_pkg' build argument 'cmake_clean_first' from command line to 'False'
[0.230s] Level 5:colcon.colcon_core.verb:set package 'my_cpp_py_pkg' build argument 'cmake_force_configure' from command line to 'False'
[0.230s] Level 5:colcon.colcon_core.verb:set package 'my_cpp_py_pkg' build argument 'ament_cmake_args' from command line to 'None'
[0.230s] Level 5:colcon.colcon_core.verb:set package 'my_cpp_py_pkg' build argument 'catkin_cmake_args' from command line to 'None'
[0.230s] Level 5:colcon.colcon_core.verb:set package 'my_cpp_py_pkg' build argument 'catkin_skip_building_tests' from command line to 'False'
[0.230s] DEBUG:colcon.colcon_core.verb:Building package 'my_cpp_py_pkg' with the following arguments: {'ament_cmake_args': None, 'build_base': '/home/orin/Desktop/roboracer_ws/build/my_cpp_py_pkg', 'catkin_cmake_args': None, 'catkin_skip_building_tests': False, 'cmake_args': None, 'cmake_clean_cache': False, 'cmake_clean_first': False, 'cmake_force_configure': False, 'cmake_target': None, 'cmake_target_skip_unavailable': False, 'install_base': '/home/orin/Desktop/roboracer_ws/install/my_cpp_py_pkg', 'merge_install': False, 'path': '/home/orin/Desktop/roboracer_ws/lab1_ws/src/my_cpp_py_pkg', 'symlink_install': False, 'test_result_base': None}
[0.230s] Level 5:colcon.colcon_core.verb:set package 'f1tenth_stack' build argument 'cmake_args' from command line to 'None'
[0.230s] Level 5:colcon.colcon_core.verb:set package 'f1tenth_stack' build argument 'cmake_target' from command line to 'None'
[0.230s] Level 5:colcon.colcon_core.verb:set package 'f1tenth_stack' build argument 'cmake_target_skip_unavailable' from command line to 'False'
[0.230s] Level 5:colcon.colcon_core.verb:set package 'f1tenth_stack' build argument 'cmake_clean_cache' from command line to 'False'
[0.230s] Level 5:colcon.colcon_core.verb:set package 'f1tenth_stack' build argument 'cmake_clean_first' from command line to 'False'
[0.230s] Level 5:colcon.colcon_core.verb:set package 'f1tenth_stack' build argument 'cmake_force_configure' from command line to 'False'
[0.230s] Level 5:colcon.colcon_core.verb:set package 'f1tenth_stack' build argument 'ament_cmake_args' from command line to 'None'
[0.230s] Level 5:colcon.colcon_core.verb:set package 'f1tenth_stack' build argument 'catkin_cmake_args' from command line to 'None'
[0.230s] Level 5:colcon.colcon_core.verb:set package 'f1tenth_stack' build argument 'catkin_skip_building_tests' from command line to 'False'
[0.230s] DEBUG:colcon.colcon_core.verb:Building package 'f1tenth_stack' with the following arguments: {'ament_cmake_args': None, 'build_base': '/home/orin/Desktop/roboracer_ws/build/f1tenth_stack', 'catkin_cmake_args': None, 'catkin_skip_building_tests': False, 'cmake_args': None, 'cmake_clean_cache': False, 'cmake_clean_first': False, 'cmake_force_configure': False, 'cmake_target': None, 'cmake_target_skip_unavailable': False, 'install_base': '/home/orin/Desktop/roboracer_ws/install/f1tenth_stack', 'merge_install': False, 'path': '/home/orin/Desktop/roboracer_ws/src/f1tenth_system/f1tenth_stack', 'symlink_install': False, 'test_result_base': None}
[0.230s] INFO:colcon.colcon_core.executor:Executing jobs using 'parallel' executor
[0.230s] DEBUG:colcon.colcon_parallel_executor.executor.parallel:run_until_complete
[0.231s] INFO:colcon.colcon_ros.task.ament_cmake.build:Building ROS package in '/home/orin/Desktop/roboracer_ws/src/f1tenth_system/ackermann_mux' with build type 'ament_cmake'
[0.231s] INFO:colcon.colcon_cmake.task.cmake.build:Building CMake package in '/home/orin/Desktop/roboracer_ws/src/f1tenth_system/ackermann_mux'
[0.232s] INFO:colcon.colcon_core.plugin_system:Skipping extension 'colcon_core.shell.bat': Not used on non-Windows systems
[0.233s] INFO:colcon.colcon_core.shell:Skip shell extension 'powershell' for command environment: Not usable outside of PowerShell
[0.233s] DEBUG:colcon.colcon_core.shell:Skip shell extension 'dsv' for command environment
[0.234s] INFO:colcon.colcon_ros.task.ament_python.build:Building ROS package in '/home/orin/Desktop/roboracer_ws/src/f1tenth_gym_ros' with build type 'ament_python'
[0.235s] Level 1:colcon.colcon_core.shell:create_environment_hook('f1tenth_gym_ros', 'ament_prefix_path')
[0.235s] INFO:colcon.colcon_core.shell:Creating environment hook '/home/orin/Desktop/roboracer_ws/install/f1tenth_gym_ros/share/f1tenth_gym_ros/hook/ament_prefix_path.ps1'
[0.235s] INFO:colcon.colcon_core.shell:Creating environment descriptor '/home/orin/Desktop/roboracer_ws/install/f1tenth_gym_ros/share/f1tenth_gym_ros/hook/ament_prefix_path.dsv'
[0.235s] INFO:colcon.colcon_core.shell:Creating environment hook '/home/orin/Desktop/roboracer_ws/install/f1tenth_gym_ros/share/f1tenth_gym_ros/hook/ament_prefix_path.sh'
[0.236s] INFO:colcon.colcon_core.shell:Skip shell extension 'powershell' for command environment: Not usable outside of PowerShell
[0.236s] DEBUG:colcon.colcon_core.shell:Skip shell extension 'dsv' for command environment
[0.238s] DEBUG:colcon.colcon_core.event_handler.log_command:Invoking command in '/home/orin/Desktop/roboracer_ws/build/ackermann_mux': CMAKE_PREFIX_PATH=${CMAKE_PREFIX_PATH}:/home/orin/Desktop/roboracer-purdue/Meghaj_roboracer_ws/install/f1tenth_stack:/home/orin/Desktop/roboracer-purdue/Meghaj_roboracer_ws/install/f1tenth_gym_ros:/opt/ros/humble /usr/bin/cmake /home/orin/Desktop/roboracer_ws/src/f1tenth_system/ackermann_mux -DCMAKE_INSTALL_PREFIX=/home/orin/Desktop/roboracer_ws/install/ackermann_mux
[0.400s] INFO:colcon.colcon_core.task.python.build:Building Python package in '/home/orin/Desktop/roboracer_ws/src/f1tenth_gym_ros'
[0.400s] INFO:colcon.colcon_core.shell:Skip shell extension 'powershell' for command environment: Not usable outside of PowerShell
[0.400s] DEBUG:colcon.colcon_core.shell:Skip shell extension 'dsv' for command environment
[0.624s] DEBUG:colcon.colcon_core.event_handler.log_command:Invoking command in '/home/orin/Desktop/roboracer_ws/src/f1tenth_gym_ros': PYTHONPATH=/home/orin/Desktop/roboracer_ws/build/f1tenth_gym_ros/prefix_override:/usr/lib/python3/dist-packages/colcon_core/task/python/colcon_distutils_commands:/home/orin/Desktop/roboracer_ws/install/f1tenth_gym_ros/lib/python3.10/site-packages:${PYTHONPATH} /usr/bin/python3 -W ignore:setup.py install is deprecated -W ignore:easy_install command is deprecated setup.py egg_info --egg-base ../../build/f1tenth_gym_ros build --build-base /home/orin/Desktop/roboracer_ws/build/f1tenth_gym_ros/build install --record /home/orin/Desktop/roboracer_ws/build/f1tenth_gym_ros/install.log --single-version-externally-managed install_data
[0.790s] DEBUG:colcon.colcon_core.event_handler.log_command:Invoked command in '/home/orin/Desktop/roboracer_ws/src/f1tenth_gym_ros' returned '0': PYTHONPATH=/home/orin/Desktop/roboracer_ws/build/f1tenth_gym_ros/prefix_override:/usr/lib/python3/dist-packages/colcon_core/task/python/colcon_distutils_commands:/home/orin/Desktop/roboracer_ws/install/f1tenth_gym_ros/lib/python3.10/site-packages:${PYTHONPATH} /usr/bin/python3 -W ignore:setup.py install is deprecated -W ignore:easy_install command is deprecated setup.py egg_info --egg-base ../../build/f1tenth_gym_ros build --build-base /home/orin/Desktop/roboracer_ws/build/f1tenth_gym_ros/build install --record /home/orin/Desktop/roboracer_ws/build/f1tenth_gym_ros/install.log --single-version-externally-managed install_data
[0.794s] Level 1:colcon.colcon_core.environment:checking '/home/orin/Desktop/roboracer_ws/install/f1tenth_gym_ros' for CMake module files
[0.794s] Level 1:colcon.colcon_core.environment:checking '/home/orin/Desktop/roboracer_ws/install/f1tenth_gym_ros' for CMake config files
[0.794s] Level 1:colcon.colcon_core.environment:checking '/home/orin/Desktop/roboracer_ws/install/f1tenth_gym_ros/lib'
[0.794s] Level 1:colcon.colcon_core.environment:checking '/home/orin/Desktop/roboracer_ws/install/f1tenth_gym_ros/bin'
[0.794s] Level 1:colcon.colcon_core.environment:checking '/home/orin/Desktop/roboracer_ws/install/f1tenth_gym_ros/lib/pkgconfig/f1tenth_gym_ros.pc'
[0.795s] Level 1:colcon.colcon_core.environment:checking '/home/orin/Desktop/roboracer_ws/install/f1tenth_gym_ros/lib/python3.10/site-packages'
[0.795s] Level 1:colcon.colcon_core.shell:create_environment_hook('f1tenth_gym_ros', 'pythonpath')
[0.795s] INFO:colcon.colcon_core.shell:Creating environment hook '/home/orin/Desktop/roboracer_ws/install/f1tenth_gym_ros/share/f1tenth_gym_ros/hook/pythonpath.ps1'
[0.795s] INFO:colcon.colcon_core.shell:Creating environment descriptor '/home/orin/Desktop/roboracer_ws/install/f1tenth_gym_ros/share/f1tenth_gym_ros/hook/pythonpath.dsv'
[0.795s] INFO:colcon.colcon_core.shell:Creating environment hook '/home/orin/Desktop/roboracer_ws/install/f1tenth_gym_ros/share/f1tenth_gym_ros/hook/pythonpath.sh'
[0.795s] Level 1:colcon.colcon_core.environment:checking '/home/orin/Desktop/roboracer_ws/install/f1tenth_gym_ros/bin'
[0.796s] Level 1:colcon.colcon_core.environment:create_environment_scripts_only(f1tenth_gym_ros)
[0.796s] INFO:colcon.colcon_core.shell:Creating package script '/home/orin/Desktop/roboracer_ws/install/f1tenth_gym_ros/share/f1tenth_gym_ros/package.ps1'
[0.796s] INFO:colcon.colcon_core.shell:Creating package descriptor '/home/orin/Desktop/roboracer_ws/install/f1tenth_gym_ros/share/f1tenth_gym_ros/package.dsv'
[0.796s] INFO:colcon.colcon_core.shell:Creating package script '/home/orin/Desktop/roboracer_ws/install/f1tenth_gym_ros/share/f1tenth_gym_ros/package.sh'
[0.797s] INFO:colcon.colcon_core.shell:Creating package script '/home/orin/Desktop/roboracer_ws/install/f1tenth_gym_ros/share/f1tenth_gym_ros/package.bash'
[0.797s] INFO:colcon.colcon_core.shell:Creating package script '/home/orin/Desktop/roboracer_ws/install/f1tenth_gym_ros/share/f1tenth_gym_ros/package.zsh'
[0.797s] Level 1:colcon.colcon_core.environment:create_file_with_runtime_dependencies(/home/orin/Desktop/roboracer_ws/install/f1tenth_gym_ros/share/colcon-core/packages/f1tenth_gym_ros)
[0.798s] INFO:colcon.colcon_ros.task.ament_cmake.build:Building ROS package in '/home/orin/Desktop/roboracer_ws/lab1_ws/src/my_cpp_py_pkg' with build type 'ament_cmake'
[0.798s] INFO:colcon.colcon_cmake.task.cmake.build:Building CMake package in '/home/orin/Desktop/roboracer_ws/lab1_ws/src/my_cpp_py_pkg'
[0.798s] INFO:colcon.colcon_core.shell:Skip shell extension 'powershell' for command environment: Not usable outside of PowerShell
[0.798s] DEBUG:colcon.colcon_core.shell:Skip shell extension 'dsv' for command environment
[0.803s] DEBUG:colcon.colcon_core.event_handler.log_command:Invoking command in '/home/orin/Desktop/roboracer_ws/build/my_cpp_py_pkg': CMAKE_PREFIX_PATH=${CMAKE_PREFIX_PATH}:/home/orin/Desktop/roboracer-purdue/Meghaj_roboracer_ws/install/f1tenth_stack:/home/orin/Desktop/roboracer-purdue/Meghaj_roboracer_ws/install/f1tenth_gym_ros:/opt/ros/humble /usr/bin/cmake /home/orin/Desktop/roboracer_ws/lab1_ws/src/my_cpp_py_pkg -DCMAKE_INSTALL_PREFIX=/home/orin/Desktop/roboracer_ws/install/my_cpp_py_pkg
[1.211s] DEBUG:colcon.colcon_core.event_handler.log_command:Invoked command in '/home/orin/Desktop/roboracer_ws/build/ackermann_mux' returned '0': CMAKE_PREFIX_PATH=${CMAKE_PREFIX_PATH}:/home/orin/Desktop/roboracer-purdue/Meghaj_roboracer_ws/install/f1tenth_stack:/home/orin/Desktop/roboracer-purdue/Meghaj_roboracer_ws/install/f1tenth_gym_ros:/opt/ros/humble /usr/bin/cmake /home/orin/Desktop/roboracer_ws/src/f1tenth_system/ackermann_mux -DCMAKE_INSTALL_PREFIX=/home/orin/Desktop/roboracer_ws/install/ackermann_mux
[1.211s] DEBUG:colcon.colcon_core.event_handler.log_command:Invoking command in '/home/orin/Desktop/roboracer_ws/build/ackermann_mux': CMAKE_PREFIX_PATH=${CMAKE_PREFIX_PATH}:/home/orin/Desktop/roboracer-purdue/Meghaj_roboracer_ws/install/f1tenth_stack:/home/orin/Desktop/roboracer-purdue/Meghaj_roboracer_ws/install/f1tenth_gym_ros:/opt/ros/humble /usr/bin/cmake --build /home/orin/Desktop/roboracer_ws/build/ackermann_mux -- -j2 -l2
[1.659s] DEBUG:colcon.colcon_core.event_handler.log_command:Invoked command in '/home/orin/Desktop/roboracer_ws/build/my_cpp_py_pkg' returned '0': CMAKE_PREFIX_PATH=${CMAKE_PREFIX_PATH}:/home/orin/Desktop/roboracer-purdue/Meghaj_roboracer_ws/install/f1tenth_stack:/home/orin/Desktop/roboracer-purdue/Meghaj_roboracer_ws/install/f1tenth_gym_ros:/opt/ros/humble /usr/bin/cmake /home/orin/Desktop/roboracer_ws/lab1_ws/src/my_cpp_py_pkg -DCMAKE_INSTALL_PREFIX=/home/orin/Desktop/roboracer_ws/install/my_cpp_py_pkg
[1.659s] DEBUG:colcon.colcon_core.event_handler.log_command:Invoking command in '/home/orin/Desktop/roboracer_ws/build/my_cpp_py_pkg': CMAKE_PREFIX_PATH=${CMAKE_PREFIX_PATH}:/home/orin/Desktop/roboracer-purdue/Meghaj_roboracer_ws/install/f1tenth_stack:/home/orin/Desktop/roboracer-purdue/Meghaj_roboracer_ws/install/f1tenth_gym_ros:/opt/ros/humble /usr/bin/cmake --build /home/orin/Desktop/roboracer_ws/build/my_cpp_py_pkg -- -j2 -l2
[4.642s] DEBUG:colcon.colcon_core.event_handler.log_command:Invoked command in '/home/orin/Desktop/roboracer_ws/build/my_cpp_py_pkg' returned '0': CMAKE_PREFIX_PATH=${CMAKE_PREFIX_PATH}:/home/orin/Desktop/roboracer-purdue/Meghaj_roboracer_ws/install/f1tenth_stack:/home/orin/Desktop/roboracer-purdue/Meghaj_roboracer_ws/install/f1tenth_gym_ros:/opt/ros/humble /usr/bin/cmake --build /home/orin/Desktop/roboracer_ws/build/my_cpp_py_pkg -- -j2 -l2
[4.691s] DEBUG:colcon.colcon_core.event_handler.log_command:Invoking command in '/home/orin/Desktop/roboracer_ws/build/my_cpp_py_pkg': CMAKE_PREFIX_PATH=${CMAKE_PREFIX_PATH}:/home/orin/Desktop/roboracer-purdue/Meghaj_roboracer_ws/install/f1tenth_stack:/home/orin/Desktop/roboracer-purdue/Meghaj_roboracer_ws/install/f1tenth_gym_ros:/opt/ros/humble /usr/bin/cmake --install /home/orin/Desktop/roboracer_ws/build/my_cpp_py_pkg
[4.760s] Level 1:colcon.colcon_core.environment:create_environment_scripts_only(my_cpp_py_pkg)
[4.766s] DEBUG:colcon.colcon_core.event_handler.log_command:Invoked command in '/home/orin/Desktop/roboracer_ws/build/my_cpp_py_pkg' returned '0': CMAKE_PREFIX_PATH=${CMAKE_PREFIX_PATH}:/home/orin/Desktop/roboracer-purdue/Meghaj_roboracer_ws/install/f1tenth_stack:/home/orin/Desktop/roboracer-purdue/Meghaj_roboracer_ws/install/f1tenth_gym_ros:/opt/ros/humble /usr/bin/cmake --install /home/orin/Desktop/roboracer_ws/build/my_cpp_py_pkg
[4.770s] Level 1:colcon.colcon_core.environment:checking '/home/orin/Desktop/roboracer_ws/install/my_cpp_py_pkg' for CMake module files
[4.771s] Level 1:colcon.colcon_core.environment:checking '/home/orin/Desktop/roboracer_ws/install/my_cpp_py_pkg' for CMake config files
[4.772s] Level 1:colcon.colcon_core.shell:create_environment_hook('my_cpp_py_pkg', 'cmake_prefix_path')
[4.774s] INFO:colcon.colcon_core.shell:Creating environment hook '/home/orin/Desktop/roboracer_ws/install/my_cpp_py_pkg/share/my_cpp_py_pkg/hook/cmake_prefix_path.ps1'
[4.779s] INFO:colcon.colcon_core.shell:Creating environment descriptor '/home/orin/Desktop/roboracer_ws/install/my_cpp_py_pkg/share/my_cpp_py_pkg/hook/cmake_prefix_path.dsv'
[4.780s] INFO:colcon.colcon_core.shell:Creating environment hook '/home/orin/Desktop/roboracer_ws/install/my_cpp_py_pkg/share/my_cpp_py_pkg/hook/cmake_prefix_path.sh'
[4.782s] Level 1:colcon.colcon_core.environment:checking '/home/orin/Desktop/roboracer_ws/install/my_cpp_py_pkg/lib'
[4.782s] Level 1:colcon.colcon_core.environment:checking '/home/orin/Desktop/roboracer_ws/install/my_cpp_py_pkg/bin'
[4.783s] Level 1:colcon.colcon_core.environment:checking '/home/orin/Desktop/roboracer_ws/install/my_cpp_py_pkg/lib/pkgconfig/my_cpp_py_pkg.pc'
[4.785s] Level 1:colcon.colcon_core.environment:checking '/home/orin/Desktop/roboracer_ws/install/my_cpp_py_pkg/lib/python3.10/site-packages'
[4.786s] Level 1:colcon.colcon_core.environment:checking '/home/orin/Desktop/roboracer_ws/install/my_cpp_py_pkg/bin'
[4.786s] INFO:colcon.colcon_core.shell:Creating package script '/home/orin/Desktop/roboracer_ws/install/my_cpp_py_pkg/share/my_cpp_py_pkg/package.ps1'
[4.787s] INFO:colcon.colcon_core.shell:Creating package descriptor '/home/orin/Desktop/roboracer_ws/install/my_cpp_py_pkg/share/my_cpp_py_pkg/package.dsv'
[4.787s] INFO:colcon.colcon_core.shell:Creating package script '/home/orin/Desktop/roboracer_ws/install/my_cpp_py_pkg/share/my_cpp_py_pkg/package.sh'
[4.788s] INFO:colcon.colcon_core.shell:Creating package script '/home/orin/Desktop/roboracer_ws/install/my_cpp_py_pkg/share/my_cpp_py_pkg/package.bash'
[4.789s] INFO:colcon.colcon_core.shell:Creating package script '/home/orin/Desktop/roboracer_ws/install/my_cpp_py_pkg/share/my_cpp_py_pkg/package.zsh'
[4.790s] Level 1:colcon.colcon_core.environment:create_file_with_runtime_dependencies(/home/orin/Desktop/roboracer_ws/install/my_cpp_py_pkg/share/colcon-core/packages/my_cpp_py_pkg)
[4.790s] Level 1:colcon.colcon_core.environment:create_environment_scripts_only(my_cpp_py_pkg)
[4.791s] Level 1:colcon.colcon_core.environment:checking '/home/orin/Desktop/roboracer_ws/install/my_cpp_py_pkg' for CMake module files
[4.791s] Level 1:colcon.colcon_core.environment:checking '/home/orin/Desktop/roboracer_ws/install/my_cpp_py_pkg' for CMake config files
[4.791s] Level 1:colcon.colcon_core.shell:create_environment_hook('my_cpp_py_pkg', 'cmake_prefix_path')
[4.791s] INFO:colcon.colcon_core.shell:Creating environment hook '/home/orin/Desktop/roboracer_ws/install/my_cpp_py_pkg/share/my_cpp_py_pkg/hook/cmake_prefix_path.ps1'
[4.791s] INFO:colcon.colcon_core.shell:Creating environment descriptor '/home/orin/Desktop/roboracer_ws/install/my_cpp_py_pkg/share/my_cpp_py_pkg/hook/cmake_prefix_path.dsv'
[4.792s] INFO:colcon.colcon_core.shell:Creating environment hook '/home/orin/Desktop/roboracer_ws/install/my_cpp_py_pkg/share/my_cpp_py_pkg/hook/cmake_prefix_path.sh'
[4.792s] Level 1:colcon.colcon_core.environment:checking '/home/orin/Desktop/roboracer_ws/install/my_cpp_py_pkg/lib'
[4.792s] Level 1:colcon.colcon_core.environment:checking '/home/orin/Desktop/roboracer_ws/install/my_cpp_py_pkg/bin'
[4.792s] Level 1:colcon.colcon_core.environment:checking '/home/orin/Desktop/roboracer_ws/install/my_cpp_py_pkg/lib/pkgconfig/my_cpp_py_pkg.pc'
[4.792s] Level 1:colcon.colcon_core.environment:checking '/home/orin/Desktop/roboracer_ws/install/my_cpp_py_pkg/lib/python3.10/site-packages'
[4.792s] Level 1:colcon.colcon_core.environment:checking '/home/orin/Desktop/roboracer_ws/install/my_cpp_py_pkg/bin'
[4.793s] INFO:colcon.colcon_core.shell:Creating package script '/home/orin/Desktop/roboracer_ws/install/my_cpp_py_pkg/share/my_cpp_py_pkg/package.ps1'
[4.793s] INFO:colcon.colcon_core.shell:Creating package descriptor '/home/orin/Desktop/roboracer_ws/install/my_cpp_py_pkg/share/my_cpp_py_pkg/package.dsv'
[4.793s] INFO:colcon.colcon_core.shell:Creating package script '/home/orin/Desktop/roboracer_ws/install/my_cpp_py_pkg/share/my_cpp_py_pkg/package.sh'
[4.793s] INFO:colcon.colcon_core.shell:Creating package script '/home/orin/Desktop/roboracer_ws/install/my_cpp_py_pkg/share/my_cpp_py_pkg/package.bash'
[4.794s] INFO:colcon.colcon_core.shell:Creating package script '/home/orin/Desktop/roboracer_ws/install/my_cpp_py_pkg/share/my_cpp_py_pkg/package.zsh'
[4.794s] Level 1:colcon.colcon_core.environment:create_file_with_runtime_dependencies(/home/orin/Desktop/roboracer_ws/install/my_cpp_py_pkg/share/colcon-core/packages/my_cpp_py_pkg)
[10.098s] DEBUG:colcon.colcon_core.event_handler.log_command:Invoked command in '/home/orin/Desktop/roboracer_ws/build/ackermann_mux' returned '0': CMAKE_PREFIX_PATH=${CMAKE_PREFIX_PATH}:/home/orin/Desktop/roboracer-purdue/Meghaj_roboracer_ws/install/f1tenth_stack:/home/orin/Desktop/roboracer-purdue/Meghaj_roboracer_ws/install/f1tenth_gym_ros:/opt/ros/humble /usr/bin/cmake --build /home/orin/Desktop/roboracer_ws/build/ackermann_mux -- -j2 -l2
[10.100s] DEBUG:colcon.colcon_core.event_handler.log_command:Invoking command in '/home/orin/Desktop/roboracer_ws/build/ackermann_mux': CMAKE_PREFIX_PATH=${CMAKE_PREFIX_PATH}:/home/orin/Desktop/roboracer-purdue/Meghaj_roboracer_ws/install/f1tenth_stack:/home/orin/Desktop/roboracer-purdue/Meghaj_roboracer_ws/install/f1tenth_gym_ros:/opt/ros/humble /usr/bin/cmake --install /home/orin/Desktop/roboracer_ws/build/ackermann_mux
[10.113s] Level 1:colcon.colcon_core.environment:create_environment_scripts_only(ackermann_mux)
[10.115s] Level 1:colcon.colcon_core.environment:checking '/home/orin/Desktop/roboracer_ws/install/ackermann_mux' for CMake module files
[10.115s] DEBUG:colcon.colcon_core.event_handler.log_command:Invoked command in '/home/orin/Desktop/roboracer_ws/build/ackermann_mux' returned '0': CMAKE_PREFIX_PATH=${CMAKE_PREFIX_PATH}:/home/orin/Desktop/roboracer-purdue/Meghaj_roboracer_ws/install/f1tenth_stack:/home/orin/Desktop/roboracer-purdue/Meghaj_roboracer_ws/install/f1tenth_gym_ros:/opt/ros/humble /usr/bin/cmake --install /home/orin/Desktop/roboracer_ws/build/ackermann_mux
[10.115s] Level 1:colcon.colcon_core.environment:checking '/home/orin/Desktop/roboracer_ws/install/ackermann_mux' for CMake config files
[10.115s] Level 1:colcon.colcon_core.shell:create_environment_hook('ackermann_mux', 'cmake_prefix_path')
[10.116s] INFO:colcon.colcon_core.shell:Creating environment hook '/home/orin/Desktop/roboracer_ws/install/ackermann_mux/share/ackermann_mux/hook/cmake_prefix_path.ps1'
[10.116s] INFO:colcon.colcon_core.shell:Creating environment descriptor '/home/orin/Desktop/roboracer_ws/install/ackermann_mux/share/ackermann_mux/hook/cmake_prefix_path.dsv'
[10.117s] INFO:colcon.colcon_core.shell:Creating environment hook '/home/orin/Desktop/roboracer_ws/install/ackermann_mux/share/ackermann_mux/hook/cmake_prefix_path.sh'
[10.117s] Level 1:colcon.colcon_core.environment:checking '/home/orin/Desktop/roboracer_ws/install/ackermann_mux/lib'
[10.117s] Level 1:colcon.colcon_core.environment:checking '/home/orin/Desktop/roboracer_ws/install/ackermann_mux/bin'
[10.117s] Level 1:colcon.colcon_core.environment:checking '/home/orin/Desktop/roboracer_ws/install/ackermann_mux/lib/pkgconfig/ackermann_mux.pc'
[10.118s] Level 1:colcon.colcon_core.environment:checking '/home/orin/Desktop/roboracer_ws/install/ackermann_mux/lib/python3.10/site-packages'
[10.118s] Level 1:colcon.colcon_core.environment:checking '/home/orin/Desktop/roboracer_ws/install/ackermann_mux/bin'
[10.118s] INFO:colcon.colcon_core.shell:Creating package script '/home/orin/Desktop/roboracer_ws/install/ackermann_mux/share/ackermann_mux/package.ps1'
[10.118s] INFO:colcon.colcon_core.shell:Creating package descriptor '/home/orin/Desktop/roboracer_ws/install/ackermann_mux/share/ackermann_mux/package.dsv'
[10.118s] INFO:colcon.colcon_core.shell:Creating package script '/home/orin/Desktop/roboracer_ws/install/ackermann_mux/share/ackermann_mux/package.sh'
[10.119s] INFO:colcon.colcon_core.shell:Creating package script '/home/orin/Desktop/roboracer_ws/install/ackermann_mux/share/ackermann_mux/package.bash'
[10.119s] INFO:colcon.colcon_core.shell:Creating package script '/home/orin/Desktop/roboracer_ws/install/ackermann_mux/share/ackermann_mux/package.zsh'
[10.119s] Level 1:colcon.colcon_core.environment:create_file_with_runtime_dependencies(/home/orin/Desktop/roboracer_ws/install/ackermann_mux/share/colcon-core/packages/ackermann_mux)
[10.120s] Level 1:colcon.colcon_core.environment:create_environment_scripts_only(ackermann_mux)
[10.120s] Level 1:colcon.colcon_core.environment:checking '/home/orin/Desktop/roboracer_ws/install/ackermann_mux' for CMake module files
[10.120s] Level 1:colcon.colcon_core.environment:checking '/home/orin/Desktop/roboracer_ws/install/ackermann_mux' for CMake config files
[10.120s] Level 1:colcon.colcon_core.shell:create_environment_hook('ackermann_mux', 'cmake_prefix_path')
[10.120s] INFO:colcon.colcon_core.shell:Creating environment hook '/home/orin/Desktop/roboracer_ws/install/ackermann_mux/share/ackermann_mux/hook/cmake_prefix_path.ps1'
[10.120s] INFO:colcon.colcon_core.shell:Creating environment descriptor '/home/orin/Desktop/roboracer_ws/install/ackermann_mux/share/ackermann_mux/hook/cmake_prefix_path.dsv'
[10.121s] INFO:colcon.colcon_core.shell:Creating environment hook '/home/orin/Desktop/roboracer_ws/install/ackermann_mux/share/ackermann_mux/hook/cmake_prefix_path.sh'
[10.121s] Level 1:colcon.colcon_core.environment:checking '/home/orin/Desktop/roboracer_ws/install/ackermann_mux/lib'
[10.121s] Level 1:colcon.colcon_core.environment:checking '/home/orin/Desktop/roboracer_ws/install/ackermann_mux/bin'
[10.121s] Level 1:colcon.colcon_core.environment:checking '/home/orin/Desktop/roboracer_ws/install/ackermann_mux/lib/pkgconfig/ackermann_mux.pc'
[10.121s] Level 1:colcon.colcon_core.environment:checking '/home/orin/Desktop/roboracer_ws/install/ackermann_mux/lib/python3.10/site-packages'
[10.121s] Level 1:colcon.colcon_core.environment:checking '/home/orin/Desktop/roboracer_ws/install/ackermann_mux/bin'
[10.122s] INFO:colcon.colcon_core.shell:Creating package script '/home/orin/Desktop/roboracer_ws/install/ackermann_mux/share/ackermann_mux/package.ps1'
[10.122s] INFO:colcon.colcon_core.shell:Creating package descriptor '/home/orin/Desktop/roboracer_ws/install/ackermann_mux/share/ackermann_mux/package.dsv'
[10.122s] INFO:colcon.colcon_core.shell:Creating package script '/home/orin/Desktop/roboracer_ws/install/ackermann_mux/share/ackermann_mux/package.sh'
[10.122s] INFO:colcon.colcon_core.shell:Creating package script '/home/orin/Desktop/roboracer_ws/install/ackermann_mux/share/ackermann_mux/package.bash'
[10.123s] INFO:colcon.colcon_core.shell:Creating package script '/home/orin/Desktop/roboracer_ws/install/ackermann_mux/share/ackermann_mux/package.zsh'
[10.123s] Level 1:colcon.colcon_core.environment:create_file_with_runtime_dependencies(/home/orin/Desktop/roboracer_ws/install/ackermann_mux/share/colcon-core/packages/ackermann_mux)
[10.125s] INFO:colcon.colcon_ros.task.ament_python.build:Building ROS package in '/home/orin/Desktop/roboracer_ws/src/f1tenth_system/f1tenth_stack' with build type 'ament_python'
[10.125s] Level 1:colcon.colcon_core.shell:create_environment_hook('f1tenth_stack', 'ament_prefix_path')
[10.125s] INFO:colcon.colcon_core.shell:Creating environment hook '/home/orin/Desktop/roboracer_ws/install/f1tenth_stack/share/f1tenth_stack/hook/ament_prefix_path.ps1'
[10.126s] INFO:colcon.colcon_core.shell:Creating environment descriptor '/home/orin/Desktop/roboracer_ws/install/f1tenth_stack/share/f1tenth_stack/hook/ament_prefix_path.dsv'
[10.126s] INFO:colcon.colcon_core.shell:Creating environment hook '/home/orin/Desktop/roboracer_ws/install/f1tenth_stack/share/f1tenth_stack/hook/ament_prefix_path.sh'
[10.126s] INFO:colcon.colcon_core.shell:Skip shell extension 'powershell' for command environment: Not usable outside of PowerShell
[10.126s] DEBUG:colcon.colcon_core.shell:Skip shell extension 'dsv' for command environment
[10.290s] INFO:colcon.colcon_core.task.python.build:Building Python package in '/home/orin/Desktop/roboracer_ws/src/f1tenth_system/f1tenth_stack'
[10.291s] INFO:colcon.colcon_core.shell:Skip shell extension 'powershell' for command environment: Not usable outside of PowerShell
[10.291s] DEBUG:colcon.colcon_core.shell:Skip shell extension 'dsv' for command environment
[10.510s] DEBUG:colcon.colcon_core.event_handler.log_command:Invoking command in '/home/orin/Desktop/roboracer_ws/src/f1tenth_system/f1tenth_stack': AMENT_PREFIX_PATH=/home/orin/Desktop/roboracer_ws/install/ackermann_mux:${AMENT_PREFIX_PATH} CMAKE_PREFIX_PATH=/home/orin/Desktop/roboracer_ws/install/ackermann_mux:${CMAKE_PREFIX_PATH} PYTHONPATH=/home/orin/Desktop/roboracer_ws/build/f1tenth_stack/prefix_override:/usr/lib/python3/dist-packages/colcon_core/task/python/colcon_distutils_commands:/home/orin/Desktop/roboracer_ws/install/f1tenth_stack/lib/python3.10/site-packages:${PYTHONPATH} /usr/bin/python3 -W ignore:setup.py install is deprecated -W ignore:easy_install command is deprecated setup.py egg_info --egg-base ../../../build/f1tenth_stack build --build-base /home/orin/Desktop/roboracer_ws/build/f1tenth_stack/build install --record /home/orin/Desktop/roboracer_ws/build/f1tenth_stack/install.log --install-scripts $base/lib/f1tenth_stack --single-version-externally-managed install_data
[10.667s] Level 1:colcon.colcon_core.environment:checking '/home/orin/Desktop/roboracer_ws/install/f1tenth_stack' for CMake module files
[10.668s] DEBUG:colcon.colcon_core.event_handler.log_command:Invoked command in '/home/orin/Desktop/roboracer_ws/src/f1tenth_system/f1tenth_stack' returned '0': AMENT_PREFIX_PATH=/home/orin/Desktop/roboracer_ws/install/ackermann_mux:${AMENT_PREFIX_PATH} CMAKE_PREFIX_PATH=/home/orin/Desktop/roboracer_ws/install/ackermann_mux:${CMAKE_PREFIX_PATH} PYTHONPATH=/home/orin/Desktop/roboracer_ws/build/f1tenth_stack/prefix_override:/usr/lib/python3/dist-packages/colcon_core/task/python/colcon_distutils_commands:/home/orin/Desktop/roboracer_ws/install/f1tenth_stack/lib/python3.10/site-packages:${PYTHONPATH} /usr/bin/python3 -W ignore:setup.py install is deprecated -W ignore:easy_install command is deprecated setup.py egg_info --egg-base ../../../build/f1tenth_stack build --build-base /home/orin/Desktop/roboracer_ws/build/f1tenth_stack/build install --record /home/orin/Desktop/roboracer_ws/build/f1tenth_stack/install.log --install-scripts $base/lib/f1tenth_stack --single-version-externally-managed install_data
[10.668s] Level 1:colcon.colcon_core.environment:checking '/home/orin/Desktop/roboracer_ws/install/f1tenth_stack' for CMake config files
[10.668s] Level 1:colcon.colcon_core.environment:checking '/home/orin/Desktop/roboracer_ws/install/f1tenth_stack/lib'
[10.668s] Level 1:colcon.colcon_core.environment:checking '/home/orin/Desktop/roboracer_ws/install/f1tenth_stack/bin'
[10.668s] Level 1:colcon.colcon_core.environment:checking '/home/orin/Desktop/roboracer_ws/install/f1tenth_stack/lib/pkgconfig/f1tenth_stack.pc'
[10.668s] Level 1:colcon.colcon_core.environment:checking '/home/orin/Desktop/roboracer_ws/install/f1tenth_stack/lib/python3.10/site-packages'
[10.669s] Level 1:colcon.colcon_core.shell:create_environment_hook('f1tenth_stack', 'pythonpath')
[10.669s] INFO:colcon.colcon_core.shell:Creating environment hook '/home/orin/Desktop/roboracer_ws/install/f1tenth_stack/share/f1tenth_stack/hook/pythonpath.ps1'
[10.669s] INFO:colcon.colcon_core.shell:Creating environment descriptor '/home/orin/Desktop/roboracer_ws/install/f1tenth_stack/share/f1tenth_stack/hook/pythonpath.dsv'
[10.669s] INFO:colcon.colcon_core.shell:Creating environment hook '/home/orin/Desktop/roboracer_ws/install/f1tenth_stack/share/f1tenth_stack/hook/pythonpath.sh'
[10.670s] Level 1:colcon.colcon_core.environment:checking '/home/orin/Desktop/roboracer_ws/install/f1tenth_stack/bin'
[10.670s] Level 1:colcon.colcon_core.environment:create_environment_scripts_only(f1tenth_stack)
[10.670s] INFO:colcon.colcon_core.shell:Creating package script '/home/orin/Desktop/roboracer_ws/install/f1tenth_stack/share/f1tenth_stack/package.ps1'
[10.670s] INFO:colcon.colcon_core.shell:Creating package descriptor '/home/orin/Desktop/roboracer_ws/install/f1tenth_stack/share/f1tenth_stack/package.dsv'
[10.670s] INFO:colcon.colcon_core.shell:Creating package script '/home/orin/Desktop/roboracer_ws/install/f1tenth_stack/share/f1tenth_stack/package.sh'
[10.670s] INFO:colcon.colcon_core.shell:Creating package script '/home/orin/Desktop/roboracer_ws/install/f1tenth_stack/share/f1tenth_stack/package.bash'
[10.671s] INFO:colcon.colcon_core.shell:Creating package script '/home/orin/Desktop/roboracer_ws/install/f1tenth_stack/share/f1tenth_stack/package.zsh'
[10.671s] Level 1:colcon.colcon_core.environment:create_file_with_runtime_dependencies(/home/orin/Desktop/roboracer_ws/install/f1tenth_stack/share/colcon-core/packages/f1tenth_stack)
[10.671s] DEBUG:colcon.colcon_parallel_executor.executor.parallel:closing loop
[10.672s] DEBUG:colcon.colcon_parallel_executor.executor.parallel:loop closed
[10.673s] DEBUG:colcon.colcon_parallel_executor.executor.parallel:run_until_complete finished with '0'
[10.673s] DEBUG:colcon.colcon_core.event_reactor:joining thread
[10.704s] INFO:colcon.colcon_core.plugin_system:Skipping extension 'colcon_notification.desktop_notification.terminal_notifier': Not used on non-Darwin systems
[10.704s] INFO:colcon.colcon_core.plugin_system:Skipping extension 'colcon_notification.desktop_notification.win32': Not used on non-Windows systems
[10.704s] INFO:colcon.colcon_notification.desktop_notification:Sending desktop notification using 'notify2'
[10.772s] DEBUG:colcon.colcon_core.event_reactor:joined thread
[10.773s] INFO:colcon.colcon_core.shell:Creating prefix script '/home/orin/Desktop/roboracer_ws/install/local_setup.ps1'
[10.774s] INFO:colcon.colcon_core.shell:Creating prefix util module '/home/orin/Desktop/roboracer_ws/install/_local_setup_util_ps1.py'
[10.775s] INFO:colcon.colcon_core.shell:Creating prefix chain script '/home/orin/Desktop/roboracer_ws/install/setup.ps1'
[10.776s] INFO:colcon.colcon_core.shell:Creating prefix script '/home/orin/Desktop/roboracer_ws/install/local_setup.sh'
[10.776s] INFO:colcon.colcon_core.shell:Creating prefix util module '/home/orin/Desktop/roboracer_ws/install/_local_setup_util_sh.py'
[10.777s] INFO:colcon.colcon_core.shell:Creating prefix chain script '/home/orin/Desktop/roboracer_ws/install/setup.sh'
[10.778s] INFO:colcon.colcon_core.shell:Creating prefix script '/home/orin/Desktop/roboracer_ws/install/local_setup.bash'
[10.778s] INFO:colcon.colcon_core.shell:Creating prefix chain script '/home/orin/Desktop/roboracer_ws/install/setup.bash'
[10.779s] INFO:colcon.colcon_core.shell:Creating prefix script '/home/orin/Desktop/roboracer_ws/install/local_setup.zsh'
[10.780s] INFO:colcon.colcon_core.shell:Creating prefix chain script '/home/orin/Desktop/roboracer_ws/install/setup.zsh'
