[0.012s] Invoking command in '/home/orin/Desktop/roboracer-purdue/Meghaj_roboracer_ws/build/my_cpp_py_pkg': CMAKE_PREFIX_PATH=/opt/ros/humble /usr/bin/cmake /home/orin/Desktop/roboracer-purdue/Meghaj_roboracer_ws/lab1_ws/src/my_cpp_py_pkg -DCMAKE_INSTALL_PREFIX=/home/orin/Desktop/roboracer-purdue/Meghaj_roboracer_ws/install/my_cpp_py_pkg
[0.058s] -- The C compiler identification is GNU 11.4.0
[0.137s] -- The CXX compiler identification is GNU 11.4.0
[0.148s] -- Detecting C compiler ABI info
[0.229s] -- Detecting C compiler ABI info - done
[0.234s] -- Check for working C compiler: /usr/bin/cc - skipped
[0.234s] -- Detecting C compile features
[0.237s] -- Detecting C compile features - done
[0.240s] -- Detecting CXX compiler ABI info
[0.402s] -- Detecting CXX compiler ABI info - done
[0.407s] -- Check for working CXX compiler: /usr/bin/c++ - skipped
[0.407s] -- Detecting CXX compile features
[0.407s] -- Detecting CXX compile features - done
[0.409s] -- Found ament_cmake: 1.3.13 (/opt/ros/humble/share/ament_cmake/cmake)
[0.504s] -- Found Python3: /usr/bin/python3 (found version "3.10.12") found components: Interpreter 
[0.557s] -- Found rclcpp: 16.0.18 (/opt/ros/humble/share/rclcpp/cmake)
[0.587s] -- Found rosidl_generator_c: 3.1.8 (/opt/ros/humble/share/rosidl_generator_c/cmake)
[0.590s] -- Found rosidl_adapter: 3.1.8 (/opt/ros/humble/share/rosidl_adapter/cmake)
[0.595s] -- Found rosidl_generator_cpp: 3.1.8 (/opt/ros/humble/share/rosidl_generator_cpp/cmake)
[0.602s] -- Using all available rosidl_typesupport_c: rosidl_typesupport_fastrtps_c;rosidl_typesupport_introspection_c
[0.612s] -- Using all available rosidl_typesupport_cpp: rosidl_typesupport_fastrtps_cpp;rosidl_typesupport_introspection_cpp
[0.643s] -- Found rmw_implementation_cmake: 6.1.2 (/opt/ros/humble/share/rmw_implementation_cmake/cmake)
[0.645s] -- Found rmw_fastrtps_cpp: 6.2.10 (/opt/ros/humble/share/rmw_fastrtps_cpp/cmake)
[0.690s] -- Found OpenSSL: /usr/lib/aarch64-linux-gnu/libcrypto.so (found version "3.0.2")  
[0.712s] -- Found FastRTPS: /opt/ros/humble/include  
[0.741s] -- Using RMW implementation 'rmw_fastrtps_cpp' as default
[0.746s] -- Looking for pthread.h
[0.907s] -- Looking for pthread.h - found
[0.908s] -- Performing Test CMAKE_HAVE_LIBC_PTHREAD
[1.089s] -- Performing Test CMAKE_HAVE_LIBC_PTHREAD - Success
[1.090s] -- Found Threads: TRUE  
[1.163s] -- Found rclpy: 3.3.20 (/opt/ros/humble/share/rclpy/cmake)
[1.164s] -- Found ackermann_msgs: 2.0.2 (/opt/ros/humble/share/ackermann_msgs/cmake)
[1.303s] -- Found ament_lint_auto: 0.12.15 (/opt/ros/humble/share/ament_lint_auto/cmake)
[1.405s] -- Added test 'cppcheck' to perform static code analysis on C / C++ code
[1.406s] -- Configured cppcheck include dirs: /home/orin/Desktop/roboracer-purdue/Meghaj_roboracer_ws/lab1_ws/src/my_cpp_py_pkg/include
[1.406s] -- Configured cppcheck exclude dirs and/or files: 
[1.406s] -- Added test 'flake8' to check Python code syntax and style conventions
[1.407s] -- Added test 'lint_cmake' to check CMake code style
[1.407s] -- Added test 'pep257' to check Python code against some of the docstring style conventions in PEP 257
[1.408s] -- Added test 'uncrustify' to check C / C++ code style
[1.408s] -- Configured uncrustify additional arguments: 
[1.408s] -- Added test 'xmllint' to check XML markup files
[1.409s] -- Configuring done
[1.424s] -- Generating done
[1.428s] -- Build files have been written to: /home/orin/Desktop/roboracer-purdue/Meghaj_roboracer_ws/build/my_cpp_py_pkg
[1.439s] Invoked command in '/home/orin/Desktop/roboracer-purdue/Meghaj_roboracer_ws/build/my_cpp_py_pkg' returned '0': CMAKE_PREFIX_PATH=/opt/ros/humble /usr/bin/cmake /home/orin/Desktop/roboracer-purdue/Meghaj_roboracer_ws/lab1_ws/src/my_cpp_py_pkg -DCMAKE_INSTALL_PREFIX=/home/orin/Desktop/roboracer-purdue/Meghaj_roboracer_ws/install/my_cpp_py_pkg
[1.439s] Invoking command in '/home/orin/Desktop/roboracer-purdue/Meghaj_roboracer_ws/build/my_cpp_py_pkg': CMAKE_PREFIX_PATH=/opt/ros/humble /usr/bin/cmake --build /home/orin/Desktop/roboracer-purdue/Meghaj_roboracer_ws/build/my_cpp_py_pkg -- -j2 -l2
[1.558s] [ 50%] [32mBuilding CXX object CMakeFiles/cpp_executable.dir/src/cpp_node.cpp.o[0m
[1.583s] [ 50%] Built target ament_cmake_python_copy_my_cpp_py_pkg
[1.925s] running egg_info
[1.926s] creating my_cpp_py_pkg.egg-info
[1.926s] writing my_cpp_py_pkg.egg-info/PKG-INFO
[1.926s] writing dependency_links to my_cpp_py_pkg.egg-info/dependency_links.txt
[1.926s] writing top-level names to my_cpp_py_pkg.egg-info/top_level.txt
[1.935s] writing manifest file 'my_cpp_py_pkg.egg-info/SOURCES.txt'
[1.936s] reading manifest file 'my_cpp_py_pkg.egg-info/SOURCES.txt'
[1.936s] writing manifest file 'my_cpp_py_pkg.egg-info/SOURCES.txt'
[2.019s] [ 50%] Built target ament_cmake_python_build_my_cpp_py_pkg_egg
[4.938s] [100%] [32m[1mLinking CXX executable cpp_executable[0m
[5.112s] [100%] Built target cpp_executable
[5.130s] Invoked command in '/home/orin/Desktop/roboracer-purdue/Meghaj_roboracer_ws/build/my_cpp_py_pkg' returned '0': CMAKE_PREFIX_PATH=/opt/ros/humble /usr/bin/cmake --build /home/orin/Desktop/roboracer-purdue/Meghaj_roboracer_ws/build/my_cpp_py_pkg -- -j2 -l2
[5.161s] Invoking command in '/home/orin/Desktop/roboracer-purdue/Meghaj_roboracer_ws/build/my_cpp_py_pkg': CMAKE_PREFIX_PATH=/opt/ros/humble /usr/bin/cmake --install /home/orin/Desktop/roboracer-purdue/Meghaj_roboracer_ws/build/my_cpp_py_pkg
[5.169s] -- Install configuration: ""
[5.170s] -- Installing: /home/orin/Desktop/roboracer-purdue/Meghaj_roboracer_ws/install/my_cpp_py_pkg/lib/my_cpp_py_pkg/cpp_executable
[5.170s] -- Set runtime path of "/home/orin/Desktop/roboracer-purdue/Meghaj_roboracer_ws/install/my_cpp_py_pkg/lib/my_cpp_py_pkg/cpp_executable" to ""
[5.170s] -- Installing: /home/orin/Desktop/roboracer-purdue/Meghaj_roboracer_ws/install/my_cpp_py_pkg/share/my_cpp_py_pkg/environment/pythonpath.sh
[5.172s] -- Installing: /home/orin/Desktop/roboracer-purdue/Meghaj_roboracer_ws/install/my_cpp_py_pkg/share/my_cpp_py_pkg/environment/pythonpath.dsv
[5.173s] -- Installing: /home/orin/Desktop/roboracer-purdue/Meghaj_roboracer_ws/install/my_cpp_py_pkg/local/lib/python3.10/dist-packages/my_cpp_py_pkg-0.0.0-py3.10.egg-info
[5.173s] -- Installing: /home/orin/Desktop/roboracer-purdue/Meghaj_roboracer_ws/install/my_cpp_py_pkg/local/lib/python3.10/dist-packages/my_cpp_py_pkg-0.0.0-py3.10.egg-info/top_level.txt
[5.173s] -- Installing: /home/orin/Desktop/roboracer-purdue/Meghaj_roboracer_ws/install/my_cpp_py_pkg/local/lib/python3.10/dist-packages/my_cpp_py_pkg-0.0.0-py3.10.egg-info/SOURCES.txt
[5.173s] -- Installing: /home/orin/Desktop/roboracer-purdue/Meghaj_roboracer_ws/install/my_cpp_py_pkg/local/lib/python3.10/dist-packages/my_cpp_py_pkg-0.0.0-py3.10.egg-info/PKG-INFO
[5.173s] -- Installing: /home/orin/Desktop/roboracer-purdue/Meghaj_roboracer_ws/install/my_cpp_py_pkg/local/lib/python3.10/dist-packages/my_cpp_py_pkg-0.0.0-py3.10.egg-info/dependency_links.txt
[5.173s] -- Installing: /home/orin/Desktop/roboracer-purdue/Meghaj_roboracer_ws/install/my_cpp_py_pkg/local/lib/python3.10/dist-packages/my_cpp_py_pkg
[5.173s] -- Installing: /home/orin/Desktop/roboracer-purdue/Meghaj_roboracer_ws/install/my_cpp_py_pkg/local/lib/python3.10/dist-packages/my_cpp_py_pkg/module_to_import.py
[5.173s] -- Installing: /home/orin/Desktop/roboracer-purdue/Meghaj_roboracer_ws/install/my_cpp_py_pkg/local/lib/python3.10/dist-packages/my_cpp_py_pkg/__init__.py
[5.227s] Listing '/home/orin/Desktop/roboracer-purdue/Meghaj_roboracer_ws/install/my_cpp_py_pkg/local/lib/python3.10/dist-packages/my_cpp_py_pkg'...
[5.227s] Compiling '/home/orin/Desktop/roboracer-purdue/Meghaj_roboracer_ws/install/my_cpp_py_pkg/local/lib/python3.10/dist-packages/my_cpp_py_pkg/__init__.py'...
[5.227s] Compiling '/home/orin/Desktop/roboracer-purdue/Meghaj_roboracer_ws/install/my_cpp_py_pkg/local/lib/python3.10/dist-packages/my_cpp_py_pkg/module_to_import.py'...
[5.231s] -- Installing: /home/orin/Desktop/roboracer-purdue/Meghaj_roboracer_ws/install/my_cpp_py_pkg/lib/my_cpp_py_pkg/py_node.py
[5.233s] -- Installing: /home/orin/Desktop/roboracer-purdue/Meghaj_roboracer_ws/install/my_cpp_py_pkg/lib/my_cpp_py_pkg/talker.py
[5.234s] -- Installing: /home/orin/Desktop/roboracer-purdue/Meghaj_roboracer_ws/install/my_cpp_py_pkg/lib/my_cpp_py_pkg/relay.py
[5.234s] -- Installing: /home/orin/Desktop/roboracer-purdue/Meghaj_roboracer_ws/install/my_cpp_py_pkg/share/my_cpp_py_pkg/config
[5.234s] -- Installing: /home/orin/Desktop/roboracer-purdue/Meghaj_roboracer_ws/install/my_cpp_py_pkg/share/my_cpp_py_pkg/config/params.yaml
[5.235s] -- Installing: /home/orin/Desktop/roboracer-purdue/Meghaj_roboracer_ws/install/my_cpp_py_pkg/share/my_cpp_py_pkg/launch
[5.235s] -- Installing: /home/orin/Desktop/roboracer-purdue/Meghaj_roboracer_ws/install/my_cpp_py_pkg/share/my_cpp_py_pkg/launch/launch.py
[5.236s] -- Installing: /home/orin/Desktop/roboracer-purdue/Meghaj_roboracer_ws/install/my_cpp_py_pkg/share/my_cpp_py_pkg/launch/__pycache__
[5.236s] -- Installing: /home/orin/Desktop/roboracer-purdue/Meghaj_roboracer_ws/install/my_cpp_py_pkg/share/my_cpp_py_pkg/launch/__pycache__/launch.cpython-310.pyc
[5.236s] -- Installing: /home/orin/Desktop/roboracer-purdue/Meghaj_roboracer_ws/install/my_cpp_py_pkg/share/ament_index/resource_index/package_run_dependencies/my_cpp_py_pkg
[5.237s] -- Installing: /home/orin/Desktop/roboracer-purdue/Meghaj_roboracer_ws/install/my_cpp_py_pkg/share/ament_index/resource_index/parent_prefix_path/my_cpp_py_pkg
[5.237s] -- Installing: /home/orin/Desktop/roboracer-purdue/Meghaj_roboracer_ws/install/my_cpp_py_pkg/share/my_cpp_py_pkg/environment/ament_prefix_path.sh
[5.237s] -- Installing: /home/orin/Desktop/roboracer-purdue/Meghaj_roboracer_ws/install/my_cpp_py_pkg/share/my_cpp_py_pkg/environment/ament_prefix_path.dsv
[5.237s] -- Installing: /home/orin/Desktop/roboracer-purdue/Meghaj_roboracer_ws/install/my_cpp_py_pkg/share/my_cpp_py_pkg/environment/path.sh
[5.237s] -- Installing: /home/orin/Desktop/roboracer-purdue/Meghaj_roboracer_ws/install/my_cpp_py_pkg/share/my_cpp_py_pkg/environment/path.dsv
[5.237s] -- Installing: /home/orin/Desktop/roboracer-purdue/Meghaj_roboracer_ws/install/my_cpp_py_pkg/share/my_cpp_py_pkg/local_setup.bash
[5.237s] -- Installing: /home/orin/Desktop/roboracer-purdue/Meghaj_roboracer_ws/install/my_cpp_py_pkg/share/my_cpp_py_pkg/local_setup.sh
[5.238s] -- Installing: /home/orin/Desktop/roboracer-purdue/Meghaj_roboracer_ws/install/my_cpp_py_pkg/share/my_cpp_py_pkg/local_setup.zsh
[5.238s] -- Installing: /home/orin/Desktop/roboracer-purdue/Meghaj_roboracer_ws/install/my_cpp_py_pkg/share/my_cpp_py_pkg/local_setup.dsv
[5.238s] -- Installing: /home/orin/Desktop/roboracer-purdue/Meghaj_roboracer_ws/install/my_cpp_py_pkg/share/my_cpp_py_pkg/package.dsv
[5.238s] -- Installing: /home/orin/Desktop/roboracer-purdue/Meghaj_roboracer_ws/install/my_cpp_py_pkg/share/ament_index/resource_index/packages/my_cpp_py_pkg
[5.238s] -- Installing: /home/orin/Desktop/roboracer-purdue/Meghaj_roboracer_ws/install/my_cpp_py_pkg/share/my_cpp_py_pkg/cmake/my_cpp_py_pkgConfig.cmake
[5.238s] -- Installing: /home/orin/Desktop/roboracer-purdue/Meghaj_roboracer_ws/install/my_cpp_py_pkg/share/my_cpp_py_pkg/cmake/my_cpp_py_pkgConfig-version.cmake
[5.239s] -- Installing: /home/orin/Desktop/roboracer-purdue/Meghaj_roboracer_ws/install/my_cpp_py_pkg/share/my_cpp_py_pkg/package.xml
[5.246s] Invoked command in '/home/orin/Desktop/roboracer-purdue/Meghaj_roboracer_ws/build/my_cpp_py_pkg' returned '0': CMAKE_PREFIX_PATH=/opt/ros/humble /usr/bin/cmake --install /home/orin/Desktop/roboracer-purdue/Meghaj_roboracer_ws/build/my_cpp_py_pkg
