[0.007s] Invoking command in '/home/orin/Desktop/roboracer_ws/build/ackermann_mux': CMAKE_PREFIX_PATH=${CMAKE_PREFIX_PATH}:/home/orin/Desktop/roboracer-purdue/Meghaj_roboracer_ws/install/f1tenth_stack:/home/orin/Desktop/roboracer-purdue/Meghaj_roboracer_ws/install/f1tenth_gym_ros:/opt/ros/humble /usr/bin/cmake /home/orin/Desktop/roboracer_ws/src/f1tenth_system/ackermann_mux -DCMAKE_INSTALL_PREFIX=/home/orin/Desktop/roboracer_ws/install/ackermann_mux
[0.085s] -- The C compiler identification is GNU 11.4.0
[0.124s] -- The CXX compiler identification is GNU 11.4.0
[0.132s] -- Detecting C compiler ABI info
[0.182s] -- Detecting C compiler ABI info - done
[0.182s] -- Check for working C compiler: /usr/bin/cc - skipped
[0.183s] -- Detecting C compile features
[0.184s] -- Detecting C compile features - done
[0.186s] -- Detecting CXX compiler ABI info
[0.236s] -- Detecting CXX compiler ABI info - done
[0.238s] -- Check for working CXX compiler: /usr/bin/c++ - skipped
[0.238s] -- Detecting CXX compile features
[0.238s] -- Detecting CXX compile features - done
[0.246s] -- Found ament_cmake: 1.3.13 (/opt/ros/humble/share/ament_cmake/cmake)
[0.334s] -- Found Python3: /usr/bin/python3 (found version "3.10.12") found components: Interpreter 
[0.401s] -- Found rclcpp: 16.0.18 (/opt/ros/humble/share/rclcpp/cmake)
[0.444s] -- Found rosidl_generator_c: 3.1.8 (/opt/ros/humble/share/rosidl_generator_c/cmake)
[0.449s] -- Found rosidl_adapter: 3.1.8 (/opt/ros/humble/share/rosidl_adapter/cmake)
[0.457s] -- Found rosidl_generator_cpp: 3.1.8 (/opt/ros/humble/share/rosidl_generator_cpp/cmake)
[0.470s] -- Using all available rosidl_typesupport_c: rosidl_typesupport_fastrtps_c;rosidl_typesupport_introspection_c
[0.484s] -- Using all available rosidl_typesupport_cpp: rosidl_typesupport_fastrtps_cpp;rosidl_typesupport_introspection_cpp
[0.524s] -- Found rmw_implementation_cmake: 6.1.2 (/opt/ros/humble/share/rmw_implementation_cmake/cmake)
[0.529s] -- Found rmw_fastrtps_cpp: 6.2.10 (/opt/ros/humble/share/rmw_fastrtps_cpp/cmake)
[0.601s] -- Found OpenSSL: /usr/lib/aarch64-linux-gnu/libcrypto.so (found version "3.0.2")  
[0.622s] -- Found FastRTPS: /opt/ros/humble/include  
[0.654s] -- Using RMW implementation 'rmw_fastrtps_cpp' as default
[0.664s] -- Looking for pthread.h
[0.712s] -- Looking for pthread.h - found
[0.712s] -- Performing Test CMAKE_HAVE_LIBC_PTHREAD
[0.756s] -- Performing Test CMAKE_HAVE_LIBC_PTHREAD - Success
[0.756s] -- Found Threads: TRUE  
[0.805s] -- Found ackermann_msgs: 2.0.2 (/opt/ros/humble/share/ackermann_msgs/cmake)
[0.819s] -- Found diagnostic_updater: 4.0.6 (/opt/ros/humble/share/diagnostic_updater/cmake)
[0.841s] -- Found ament_lint_auto: 0.12.15 (/opt/ros/humble/share/ament_lint_auto/cmake)
[0.910s] -- Found python_cmake_module: 0.10.0 (/opt/ros/humble/share/python_cmake_module/cmake)
[0.923s] -- Found PythonInterp: /usr/bin/python3 (found suitable version "3.10.12", minimum required is "3.6") 
[0.931s] -- Found PythonLibs: /usr/lib/aarch64-linux-gnu/libpython3.10.so (found suitable version "3.10.12", minimum required is "3.5") 
[0.931s] -- Using PYTHON_EXECUTABLE: /usr/bin/python3
[0.931s] -- Using PYTHON_INCLUDE_DIRS: /usr/include/python3.10
[0.931s] -- Using PYTHON_LIBRARIES: /usr/lib/aarch64-linux-gnu/libpython3.10.so
[0.945s] -- Found PythonExtra: .so  
[0.956s] -- Added test 'xmllint' to check XML markup files
[0.957s] -- Added test 'copyright' to check source files copyright and LICENSE
[0.958s] -- Added test 'cppcheck' to perform static code analysis on C / C++ code
[0.958s] -- Configured cppcheck include dirs: /home/orin/Desktop/roboracer_ws/src/f1tenth_system/ackermann_mux/include
[0.958s] -- Configured cppcheck exclude dirs and/or files: 
[0.959s] -- Added test 'cpplint' to check C / C++ code against the Google style
[0.959s] -- Configured cpplint exclude dirs and/or files: 
[0.960s] -- Added test 'flake8' to check Python code syntax and style conventions
[0.960s] -- Added test 'lint_cmake' to check CMake code style
[0.961s] -- Added test 'pep257' to check Python code against some of the docstring style conventions in PEP 257
[0.962s] -- Added test 'uncrustify' to check C / C++ code style
[0.962s] -- Configured uncrustify additional arguments: 
[0.964s] -- Configuring done
[0.971s] -- Generating done
[0.973s] -- Build files have been written to: /home/orin/Desktop/roboracer_ws/build/ackermann_mux
[0.980s] Invoked command in '/home/orin/Desktop/roboracer_ws/build/ackermann_mux' returned '0': CMAKE_PREFIX_PATH=${CMAKE_PREFIX_PATH}:/home/orin/Desktop/roboracer-purdue/Meghaj_roboracer_ws/install/f1tenth_stack:/home/orin/Desktop/roboracer-purdue/Meghaj_roboracer_ws/install/f1tenth_gym_ros:/opt/ros/humble /usr/bin/cmake /home/orin/Desktop/roboracer_ws/src/f1tenth_system/ackermann_mux -DCMAKE_INSTALL_PREFIX=/home/orin/Desktop/roboracer_ws/install/ackermann_mux
[0.980s] Invoking command in '/home/orin/Desktop/roboracer_ws/build/ackermann_mux': CMAKE_PREFIX_PATH=${CMAKE_PREFIX_PATH}:/home/orin/Desktop/roboracer-purdue/Meghaj_roboracer_ws/install/f1tenth_stack:/home/orin/Desktop/roboracer-purdue/Meghaj_roboracer_ws/install/f1tenth_gym_ros:/opt/ros/humble /usr/bin/cmake --build /home/orin/Desktop/roboracer_ws/build/ackermann_mux -- -j2 -l2
[1.006s] [ 25%] [32mBuilding CXX object CMakeFiles/ackermann_mux.dir/src/ackermann_mux.cpp.o[0m
[1.006s] [ 50%] [32mBuilding CXX object CMakeFiles/ackermann_mux.dir/src/ackermann_mux_node.cpp.o[0m
[4.196s] [ 75%] [32mBuilding CXX object CMakeFiles/ackermann_mux.dir/src/ackermann_mux_diagnostics.cpp.o[0m
[9.401s] [100%] [32m[1mLinking CXX executable ackermann_mux[0m
[9.852s] [100%] Built target ackermann_mux
[9.867s] Invoked command in '/home/orin/Desktop/roboracer_ws/build/ackermann_mux' returned '0': CMAKE_PREFIX_PATH=${CMAKE_PREFIX_PATH}:/home/orin/Desktop/roboracer-purdue/Meghaj_roboracer_ws/install/f1tenth_stack:/home/orin/Desktop/roboracer-purdue/Meghaj_roboracer_ws/install/f1tenth_gym_ros:/opt/ros/humble /usr/bin/cmake --build /home/orin/Desktop/roboracer_ws/build/ackermann_mux -- -j2 -l2
[9.869s] Invoking command in '/home/orin/Desktop/roboracer_ws/build/ackermann_mux': CMAKE_PREFIX_PATH=${CMAKE_PREFIX_PATH}:/home/orin/Desktop/roboracer-purdue/Meghaj_roboracer_ws/install/f1tenth_stack:/home/orin/Desktop/roboracer-purdue/Meghaj_roboracer_ws/install/f1tenth_gym_ros:/opt/ros/humble /usr/bin/cmake --install /home/orin/Desktop/roboracer_ws/build/ackermann_mux
[9.873s] -- Install configuration: ""
[9.874s] -- Installing: /home/orin/Desktop/roboracer_ws/install/ackermann_mux/lib/ackermann_mux/ackermann_mux
[9.878s] -- Set runtime path of "/home/orin/Desktop/roboracer_ws/install/ackermann_mux/lib/ackermann_mux/ackermann_mux" to ""
[9.878s] -- Installing: /home/orin/Desktop/roboracer_ws/install/ackermann_mux/share/ackermann_mux/launch
[9.878s] -- Installing: /home/orin/Desktop/roboracer_ws/install/ackermann_mux/share/ackermann_mux/launch/ackermann_mux_launch.py
[9.878s] -- Installing: /home/orin/Desktop/roboracer_ws/install/ackermann_mux/share/ackermann_mux/config
[9.878s] -- Installing: /home/orin/Desktop/roboracer_ws/install/ackermann_mux/share/ackermann_mux/config/ackermann_mux_topics.yaml
[9.878s] -- Installing: /home/orin/Desktop/roboracer_ws/install/ackermann_mux/share/ackermann_mux/config/ackermann_mux_locks.yaml
[9.879s] -- Installing: /home/orin/Desktop/roboracer_ws/install/ackermann_mux/share/ackermann_mux/config/joystick.yaml
[9.879s] -- Installing: /home/orin/Desktop/roboracer_ws/install/ackermann_mux/include
[9.879s] -- Installing: /home/orin/Desktop/roboracer_ws/install/ackermann_mux/include/ackermann_mux
[9.879s] -- Installing: /home/orin/Desktop/roboracer_ws/install/ackermann_mux/include/ackermann_mux/utils.hpp
[9.879s] -- Installing: /home/orin/Desktop/roboracer_ws/install/ackermann_mux/include/ackermann_mux/ackermann_mux_diagnostics.hpp
[9.879s] -- Installing: /home/orin/Desktop/roboracer_ws/install/ackermann_mux/include/ackermann_mux/ackermann_mux_diagnostics_status.hpp
[9.879s] -- Installing: /home/orin/Desktop/roboracer_ws/install/ackermann_mux/include/ackermann_mux/params_helpers.hpp
[9.879s] -- Installing: /home/orin/Desktop/roboracer_ws/install/ackermann_mux/include/ackermann_mux/ackermann_mux.hpp
[9.879s] -- Installing: /home/orin/Desktop/roboracer_ws/install/ackermann_mux/include/ackermann_mux/topic_handle.hpp
[9.879s] -- Installing: /home/orin/Desktop/roboracer_ws/install/ackermann_mux/share/ament_index/resource_index/package_run_dependencies/ackermann_mux
[9.879s] -- Installing: /home/orin/Desktop/roboracer_ws/install/ackermann_mux/share/ament_index/resource_index/parent_prefix_path/ackermann_mux
[9.879s] -- Installing: /home/orin/Desktop/roboracer_ws/install/ackermann_mux/share/ackermann_mux/environment/ament_prefix_path.sh
[9.879s] -- Installing: /home/orin/Desktop/roboracer_ws/install/ackermann_mux/share/ackermann_mux/environment/ament_prefix_path.dsv
[9.879s] -- Installing: /home/orin/Desktop/roboracer_ws/install/ackermann_mux/share/ackermann_mux/environment/path.sh
[9.880s] -- Installing: /home/orin/Desktop/roboracer_ws/install/ackermann_mux/share/ackermann_mux/environment/path.dsv
[9.880s] -- Installing: /home/orin/Desktop/roboracer_ws/install/ackermann_mux/share/ackermann_mux/local_setup.bash
[9.880s] -- Installing: /home/orin/Desktop/roboracer_ws/install/ackermann_mux/share/ackermann_mux/local_setup.sh
[9.880s] -- Installing: /home/orin/Desktop/roboracer_ws/install/ackermann_mux/share/ackermann_mux/local_setup.zsh
[9.880s] -- Installing: /home/orin/Desktop/roboracer_ws/install/ackermann_mux/share/ackermann_mux/local_setup.dsv
[9.880s] -- Installing: /home/orin/Desktop/roboracer_ws/install/ackermann_mux/share/ackermann_mux/package.dsv
[9.881s] -- Installing: /home/orin/Desktop/roboracer_ws/install/ackermann_mux/share/ament_index/resource_index/packages/ackermann_mux
[9.881s] -- Installing: /home/orin/Desktop/roboracer_ws/install/ackermann_mux/share/ackermann_mux/cmake/ament_cmake_export_include_directories-extras.cmake
[9.881s] -- Installing: /home/orin/Desktop/roboracer_ws/install/ackermann_mux/share/ackermann_mux/cmake/ament_cmake_export_dependencies-extras.cmake
[9.881s] -- Installing: /home/orin/Desktop/roboracer_ws/install/ackermann_mux/share/ackermann_mux/cmake/ackermann_muxConfig.cmake
[9.881s] -- Installing: /home/orin/Desktop/roboracer_ws/install/ackermann_mux/share/ackermann_mux/cmake/ackermann_muxConfig-version.cmake
[9.881s] -- Installing: /home/orin/Desktop/roboracer_ws/install/ackermann_mux/share/ackermann_mux/package.xml
[9.884s] Invoked command in '/home/orin/Desktop/roboracer_ws/build/ackermann_mux' returned '0': CMAKE_PREFIX_PATH=${CMAKE_PREFIX_PATH}:/home/orin/Desktop/roboracer-purdue/Meghaj_roboracer_ws/install/f1tenth_stack:/home/orin/Desktop/roboracer-purdue/Meghaj_roboracer_ws/install/f1tenth_gym_ros:/opt/ros/humble /usr/bin/cmake --install /home/orin/Desktop/roboracer_ws/build/ackermann_mux
