[0.005s] Invoking command in '/home/orin/Desktop/roboracer_ws/build/my_cpp_py_pkg': CMAKE_PREFIX_PATH=${CMAKE_PREFIX_PATH}:/home/orin/Desktop/roboracer-purdue/Meghaj_roboracer_ws/install/f1tenth_stack:/home/orin/Desktop/roboracer-purdue/Meghaj_roboracer_ws/install/f1tenth_gym_ros:/opt/ros/humble /usr/bin/cmake /home/orin/Desktop/roboracer_ws/lab1_ws/src/my_cpp_py_pkg -DCMAKE_INSTALL_PREFIX=/home/orin/Desktop/roboracer_ws/install/my_cpp_py_pkg
[0.040s] -- The C compiler identification is GNU 11.4.0
[0.073s] -- The CXX compiler identification is GNU 11.4.0
[0.076s] -- Detecting C compiler ABI info
[0.112s] -- Detecting C compiler ABI info - done
[0.117s] -- Check for working C compiler: /usr/bin/cc - skipped
[0.117s] -- Detecting C compile features
[0.118s] -- Detecting C compile features - done
[0.120s] -- Detecting CXX compiler ABI info
[0.167s] -- Detecting CXX compiler ABI info - done
[0.171s] -- Check for working CXX compiler: /usr/bin/c++ - skipped
[0.172s] -- Detecting CXX compile features
[0.172s] -- Detecting CXX compile features - done
[0.174s] -- Found ament_cmake: 1.3.13 (/opt/ros/humble/share/ament_cmake/cmake)
[0.263s] -- Found Python3: /usr/bin/python3 (found version "3.10.12") found components: Interpreter 
[0.317s] -- Found rclcpp: 16.0.18 (/opt/ros/humble/share/rclcpp/cmake)
[0.346s] -- Found rosidl_generator_c: 3.1.8 (/opt/ros/humble/share/rosidl_generator_c/cmake)
[0.349s] -- Found rosidl_adapter: 3.1.8 (/opt/ros/humble/share/rosidl_adapter/cmake)
[0.355s] -- Found rosidl_generator_cpp: 3.1.8 (/opt/ros/humble/share/rosidl_generator_cpp/cmake)
[0.363s] -- Using all available rosidl_typesupport_c: rosidl_typesupport_fastrtps_c;rosidl_typesupport_introspection_c
[0.374s] -- Using all available rosidl_typesupport_cpp: rosidl_typesupport_fastrtps_cpp;rosidl_typesupport_introspection_cpp
[0.405s] -- Found rmw_implementation_cmake: 6.1.2 (/opt/ros/humble/share/rmw_implementation_cmake/cmake)
[0.407s] -- Found rmw_fastrtps_cpp: 6.2.10 (/opt/ros/humble/share/rmw_fastrtps_cpp/cmake)
[0.472s] -- Found OpenSSL: /usr/lib/aarch64-linux-gnu/libcrypto.so (found version "3.0.2")  
[0.491s] -- Found FastRTPS: /opt/ros/humble/include  
[0.519s] -- Using RMW implementation 'rmw_fastrtps_cpp' as default
[0.525s] -- Looking for pthread.h
[0.580s] -- Looking for pthread.h - found
[0.580s] -- Performing Test CMAKE_HAVE_LIBC_PTHREAD
[0.621s] -- Performing Test CMAKE_HAVE_LIBC_PTHREAD - Success
[0.622s] -- Found Threads: TRUE  
[0.663s] -- Found rclpy: 3.3.20 (/opt/ros/humble/share/rclpy/cmake)
[0.665s] -- Found ackermann_msgs: 2.0.2 (/opt/ros/humble/share/ackermann_msgs/cmake)
[0.755s] -- Found ament_lint_auto: 0.12.15 (/opt/ros/humble/share/ament_lint_auto/cmake)
[0.821s] -- Added test 'cppcheck' to perform static code analysis on C / C++ code
[0.821s] -- Configured cppcheck include dirs: /home/orin/Desktop/roboracer_ws/lab1_ws/src/my_cpp_py_pkg/include
[0.821s] -- Configured cppcheck exclude dirs and/or files: 
[0.822s] -- Added test 'flake8' to check Python code syntax and style conventions
[0.822s] -- Added test 'lint_cmake' to check CMake code style
[0.825s] -- Added test 'pep257' to check Python code against some of the docstring style conventions in PEP 257
[0.826s] -- Added test 'uncrustify' to check C / C++ code style
[0.826s] -- Configured uncrustify additional arguments: 
[0.826s] -- Added test 'xmllint' to check XML markup files
[0.829s] -- Configuring done
[0.843s] -- Generating done
[0.846s] -- Build files have been written to: /home/orin/Desktop/roboracer_ws/build/my_cpp_py_pkg
[0.861s] Invoked command in '/home/orin/Desktop/roboracer_ws/build/my_cpp_py_pkg' returned '0': CMAKE_PREFIX_PATH=${CMAKE_PREFIX_PATH}:/home/orin/Desktop/roboracer-purdue/Meghaj_roboracer_ws/install/f1tenth_stack:/home/orin/Desktop/roboracer-purdue/Meghaj_roboracer_ws/install/f1tenth_gym_ros:/opt/ros/humble /usr/bin/cmake /home/orin/Desktop/roboracer_ws/lab1_ws/src/my_cpp_py_pkg -DCMAKE_INSTALL_PREFIX=/home/orin/Desktop/roboracer_ws/install/my_cpp_py_pkg
[0.861s] Invoking command in '/home/orin/Desktop/roboracer_ws/build/my_cpp_py_pkg': CMAKE_PREFIX_PATH=${CMAKE_PREFIX_PATH}:/home/orin/Desktop/roboracer-purdue/Meghaj_roboracer_ws/install/f1tenth_stack:/home/orin/Desktop/roboracer-purdue/Meghaj_roboracer_ws/install/f1tenth_gym_ros:/opt/ros/humble /usr/bin/cmake --build /home/orin/Desktop/roboracer_ws/build/my_cpp_py_pkg -- -j2 -l2
[0.953s] [ 50%] [32mBuilding CXX object CMakeFiles/cpp_executable.dir/src/cpp_node.cpp.o[0m
[0.969s] [ 50%] Built target ament_cmake_python_copy_my_cpp_py_pkg
[1.372s] running egg_info
[1.373s] creating my_cpp_py_pkg.egg-info
[1.378s] writing my_cpp_py_pkg.egg-info/PKG-INFO
[1.378s] writing dependency_links to my_cpp_py_pkg.egg-info/dependency_links.txt
[1.379s] writing top-level names to my_cpp_py_pkg.egg-info/top_level.txt
[1.379s] writing manifest file 'my_cpp_py_pkg.egg-info/SOURCES.txt'
[1.385s] reading manifest file 'my_cpp_py_pkg.egg-info/SOURCES.txt'
[1.385s] writing manifest file 'my_cpp_py_pkg.egg-info/SOURCES.txt'
[1.457s] [ 50%] Built target ament_cmake_python_build_my_cpp_py_pkg_egg
[3.630s] [100%] [32m[1mLinking CXX executable cpp_executable[0m
[3.793s] [100%] Built target cpp_executable
[3.842s] Invoked command in '/home/orin/Desktop/roboracer_ws/build/my_cpp_py_pkg' returned '0': CMAKE_PREFIX_PATH=${CMAKE_PREFIX_PATH}:/home/orin/Desktop/roboracer-purdue/Meghaj_roboracer_ws/install/f1tenth_stack:/home/orin/Desktop/roboracer-purdue/Meghaj_roboracer_ws/install/f1tenth_gym_ros:/opt/ros/humble /usr/bin/cmake --build /home/orin/Desktop/roboracer_ws/build/my_cpp_py_pkg -- -j2 -l2
[3.893s] Invoking command in '/home/orin/Desktop/roboracer_ws/build/my_cpp_py_pkg': CMAKE_PREFIX_PATH=${CMAKE_PREFIX_PATH}:/home/orin/Desktop/roboracer-purdue/Meghaj_roboracer_ws/install/f1tenth_stack:/home/orin/Desktop/roboracer-purdue/Meghaj_roboracer_ws/install/f1tenth_gym_ros:/opt/ros/humble /usr/bin/cmake --install /home/orin/Desktop/roboracer_ws/build/my_cpp_py_pkg
[3.908s] -- Install configuration: ""
[3.908s] -- Installing: /home/orin/Desktop/roboracer_ws/install/my_cpp_py_pkg/lib/my_cpp_py_pkg/cpp_executable
[3.908s] -- Set runtime path of "/home/orin/Desktop/roboracer_ws/install/my_cpp_py_pkg/lib/my_cpp_py_pkg/cpp_executable" to ""
[3.908s] -- Installing: /home/orin/Desktop/roboracer_ws/install/my_cpp_py_pkg/share/my_cpp_py_pkg/environment/pythonpath.sh
[3.908s] -- Installing: /home/orin/Desktop/roboracer_ws/install/my_cpp_py_pkg/share/my_cpp_py_pkg/environment/pythonpath.dsv
[3.908s] -- Installing: /home/orin/Desktop/roboracer_ws/install/my_cpp_py_pkg/local/lib/python3.10/dist-packages/my_cpp_py_pkg-0.0.0-py3.10.egg-info
[3.908s] -- Installing: /home/orin/Desktop/roboracer_ws/install/my_cpp_py_pkg/local/lib/python3.10/dist-packages/my_cpp_py_pkg-0.0.0-py3.10.egg-info/top_level.txt
[3.908s] -- Installing: /home/orin/Desktop/roboracer_ws/install/my_cpp_py_pkg/local/lib/python3.10/dist-packages/my_cpp_py_pkg-0.0.0-py3.10.egg-info/SOURCES.txt
[3.908s] -- Installing: /home/orin/Desktop/roboracer_ws/install/my_cpp_py_pkg/local/lib/python3.10/dist-packages/my_cpp_py_pkg-0.0.0-py3.10.egg-info/PKG-INFO
[3.908s] -- Installing: /home/orin/Desktop/roboracer_ws/install/my_cpp_py_pkg/local/lib/python3.10/dist-packages/my_cpp_py_pkg-0.0.0-py3.10.egg-info/dependency_links.txt
[3.908s] -- Installing: /home/orin/Desktop/roboracer_ws/install/my_cpp_py_pkg/local/lib/python3.10/dist-packages/my_cpp_py_pkg
[3.908s] -- Installing: /home/orin/Desktop/roboracer_ws/install/my_cpp_py_pkg/local/lib/python3.10/dist-packages/my_cpp_py_pkg/module_to_import.py
[3.908s] -- Installing: /home/orin/Desktop/roboracer_ws/install/my_cpp_py_pkg/local/lib/python3.10/dist-packages/my_cpp_py_pkg/__init__.py
[3.949s] Listing '/home/orin/Desktop/roboracer_ws/install/my_cpp_py_pkg/local/lib/python3.10/dist-packages/my_cpp_py_pkg'...
[3.949s] Compiling '/home/orin/Desktop/roboracer_ws/install/my_cpp_py_pkg/local/lib/python3.10/dist-packages/my_cpp_py_pkg/__init__.py'...
[3.949s] Compiling '/home/orin/Desktop/roboracer_ws/install/my_cpp_py_pkg/local/lib/python3.10/dist-packages/my_cpp_py_pkg/module_to_import.py'...
[3.957s] -- Installing: /home/orin/Desktop/roboracer_ws/install/my_cpp_py_pkg/lib/my_cpp_py_pkg/py_node.py
[3.957s] -- Installing: /home/orin/Desktop/roboracer_ws/install/my_cpp_py_pkg/lib/my_cpp_py_pkg/talker.py
[3.957s] -- Installing: /home/orin/Desktop/roboracer_ws/install/my_cpp_py_pkg/lib/my_cpp_py_pkg/relay.py
[3.958s] -- Installing: /home/orin/Desktop/roboracer_ws/install/my_cpp_py_pkg/share/my_cpp_py_pkg/config
[3.958s] -- Installing: /home/orin/Desktop/roboracer_ws/install/my_cpp_py_pkg/share/my_cpp_py_pkg/config/params.yaml
[3.958s] -- Installing: /home/orin/Desktop/roboracer_ws/install/my_cpp_py_pkg/share/my_cpp_py_pkg/launch
[3.958s] -- Installing: /home/orin/Desktop/roboracer_ws/install/my_cpp_py_pkg/share/my_cpp_py_pkg/launch/launch.py
[3.958s] -- Installing: /home/orin/Desktop/roboracer_ws/install/my_cpp_py_pkg/share/my_cpp_py_pkg/launch/__pycache__
[3.958s] -- Installing: /home/orin/Desktop/roboracer_ws/install/my_cpp_py_pkg/share/my_cpp_py_pkg/launch/__pycache__/launch.cpython-310.pyc
[3.958s] -- Installing: /home/orin/Desktop/roboracer_ws/install/my_cpp_py_pkg/share/ament_index/resource_index/package_run_dependencies/my_cpp_py_pkg
[3.958s] -- Installing: /home/orin/Desktop/roboracer_ws/install/my_cpp_py_pkg/share/ament_index/resource_index/parent_prefix_path/my_cpp_py_pkg
[3.958s] -- Installing: /home/orin/Desktop/roboracer_ws/install/my_cpp_py_pkg/share/my_cpp_py_pkg/environment/ament_prefix_path.sh
[3.958s] -- Installing: /home/orin/Desktop/roboracer_ws/install/my_cpp_py_pkg/share/my_cpp_py_pkg/environment/ament_prefix_path.dsv
[3.959s] -- Installing: /home/orin/Desktop/roboracer_ws/install/my_cpp_py_pkg/share/my_cpp_py_pkg/environment/path.sh
[3.959s] -- Installing: /home/orin/Desktop/roboracer_ws/install/my_cpp_py_pkg/share/my_cpp_py_pkg/environment/path.dsv
[3.959s] -- Installing: /home/orin/Desktop/roboracer_ws/install/my_cpp_py_pkg/share/my_cpp_py_pkg/local_setup.bash
[3.959s] -- Installing: /home/orin/Desktop/roboracer_ws/install/my_cpp_py_pkg/share/my_cpp_py_pkg/local_setup.sh
[3.959s] -- Installing: /home/orin/Desktop/roboracer_ws/install/my_cpp_py_pkg/share/my_cpp_py_pkg/local_setup.zsh
[3.959s] -- Installing: /home/orin/Desktop/roboracer_ws/install/my_cpp_py_pkg/share/my_cpp_py_pkg/local_setup.dsv
[3.959s] -- Installing: /home/orin/Desktop/roboracer_ws/install/my_cpp_py_pkg/share/my_cpp_py_pkg/package.dsv
[3.960s] -- Installing: /home/orin/Desktop/roboracer_ws/install/my_cpp_py_pkg/share/ament_index/resource_index/packages/my_cpp_py_pkg
[3.960s] -- Installing: /home/orin/Desktop/roboracer_ws/install/my_cpp_py_pkg/share/my_cpp_py_pkg/cmake/my_cpp_py_pkgConfig.cmake
[3.960s] -- Installing: /home/orin/Desktop/roboracer_ws/install/my_cpp_py_pkg/share/my_cpp_py_pkg/cmake/my_cpp_py_pkgConfig-version.cmake
[3.961s] -- Installing: /home/orin/Desktop/roboracer_ws/install/my_cpp_py_pkg/share/my_cpp_py_pkg/package.xml
[3.968s] Invoked command in '/home/orin/Desktop/roboracer_ws/build/my_cpp_py_pkg' returned '0': CMAKE_PREFIX_PATH=${CMAKE_PREFIX_PATH}:/home/orin/Desktop/roboracer-purdue/Meghaj_roboracer_ws/install/f1tenth_stack:/home/orin/Desktop/roboracer-purdue/Meghaj_roboracer_ws/install/f1tenth_gym_ros:/opt/ros/humble /usr/bin/cmake --install /home/orin/Desktop/roboracer_ws/build/my_cpp_py_pkg
