running egg_info
creating ../../../build/f1tenth_stack/f1tenth_stack.egg-info
writing ../../../build/f1tenth_stack/f1tenth_stack.egg-info/PKG-INFO
writing dependency_links to ../../../build/f1tenth_stack/f1tenth_stack.egg-info/dependency_links.txt
writing entry points to ../../../build/f1tenth_stack/f1tenth_stack.egg-info/entry_points.txt
writing requirements to ../../../build/f1tenth_stack/f1tenth_stack.egg-info/requires.txt
writing top-level names to ../../../build/f1tenth_stack/f1tenth_stack.egg-info/top_level.txt
writing manifest file '../../../build/f1tenth_stack/f1tenth_stack.egg-info/SOURCES.txt'
reading manifest file '../../../build/f1tenth_stack/f1tenth_stack.egg-info/SOURCES.txt'
writing manifest file '../../../build/f1tenth_stack/f1tenth_stack.egg-info/SOURCES.txt'
running build
running build_py
creating /home/orin/Desktop/roboracer_ws/build/f1tenth_stack/build
creating /home/orin/Desktop/roboracer_ws/build/f1tenth_stack/build/lib
creating /home/orin/Desktop/roboracer_ws/build/f1tenth_stack/build/lib/f1tenth_stack
copying f1tenth_stack/tf_publisher.py -> /home/orin/Desktop/roboracer_ws/build/f1tenth_stack/build/lib/f1tenth_stack
copying f1tenth_stack/__init__.py -> /home/orin/Desktop/roboracer_ws/build/f1tenth_stack/build/lib/f1tenth_stack
copying f1tenth_stack/throttle_mix.py -> /home/orin/Desktop/roboracer_ws/build/f1tenth_stack/build/lib/f1tenth_stack
copying f1tenth_stack/speed_smoother.py -> /home/orin/Desktop/roboracer_ws/build/f1tenth_stack/build/lib/f1tenth_stack
copying f1tenth_stack/throttle_interpolator.py -> /home/orin/Desktop/roboracer_ws/build/f1tenth_stack/build/lib/f1tenth_stack
running install
running install_lib
creating /home/orin/Desktop/roboracer_ws/install/f1tenth_stack/lib/python3.10/site-packages/f1tenth_stack
copying /home/orin/Desktop/roboracer_ws/build/f1tenth_stack/build/lib/f1tenth_stack/tf_publisher.py -> /home/orin/Desktop/roboracer_ws/install/f1tenth_stack/lib/python3.10/site-packages/f1tenth_stack
copying /home/orin/Desktop/roboracer_ws/build/f1tenth_stack/build/lib/f1tenth_stack/__init__.py -> /home/orin/Desktop/roboracer_ws/install/f1tenth_stack/lib/python3.10/site-packages/f1tenth_stack
copying /home/orin/Desktop/roboracer_ws/build/f1tenth_stack/build/lib/f1tenth_stack/throttle_mix.py -> /home/orin/Desktop/roboracer_ws/install/f1tenth_stack/lib/python3.10/site-packages/f1tenth_stack
copying /home/orin/Desktop/roboracer_ws/build/f1tenth_stack/build/lib/f1tenth_stack/speed_smoother.py -> /home/orin/Desktop/roboracer_ws/install/f1tenth_stack/lib/python3.10/site-packages/f1tenth_stack
copying /home/orin/Desktop/roboracer_ws/build/f1tenth_stack/build/lib/f1tenth_stack/throttle_interpolator.py -> /home/orin/Desktop/roboracer_ws/install/f1tenth_stack/lib/python3.10/site-packages/f1tenth_stack
byte-compiling /home/orin/Desktop/roboracer_ws/install/f1tenth_stack/lib/python3.10/site-packages/f1tenth_stack/tf_publisher.py to tf_publisher.cpython-310.pyc
byte-compiling /home/orin/Desktop/roboracer_ws/install/f1tenth_stack/lib/python3.10/site-packages/f1tenth_stack/__init__.py to __init__.cpython-310.pyc
byte-compiling /home/orin/Desktop/roboracer_ws/install/f1tenth_stack/lib/python3.10/site-packages/f1tenth_stack/throttle_mix.py to throttle_mix.cpython-310.pyc
byte-compiling /home/orin/Desktop/roboracer_ws/install/f1tenth_stack/lib/python3.10/site-packages/f1tenth_stack/speed_smoother.py to speed_smoother.cpython-310.pyc
byte-compiling /home/orin/Desktop/roboracer_ws/install/f1tenth_stack/lib/python3.10/site-packages/f1tenth_stack/throttle_interpolator.py to throttle_interpolator.cpython-310.pyc
running install_data
creating /home/orin/Desktop/roboracer_ws/install/f1tenth_stack/share/ament_index
creating /home/orin/Desktop/roboracer_ws/install/f1tenth_stack/share/ament_index/resource_index
creating /home/orin/Desktop/roboracer_ws/install/f1tenth_stack/share/ament_index/resource_index/packages
copying resource/f1tenth_stack -> /home/orin/Desktop/roboracer_ws/install/f1tenth_stack/share/ament_index/resource_index/packages
copying package.xml -> /home/orin/Desktop/roboracer_ws/install/f1tenth_stack/share/f1tenth_stack
creating /home/orin/Desktop/roboracer_ws/install/f1tenth_stack/share/f1tenth_stack/launch
copying launch/bringup_launch.py -> /home/orin/Desktop/roboracer_ws/install/f1tenth_stack/share/f1tenth_stack/launch
creating /home/orin/Desktop/roboracer_ws/install/f1tenth_stack/share/f1tenth_stack/config
copying config/mux.yaml -> /home/orin/Desktop/roboracer_ws/install/f1tenth_stack/share/f1tenth_stack/config
copying config/throttle_mix.yaml -> /home/orin/Desktop/roboracer_ws/install/f1tenth_stack/share/f1tenth_stack/config
copying config/joy_teleop.yaml -> /home/orin/Desktop/roboracer_ws/install/f1tenth_stack/share/f1tenth_stack/config
copying config/f1tenth_online_async.yaml -> /home/orin/Desktop/roboracer_ws/install/f1tenth_stack/share/f1tenth_stack/config
copying config/sensors.yaml -> /home/orin/Desktop/roboracer_ws/install/f1tenth_stack/share/f1tenth_stack/config
copying config/vesc.yaml -> /home/orin/Desktop/roboracer_ws/install/f1tenth_stack/share/f1tenth_stack/config
copying config/speed_smoother.yaml -> /home/orin/Desktop/roboracer_ws/install/f1tenth_stack/share/f1tenth_stack/config
running install_egg_info
Copying ../../../build/f1tenth_stack/f1tenth_stack.egg-info to /home/orin/Desktop/roboracer_ws/install/f1tenth_stack/lib/python3.10/site-packages/f1tenth_stack-0.0.1-py3.10.egg-info
running install_scripts
Installing speed_smoother script to /home/orin/Desktop/roboracer_ws/install/f1tenth_stack/lib/f1tenth_stack
Installing tf_publisher script to /home/orin/Desktop/roboracer_ws/install/f1tenth_stack/lib/f1tenth_stack
Installing throttle_interpolator script to /home/orin/Desktop/roboracer_ws/install/f1tenth_stack/lib/f1tenth_stack
Installing throttle_mix script to /home/orin/Desktop/roboracer_ws/install/f1tenth_stack/lib/f1tenth_stack
writing list of installed files to '/home/orin/Desktop/roboracer_ws/build/f1tenth_stack/install.log'
