[0.384s] Invoking command in '/home/orin/Desktop/roboracer_ws/src/f1tenth_system/f1tenth_stack': AMENT_PREFIX_PATH=/home/orin/Desktop/roboracer_ws/install/ackermann_mux:${AMENT_PREFIX_PATH} CMAKE_PREFIX_PATH=/home/orin/Desktop/roboracer_ws/install/ackermann_mux:${CMAKE_PREFIX_PATH} PYTHONPATH=/home/orin/Desktop/roboracer_ws/build/f1tenth_stack/prefix_override:/usr/lib/python3/dist-packages/colcon_core/task/python/colcon_distutils_commands:/home/orin/Desktop/roboracer_ws/install/f1tenth_stack/lib/python3.10/site-packages:${PYTHONPATH} /usr/bin/python3 -W ignore:setup.py install is deprecated -W ignore:easy_install command is deprecated setup.py egg_info --egg-base ../../../build/f1tenth_stack build --build-base /home/orin/Desktop/roboracer_ws/build/f1tenth_stack/build install --record /home/orin/Desktop/roboracer_ws/build/f1tenth_stack/install.log --install-scripts $base/lib/f1tenth_stack --single-version-externally-managed install_data
[0.501s] /usr/lib/python3/dist-packages/setuptools/dist.py:723: UserWarning: Usage of dash-separated 'script-dir' will not be supported in future versions. Please use the underscore name 'script_dir' instead
[0.501s]   warnings.warn(
[0.506s] running egg_info
[0.506s] creating ../../../build/f1tenth_stack/f1tenth_stack.egg-info
[0.506s] writing ../../../build/f1tenth_stack/f1tenth_stack.egg-info/PKG-INFO
[0.506s] writing dependency_links to ../../../build/f1tenth_stack/f1tenth_stack.egg-info/dependency_links.txt
[0.506s] writing entry points to ../../../build/f1tenth_stack/f1tenth_stack.egg-info/entry_points.txt
[0.506s] writing requirements to ../../../build/f1tenth_stack/f1tenth_stack.egg-info/requires.txt
[0.506s] writing top-level names to ../../../build/f1tenth_stack/f1tenth_stack.egg-info/top_level.txt
[0.506s] writing manifest file '../../../build/f1tenth_stack/f1tenth_stack.egg-info/SOURCES.txt'
[0.507s] reading manifest file '../../../build/f1tenth_stack/f1tenth_stack.egg-info/SOURCES.txt'
[0.508s] writing manifest file '../../../build/f1tenth_stack/f1tenth_stack.egg-info/SOURCES.txt'
[0.508s] running build
[0.508s] running build_py
[0.508s] creating /home/orin/Desktop/roboracer_ws/build/f1tenth_stack/build
[0.508s] creating /home/orin/Desktop/roboracer_ws/build/f1tenth_stack/build/lib
[0.508s] creating /home/orin/Desktop/roboracer_ws/build/f1tenth_stack/build/lib/f1tenth_stack
[0.508s] copying f1tenth_stack/tf_publisher.py -> /home/orin/Desktop/roboracer_ws/build/f1tenth_stack/build/lib/f1tenth_stack
[0.510s] copying f1tenth_stack/__init__.py -> /home/orin/Desktop/roboracer_ws/build/f1tenth_stack/build/lib/f1tenth_stack
[0.510s] copying f1tenth_stack/throttle_mix.py -> /home/orin/Desktop/roboracer_ws/build/f1tenth_stack/build/lib/f1tenth_stack
[0.510s] copying f1tenth_stack/speed_smoother.py -> /home/orin/Desktop/roboracer_ws/build/f1tenth_stack/build/lib/f1tenth_stack
[0.510s] copying f1tenth_stack/throttle_interpolator.py -> /home/orin/Desktop/roboracer_ws/build/f1tenth_stack/build/lib/f1tenth_stack
[0.510s] running install
[0.511s] running install_lib
[0.511s] creating /home/orin/Desktop/roboracer_ws/install/f1tenth_stack/lib/python3.10/site-packages/f1tenth_stack
[0.511s] copying /home/orin/Desktop/roboracer_ws/build/f1tenth_stack/build/lib/f1tenth_stack/tf_publisher.py -> /home/orin/Desktop/roboracer_ws/install/f1tenth_stack/lib/python3.10/site-packages/f1tenth_stack
[0.511s] copying /home/orin/Desktop/roboracer_ws/build/f1tenth_stack/build/lib/f1tenth_stack/__init__.py -> /home/orin/Desktop/roboracer_ws/install/f1tenth_stack/lib/python3.10/site-packages/f1tenth_stack
[0.511s] copying /home/orin/Desktop/roboracer_ws/build/f1tenth_stack/build/lib/f1tenth_stack/throttle_mix.py -> /home/orin/Desktop/roboracer_ws/install/f1tenth_stack/lib/python3.10/site-packages/f1tenth_stack
[0.511s] copying /home/orin/Desktop/roboracer_ws/build/f1tenth_stack/build/lib/f1tenth_stack/speed_smoother.py -> /home/orin/Desktop/roboracer_ws/install/f1tenth_stack/lib/python3.10/site-packages/f1tenth_stack
[0.511s] copying /home/orin/Desktop/roboracer_ws/build/f1tenth_stack/build/lib/f1tenth_stack/throttle_interpolator.py -> /home/orin/Desktop/roboracer_ws/install/f1tenth_stack/lib/python3.10/site-packages/f1tenth_stack
[0.512s] byte-compiling /home/orin/Desktop/roboracer_ws/install/f1tenth_stack/lib/python3.10/site-packages/f1tenth_stack/tf_publisher.py to tf_publisher.cpython-310.pyc
[0.512s] byte-compiling /home/orin/Desktop/roboracer_ws/install/f1tenth_stack/lib/python3.10/site-packages/f1tenth_stack/__init__.py to __init__.cpython-310.pyc
[0.512s] byte-compiling /home/orin/Desktop/roboracer_ws/install/f1tenth_stack/lib/python3.10/site-packages/f1tenth_stack/throttle_mix.py to throttle_mix.cpython-310.pyc
[0.513s] byte-compiling /home/orin/Desktop/roboracer_ws/install/f1tenth_stack/lib/python3.10/site-packages/f1tenth_stack/speed_smoother.py to speed_smoother.cpython-310.pyc
[0.513s] byte-compiling /home/orin/Desktop/roboracer_ws/install/f1tenth_stack/lib/python3.10/site-packages/f1tenth_stack/throttle_interpolator.py to throttle_interpolator.cpython-310.pyc
[0.514s] running install_data
[0.514s] creating /home/orin/Desktop/roboracer_ws/install/f1tenth_stack/share/ament_index
[0.514s] creating /home/orin/Desktop/roboracer_ws/install/f1tenth_stack/share/ament_index/resource_index
[0.514s] creating /home/orin/Desktop/roboracer_ws/install/f1tenth_stack/share/ament_index/resource_index/packages
[0.514s] copying resource/f1tenth_stack -> /home/orin/Desktop/roboracer_ws/install/f1tenth_stack/share/ament_index/resource_index/packages
[0.514s] copying package.xml -> /home/orin/Desktop/roboracer_ws/install/f1tenth_stack/share/f1tenth_stack
[0.514s] creating /home/orin/Desktop/roboracer_ws/install/f1tenth_stack/share/f1tenth_stack/launch
[0.514s] copying launch/bringup_launch.py -> /home/orin/Desktop/roboracer_ws/install/f1tenth_stack/share/f1tenth_stack/launch
[0.514s] creating /home/orin/Desktop/roboracer_ws/install/f1tenth_stack/share/f1tenth_stack/config
[0.514s] copying config/mux.yaml -> /home/orin/Desktop/roboracer_ws/install/f1tenth_stack/share/f1tenth_stack/config
[0.515s] copying config/throttle_mix.yaml -> /home/orin/Desktop/roboracer_ws/install/f1tenth_stack/share/f1tenth_stack/config
[0.515s] copying config/joy_teleop.yaml -> /home/orin/Desktop/roboracer_ws/install/f1tenth_stack/share/f1tenth_stack/config
[0.515s] copying config/f1tenth_online_async.yaml -> /home/orin/Desktop/roboracer_ws/install/f1tenth_stack/share/f1tenth_stack/config
[0.515s] copying config/sensors.yaml -> /home/orin/Desktop/roboracer_ws/install/f1tenth_stack/share/f1tenth_stack/config
[0.515s] copying config/vesc.yaml -> /home/orin/Desktop/roboracer_ws/install/f1tenth_stack/share/f1tenth_stack/config
[0.515s] copying config/speed_smoother.yaml -> /home/orin/Desktop/roboracer_ws/install/f1tenth_stack/share/f1tenth_stack/config
[0.515s] running install_egg_info
[0.516s] Copying ../../../build/f1tenth_stack/f1tenth_stack.egg-info to /home/orin/Desktop/roboracer_ws/install/f1tenth_stack/lib/python3.10/site-packages/f1tenth_stack-0.0.1-py3.10.egg-info
[0.517s] running install_scripts
[0.528s] Installing speed_smoother script to /home/orin/Desktop/roboracer_ws/install/f1tenth_stack/lib/f1tenth_stack
[0.528s] Installing tf_publisher script to /home/orin/Desktop/roboracer_ws/install/f1tenth_stack/lib/f1tenth_stack
[0.528s] Installing throttle_interpolator script to /home/orin/Desktop/roboracer_ws/install/f1tenth_stack/lib/f1tenth_stack
[0.528s] Installing throttle_mix script to /home/orin/Desktop/roboracer_ws/install/f1tenth_stack/lib/f1tenth_stack
[0.528s] writing list of installed files to '/home/orin/Desktop/roboracer_ws/build/f1tenth_stack/install.log'
[0.542s] Invoked command in '/home/orin/Desktop/roboracer_ws/src/f1tenth_system/f1tenth_stack' returned '0': AMENT_PREFIX_PATH=/home/orin/Desktop/roboracer_ws/install/ackermann_mux:${AMENT_PREFIX_PATH} CMAKE_PREFIX_PATH=/home/orin/Desktop/roboracer_ws/install/ackermann_mux:${CMAKE_PREFIX_PATH} PYTHONPATH=/home/orin/Desktop/roboracer_ws/build/f1tenth_stack/prefix_override:/usr/lib/python3/dist-packages/colcon_core/task/python/colcon_distutils_commands:/home/orin/Desktop/roboracer_ws/install/f1tenth_stack/lib/python3.10/site-packages:${PYTHONPATH} /usr/bin/python3 -W ignore:setup.py install is deprecated -W ignore:easy_install command is deprecated setup.py egg_info --egg-base ../../../build/f1tenth_stack build --build-base /home/orin/Desktop/roboracer_ws/build/f1tenth_stack/build install --record /home/orin/Desktop/roboracer_ws/build/f1tenth_stack/install.log --install-scripts $base/lib/f1tenth_stack --single-version-externally-managed install_data
