[0.003s] Invoking command in '/home/orin/Desktop/f1tenth_ws/lab1_ws/build/my_cpp_py_pkg': CMAKE_PREFIX_PATH=/opt/ros/humble /usr/bin/cmake /home/orin/Desktop/f1tenth_ws/lab1_ws/src/my_cpp_py_pkg -DCMAKE_INSTALL_PREFIX=/home/orin/Desktop/f1tenth_ws/lab1_ws/install/my_cpp_py_pkg
[0.096s] -- The C compiler identification is GNU 11.4.0
[0.162s] -- The CXX compiler identification is GNU 11.4.0
[0.169s] -- Detecting C compiler ABI info
[0.219s] -- Detecting C compiler ABI info - done
[0.224s] -- Check for working C compiler: /usr/bin/cc - skipped
[0.225s] -- Detecting C compile features
[0.225s] -- Detecting C compile features - done
[0.228s] -- Detecting CXX compiler ABI info
[0.277s] -- Detecting CXX compiler ABI info - done
[0.282s] -- Check for working CXX compiler: /usr/bin/c++ - skipped
[0.282s] -- Detecting CXX compile features
[0.282s] -- Detecting CXX compile features - done
[0.285s] -- Found ament_cmake: 1.3.13 (/opt/ros/humble/share/ament_cmake/cmake)
[0.420s] -- Found Python3: /usr/bin/python3 (found version "3.10.12") found components: Interpreter 
[0.532s] -- Found rclcpp: 16.0.18 (/opt/ros/humble/share/rclcpp/cmake)
[0.612s] -- Found rosidl_generator_c: 3.1.8 (/opt/ros/humble/share/rosidl_generator_c/cmake)
[0.616s] -- Found rosidl_adapter: 3.1.8 (/opt/ros/humble/share/rosidl_adapter/cmake)
[0.625s] -- Found rosidl_generator_cpp: 3.1.8 (/opt/ros/humble/share/rosidl_generator_cpp/cmake)
[0.636s] -- Using all available rosidl_typesupport_c: rosidl_typesupport_fastrtps_c;rosidl_typesupport_introspection_c
[0.649s] -- Using all available rosidl_typesupport_cpp: rosidl_typesupport_fastrtps_cpp;rosidl_typesupport_introspection_cpp
[0.687s] -- Found rmw_implementation_cmake: 6.1.2 (/opt/ros/humble/share/rmw_implementation_cmake/cmake)
[0.691s] -- Found rmw_fastrtps_cpp: 6.2.10 (/opt/ros/humble/share/rmw_fastrtps_cpp/cmake)
[0.745s] -- Found OpenSSL: /usr/lib/aarch64-linux-gnu/libcrypto.so (found version "3.0.2")  
[0.766s] -- Found FastRTPS: /opt/ros/humble/include  
[0.795s] -- Using RMW implementation 'rmw_fastrtps_cpp' as default
[0.804s] -- Looking for pthread.h
[0.859s] -- Looking for pthread.h - found
[0.859s] -- Performing Test CMAKE_HAVE_LIBC_PTHREAD
[0.913s] -- Performing Test CMAKE_HAVE_LIBC_PTHREAD - Success
[0.913s] -- Found Threads: TRUE  
[0.963s] -- Found rclpy: 3.3.20 (/opt/ros/humble/share/rclpy/cmake)
[0.965s] -- Found ackermann_msgs: 2.0.2 (/opt/ros/humble/share/ackermann_msgs/cmake)
[1.025s] -- Found ament_lint_auto: 0.12.15 (/opt/ros/humble/share/ament_lint_auto/cmake)
[1.077s] -- Added test 'cppcheck' to perform static code analysis on C / C++ code
[1.077s] -- Configured cppcheck include dirs: /home/orin/Desktop/f1tenth_ws/lab1_ws/src/my_cpp_py_pkg/include
[1.077s] -- Configured cppcheck exclude dirs and/or files: 
[1.078s] -- Added test 'flake8' to check Python code syntax and style conventions
[1.078s] -- Added test 'lint_cmake' to check CMake code style
[1.078s] -- Added test 'pep257' to check Python code against some of the docstring style conventions in PEP 257
[1.079s] -- Added test 'uncrustify' to check C / C++ code style
[1.079s] -- Configured uncrustify additional arguments: 
[1.080s] -- Added test 'xmllint' to check XML markup files
[1.080s] -- Configuring done
[1.086s] -- Generating done
[1.090s] -- Build files have been written to: /home/orin/Desktop/f1tenth_ws/lab1_ws/build/my_cpp_py_pkg
[1.096s] Invoked command in '/home/orin/Desktop/f1tenth_ws/lab1_ws/build/my_cpp_py_pkg' returned '0': CMAKE_PREFIX_PATH=/opt/ros/humble /usr/bin/cmake /home/orin/Desktop/f1tenth_ws/lab1_ws/src/my_cpp_py_pkg -DCMAKE_INSTALL_PREFIX=/home/orin/Desktop/f1tenth_ws/lab1_ws/install/my_cpp_py_pkg
[1.097s] Invoking command in '/home/orin/Desktop/f1tenth_ws/lab1_ws/build/my_cpp_py_pkg': CMAKE_PREFIX_PATH=/opt/ros/humble /usr/bin/cmake --build /home/orin/Desktop/f1tenth_ws/lab1_ws/build/my_cpp_py_pkg -- -j2 -l2
[1.126s] [ 50%] [32mBuilding CXX object CMakeFiles/cpp_executable.dir/src/cpp_node.cpp.o[0m
[1.132s] [ 50%] Built target ament_cmake_python_copy_my_cpp_py_pkg
[1.298s] running egg_info
[1.299s] creating my_cpp_py_pkg.egg-info
[1.299s] writing my_cpp_py_pkg.egg-info/PKG-INFO
[1.299s] writing dependency_links to my_cpp_py_pkg.egg-info/dependency_links.txt
[1.300s] writing top-level names to my_cpp_py_pkg.egg-info/top_level.txt
[1.301s] writing manifest file 'my_cpp_py_pkg.egg-info/SOURCES.txt'
[1.303s] reading manifest file 'my_cpp_py_pkg.egg-info/SOURCES.txt'
[1.303s] writing manifest file 'my_cpp_py_pkg.egg-info/SOURCES.txt'
[1.331s] [ 50%] Built target ament_cmake_python_build_my_cpp_py_pkg_egg
[3.800s] [100%] [32m[1mLinking CXX executable cpp_executable[0m
[3.901s] [100%] Built target cpp_executable
[3.910s] Invoked command in '/home/orin/Desktop/f1tenth_ws/lab1_ws/build/my_cpp_py_pkg' returned '0': CMAKE_PREFIX_PATH=/opt/ros/humble /usr/bin/cmake --build /home/orin/Desktop/f1tenth_ws/lab1_ws/build/my_cpp_py_pkg -- -j2 -l2
[3.915s] Invoking command in '/home/orin/Desktop/f1tenth_ws/lab1_ws/build/my_cpp_py_pkg': CMAKE_PREFIX_PATH=/opt/ros/humble /usr/bin/cmake --install /home/orin/Desktop/f1tenth_ws/lab1_ws/build/my_cpp_py_pkg
[3.919s] -- Install configuration: ""
[3.920s] -- Installing: /home/orin/Desktop/f1tenth_ws/lab1_ws/install/my_cpp_py_pkg/lib/my_cpp_py_pkg/cpp_executable
[3.920s] -- Set runtime path of "/home/orin/Desktop/f1tenth_ws/lab1_ws/install/my_cpp_py_pkg/lib/my_cpp_py_pkg/cpp_executable" to ""
[3.920s] -- Installing: /home/orin/Desktop/f1tenth_ws/lab1_ws/install/my_cpp_py_pkg/share/my_cpp_py_pkg/environment/pythonpath.sh
[3.920s] -- Installing: /home/orin/Desktop/f1tenth_ws/lab1_ws/install/my_cpp_py_pkg/share/my_cpp_py_pkg/environment/pythonpath.dsv
[3.920s] -- Installing: /home/orin/Desktop/f1tenth_ws/lab1_ws/install/my_cpp_py_pkg/local/lib/python3.10/dist-packages/my_cpp_py_pkg-0.0.0-py3.10.egg-info
[3.921s] -- Installing: /home/orin/Desktop/f1tenth_ws/lab1_ws/install/my_cpp_py_pkg/local/lib/python3.10/dist-packages/my_cpp_py_pkg-0.0.0-py3.10.egg-info/top_level.txt
[3.921s] -- Installing: /home/orin/Desktop/f1tenth_ws/lab1_ws/install/my_cpp_py_pkg/local/lib/python3.10/dist-packages/my_cpp_py_pkg-0.0.0-py3.10.egg-info/SOURCES.txt
[3.921s] -- Installing: /home/orin/Desktop/f1tenth_ws/lab1_ws/install/my_cpp_py_pkg/local/lib/python3.10/dist-packages/my_cpp_py_pkg-0.0.0-py3.10.egg-info/PKG-INFO
[3.921s] -- Installing: /home/orin/Desktop/f1tenth_ws/lab1_ws/install/my_cpp_py_pkg/local/lib/python3.10/dist-packages/my_cpp_py_pkg-0.0.0-py3.10.egg-info/dependency_links.txt
[3.921s] -- Installing: /home/orin/Desktop/f1tenth_ws/lab1_ws/install/my_cpp_py_pkg/local/lib/python3.10/dist-packages/my_cpp_py_pkg
[3.921s] -- Installing: /home/orin/Desktop/f1tenth_ws/lab1_ws/install/my_cpp_py_pkg/local/lib/python3.10/dist-packages/my_cpp_py_pkg/module_to_import.py
[3.921s] -- Installing: /home/orin/Desktop/f1tenth_ws/lab1_ws/install/my_cpp_py_pkg/local/lib/python3.10/dist-packages/my_cpp_py_pkg/__init__.py
[3.944s] Listing '/home/orin/Desktop/f1tenth_ws/lab1_ws/install/my_cpp_py_pkg/local/lib/python3.10/dist-packages/my_cpp_py_pkg'...
[3.945s] Compiling '/home/orin/Desktop/f1tenth_ws/lab1_ws/install/my_cpp_py_pkg/local/lib/python3.10/dist-packages/my_cpp_py_pkg/__init__.py'...
[3.945s] Compiling '/home/orin/Desktop/f1tenth_ws/lab1_ws/install/my_cpp_py_pkg/local/lib/python3.10/dist-packages/my_cpp_py_pkg/module_to_import.py'...
[3.950s] -- Installing: /home/orin/Desktop/f1tenth_ws/lab1_ws/install/my_cpp_py_pkg/lib/my_cpp_py_pkg/py_node.py
[3.951s] -- Installing: /home/orin/Desktop/f1tenth_ws/lab1_ws/install/my_cpp_py_pkg/lib/my_cpp_py_pkg/talker.py
[3.951s] -- Installing: /home/orin/Desktop/f1tenth_ws/lab1_ws/install/my_cpp_py_pkg/lib/my_cpp_py_pkg/relay.py
[3.951s] -- Installing: /home/orin/Desktop/f1tenth_ws/lab1_ws/install/my_cpp_py_pkg/share/my_cpp_py_pkg/config
[3.951s] -- Installing: /home/orin/Desktop/f1tenth_ws/lab1_ws/install/my_cpp_py_pkg/share/my_cpp_py_pkg/config/params.yaml
[3.952s] -- Installing: /home/orin/Desktop/f1tenth_ws/lab1_ws/install/my_cpp_py_pkg/share/my_cpp_py_pkg/launch
[3.952s] -- Installing: /home/orin/Desktop/f1tenth_ws/lab1_ws/install/my_cpp_py_pkg/share/my_cpp_py_pkg/launch/launch.py
[3.952s] -- Installing: /home/orin/Desktop/f1tenth_ws/lab1_ws/install/my_cpp_py_pkg/share/my_cpp_py_pkg/launch/__pycache__
[3.952s] -- Installing: /home/orin/Desktop/f1tenth_ws/lab1_ws/install/my_cpp_py_pkg/share/my_cpp_py_pkg/launch/__pycache__/launch.cpython-310.pyc
[3.953s] -- Installing: /home/orin/Desktop/f1tenth_ws/lab1_ws/install/my_cpp_py_pkg/share/ament_index/resource_index/package_run_dependencies/my_cpp_py_pkg
[3.953s] -- Installing: /home/orin/Desktop/f1tenth_ws/lab1_ws/install/my_cpp_py_pkg/share/ament_index/resource_index/parent_prefix_path/my_cpp_py_pkg
[3.953s] -- Installing: /home/orin/Desktop/f1tenth_ws/lab1_ws/install/my_cpp_py_pkg/share/my_cpp_py_pkg/environment/ament_prefix_path.sh
[3.953s] -- Installing: /home/orin/Desktop/f1tenth_ws/lab1_ws/install/my_cpp_py_pkg/share/my_cpp_py_pkg/environment/ament_prefix_path.dsv
[3.954s] -- Installing: /home/orin/Desktop/f1tenth_ws/lab1_ws/install/my_cpp_py_pkg/share/my_cpp_py_pkg/environment/path.sh
[3.954s] -- Installing: /home/orin/Desktop/f1tenth_ws/lab1_ws/install/my_cpp_py_pkg/share/my_cpp_py_pkg/environment/path.dsv
[3.954s] -- Installing: /home/orin/Desktop/f1tenth_ws/lab1_ws/install/my_cpp_py_pkg/share/my_cpp_py_pkg/local_setup.bash
[3.954s] -- Installing: /home/orin/Desktop/f1tenth_ws/lab1_ws/install/my_cpp_py_pkg/share/my_cpp_py_pkg/local_setup.sh
[3.954s] -- Installing: /home/orin/Desktop/f1tenth_ws/lab1_ws/install/my_cpp_py_pkg/share/my_cpp_py_pkg/local_setup.zsh
[3.954s] -- Installing: /home/orin/Desktop/f1tenth_ws/lab1_ws/install/my_cpp_py_pkg/share/my_cpp_py_pkg/local_setup.dsv
[3.954s] -- Installing: /home/orin/Desktop/f1tenth_ws/lab1_ws/install/my_cpp_py_pkg/share/my_cpp_py_pkg/package.dsv
[3.955s] -- Installing: /home/orin/Desktop/f1tenth_ws/lab1_ws/install/my_cpp_py_pkg/share/ament_index/resource_index/packages/my_cpp_py_pkg
[3.955s] -- Installing: /home/orin/Desktop/f1tenth_ws/lab1_ws/install/my_cpp_py_pkg/share/my_cpp_py_pkg/cmake/my_cpp_py_pkgConfig.cmake
[3.955s] -- Installing: /home/orin/Desktop/f1tenth_ws/lab1_ws/install/my_cpp_py_pkg/share/my_cpp_py_pkg/cmake/my_cpp_py_pkgConfig-version.cmake
[3.955s] -- Installing: /home/orin/Desktop/f1tenth_ws/lab1_ws/install/my_cpp_py_pkg/share/my_cpp_py_pkg/package.xml
[3.958s] Invoked command in '/home/orin/Desktop/f1tenth_ws/lab1_ws/build/my_cpp_py_pkg' returned '0': CMAKE_PREFIX_PATH=/opt/ros/humble /usr/bin/cmake --install /home/orin/Desktop/f1tenth_ws/lab1_ws/build/my_cpp_py_pkg
