[0.107s] DEBUG:colcon:Command line arguments: ['/usr/bin/colcon', 'build']
[0.107s] DEBUG:colcon:Parsed command line arguments: Namespace(log_base=None, log_level=None, verb_name='build', build_base='build', install_base='install', merge_install=False, symlink_install=False, test_result_base=None, continue_on_error=False, executor='parallel', parallel_workers=2, event_handlers=None, ignore_user_meta=False, metas=['./colcon.meta'], base_paths=['.'], packages_ignore=None, packages_ignore_regex=None, paths=None, packages_up_to=None, packages_up_to_regex=None, packages_above=None, packages_above_and_dependencies=None, packages_above_depth=None, packages_select_by_dep=None, packages_skip_by_dep=None, packages_skip_up_to=None, packages_select_build_failed=False, packages_skip_build_finished=False, packages_select_test_failures=False, packages_skip_test_passed=False, packages_select=None, packages_skip=None, packages_select_regex=None, packages_skip_regex=None, packages_start=None, packages_end=None, allow_overriding=[], cmake_args=None, cmake_target=None, cmake_target_skip_unavailable=False, cmake_clean_cache=False, cmake_clean_first=False, cmake_force_configure=False, ament_cmake_args=None, catkin_cmake_args=None, catkin_skip_building_tests=False, mixin_files=None, mixin=None, verb_parser=<colcon_mixin.mixin.mixin_argument.MixinArgumentDecorator object at 0xffff897a28f0>, verb_extension=<colcon_core.verb.build.BuildVerb object at 0xffff898938b0>, main=<bound method BuildVerb.main of <colcon_core.verb.build.BuildVerb object at 0xffff898938b0>>, mixin_verb=('build',))
[0.201s] Level 1:colcon.colcon_core.package_discovery:discover_packages(colcon_meta) check parameters
[0.201s] Level 1:colcon.colcon_core.package_discovery:discover_packages(recursive) check parameters
[0.201s] Level 1:colcon.colcon_core.package_discovery:discover_packages(ignore) check parameters
[0.201s] Level 1:colcon.colcon_core.package_discovery:discover_packages(path) check parameters
[0.201s] Level 1:colcon.colcon_core.package_discovery:discover_packages(colcon_meta) discover
[0.201s] Level 1:colcon.colcon_core.package_discovery:discover_packages(recursive) discover
[0.201s] INFO:colcon.colcon_core.package_discovery:Crawling recursively for packages in '/home/orin/Desktop/roboracer-purdue/Meghaj_roboracer_ws'
[0.201s] Level 1:colcon.colcon_core.package_identification:_identify(.) by extensions ['ignore', 'ignore_ament_install']
[0.201s] Level 1:colcon.colcon_core.package_identification:_identify(.) by extension 'ignore'
[0.201s] Level 1:colcon.colcon_core.package_identification:_identify(.) by extension 'ignore_ament_install'
[0.201s] Level 1:colcon.colcon_core.package_identification:_identify(.) by extensions ['colcon_pkg']
[0.201s] Level 1:colcon.colcon_core.package_identification:_identify(.) by extension 'colcon_pkg'
[0.201s] Level 1:colcon.colcon_core.package_identification:_identify(.) by extensions ['colcon_meta']
[0.202s] Level 1:colcon.colcon_core.package_identification:_identify(.) by extension 'colcon_meta'
[0.202s] Level 1:colcon.colcon_core.package_identification:_identify(.) by extensions ['ros']
[0.202s] Level 1:colcon.colcon_core.package_identification:_identify(.) by extension 'ros'
[0.210s] Level 1:colcon.colcon_core.package_identification:_identify(.) by extensions ['cmake', 'python']
[0.210s] Level 1:colcon.colcon_core.package_identification:_identify(.) by extension 'cmake'
[0.210s] Level 1:colcon.colcon_core.package_identification:_identify(.) by extension 'python'
[0.210s] Level 1:colcon.colcon_core.package_identification:_identify(.) by extensions ['python_setup_py']
[0.210s] Level 1:colcon.colcon_core.package_identification:_identify(.) by extension 'python_setup_py'
[0.210s] Level 1:colcon.colcon_core.package_identification:_identify(Notes) by extensions ['ignore', 'ignore_ament_install']
[0.210s] Level 1:colcon.colcon_core.package_identification:_identify(Notes) by extension 'ignore'
[0.210s] Level 1:colcon.colcon_core.package_identification:_identify(Notes) by extension 'ignore_ament_install'
[0.210s] Level 1:colcon.colcon_core.package_identification:_identify(Notes) by extensions ['colcon_pkg']
[0.210s] Level 1:colcon.colcon_core.package_identification:_identify(Notes) by extension 'colcon_pkg'
[0.210s] Level 1:colcon.colcon_core.package_identification:_identify(Notes) by extensions ['colcon_meta']
[0.210s] Level 1:colcon.colcon_core.package_identification:_identify(Notes) by extension 'colcon_meta'
[0.210s] Level 1:colcon.colcon_core.package_identification:_identify(Notes) by extensions ['ros']
[0.210s] Level 1:colcon.colcon_core.package_identification:_identify(Notes) by extension 'ros'
[0.210s] Level 1:colcon.colcon_core.package_identification:_identify(Notes) by extensions ['cmake', 'python']
[0.210s] Level 1:colcon.colcon_core.package_identification:_identify(Notes) by extension 'cmake'
[0.211s] Level 1:colcon.colcon_core.package_identification:_identify(Notes) by extension 'python'
[0.211s] Level 1:colcon.colcon_core.package_identification:_identify(Notes) by extensions ['python_setup_py']
[0.211s] Level 1:colcon.colcon_core.package_identification:_identify(Notes) by extension 'python_setup_py'
[0.211s] Level 1:colcon.colcon_core.package_identification:_identify(build) by extensions ['ignore', 'ignore_ament_install']
[0.211s] Level 1:colcon.colcon_core.package_identification:_identify(build) by extension 'ignore'
[0.211s] Level 1:colcon.colcon_core.package_identification:_identify(build) ignored
[0.211s] Level 1:colcon.colcon_core.package_identification:_identify(install) by extensions ['ignore', 'ignore_ament_install']
[0.211s] Level 1:colcon.colcon_core.package_identification:_identify(install) by extension 'ignore'
[0.211s] Level 1:colcon.colcon_core.package_identification:_identify(install) ignored
[0.211s] Level 1:colcon.colcon_core.package_identification:_identify(lab1_ws) by extensions ['ignore', 'ignore_ament_install']
[0.211s] Level 1:colcon.colcon_core.package_identification:_identify(lab1_ws) by extension 'ignore'
[0.211s] Level 1:colcon.colcon_core.package_identification:_identify(lab1_ws) by extension 'ignore_ament_install'
[0.211s] Level 1:colcon.colcon_core.package_identification:_identify(lab1_ws) by extensions ['colcon_pkg']
[0.211s] Level 1:colcon.colcon_core.package_identification:_identify(lab1_ws) by extension 'colcon_pkg'
[0.211s] Level 1:colcon.colcon_core.package_identification:_identify(lab1_ws) by extensions ['colcon_meta']
[0.211s] Level 1:colcon.colcon_core.package_identification:_identify(lab1_ws) by extension 'colcon_meta'
[0.211s] Level 1:colcon.colcon_core.package_identification:_identify(lab1_ws) by extensions ['ros']
[0.211s] Level 1:colcon.colcon_core.package_identification:_identify(lab1_ws) by extension 'ros'
[0.211s] Level 1:colcon.colcon_core.package_identification:_identify(lab1_ws) by extensions ['cmake', 'python']
[0.211s] Level 1:colcon.colcon_core.package_identification:_identify(lab1_ws) by extension 'cmake'
[0.211s] Level 1:colcon.colcon_core.package_identification:_identify(lab1_ws) by extension 'python'
[0.211s] Level 1:colcon.colcon_core.package_identification:_identify(lab1_ws) by extensions ['python_setup_py']
[0.211s] Level 1:colcon.colcon_core.package_identification:_identify(lab1_ws) by extension 'python_setup_py'
[0.212s] Level 1:colcon.colcon_core.package_identification:_identify(lab1_ws/build) by extensions ['ignore', 'ignore_ament_install']
[0.212s] Level 1:colcon.colcon_core.package_identification:_identify(lab1_ws/build) by extension 'ignore'
[0.212s] Level 1:colcon.colcon_core.package_identification:_identify(lab1_ws/build) ignored
[0.212s] Level 1:colcon.colcon_core.package_identification:_identify(lab1_ws/install) by extensions ['ignore', 'ignore_ament_install']
[0.212s] Level 1:colcon.colcon_core.package_identification:_identify(lab1_ws/install) by extension 'ignore'
[0.212s] Level 1:colcon.colcon_core.package_identification:_identify(lab1_ws/install) ignored
[0.212s] Level 1:colcon.colcon_core.package_identification:_identify(lab1_ws/log) by extensions ['ignore', 'ignore_ament_install']
[0.212s] Level 1:colcon.colcon_core.package_identification:_identify(lab1_ws/log) by extension 'ignore'
[0.212s] Level 1:colcon.colcon_core.package_identification:_identify(lab1_ws/log) ignored
[0.213s] Level 1:colcon.colcon_core.package_identification:_identify(lab1_ws/src) by extensions ['ignore', 'ignore_ament_install']
[0.213s] Level 1:colcon.colcon_core.package_identification:_identify(lab1_ws/src) by extension 'ignore'
[0.213s] Level 1:colcon.colcon_core.package_identification:_identify(lab1_ws/src) by extension 'ignore_ament_install'
[0.213s] Level 1:colcon.colcon_core.package_identification:_identify(lab1_ws/src) by extensions ['colcon_pkg']
[0.213s] Level 1:colcon.colcon_core.package_identification:_identify(lab1_ws/src) by extension 'colcon_pkg'
[0.213s] Level 1:colcon.colcon_core.package_identification:_identify(lab1_ws/src) by extensions ['colcon_meta']
[0.213s] Level 1:colcon.colcon_core.package_identification:_identify(lab1_ws/src) by extension 'colcon_meta'
[0.213s] Level 1:colcon.colcon_core.package_identification:_identify(lab1_ws/src) by extensions ['ros']
[0.213s] Level 1:colcon.colcon_core.package_identification:_identify(lab1_ws/src) by extension 'ros'
[0.213s] Level 1:colcon.colcon_core.package_identification:_identify(lab1_ws/src) by extensions ['cmake', 'python']
[0.213s] Level 1:colcon.colcon_core.package_identification:_identify(lab1_ws/src) by extension 'cmake'
[0.213s] Level 1:colcon.colcon_core.package_identification:_identify(lab1_ws/src) by extension 'python'
[0.213s] Level 1:colcon.colcon_core.package_identification:_identify(lab1_ws/src) by extensions ['python_setup_py']
[0.213s] Level 1:colcon.colcon_core.package_identification:_identify(lab1_ws/src) by extension 'python_setup_py'
[0.214s] Level 1:colcon.colcon_core.package_identification:_identify(lab1_ws/src/my_cpp_py_pkg) by extensions ['ignore', 'ignore_ament_install']
[0.214s] Level 1:colcon.colcon_core.package_identification:_identify(lab1_ws/src/my_cpp_py_pkg) by extension 'ignore'
[0.214s] Level 1:colcon.colcon_core.package_identification:_identify(lab1_ws/src/my_cpp_py_pkg) by extension 'ignore_ament_install'
[0.214s] Level 1:colcon.colcon_core.package_identification:_identify(lab1_ws/src/my_cpp_py_pkg) by extensions ['colcon_pkg']
[0.214s] Level 1:colcon.colcon_core.package_identification:_identify(lab1_ws/src/my_cpp_py_pkg) by extension 'colcon_pkg'
[0.214s] Level 1:colcon.colcon_core.package_identification:_identify(lab1_ws/src/my_cpp_py_pkg) by extensions ['colcon_meta']
[0.214s] Level 1:colcon.colcon_core.package_identification:_identify(lab1_ws/src/my_cpp_py_pkg) by extension 'colcon_meta'
[0.214s] Level 1:colcon.colcon_core.package_identification:_identify(lab1_ws/src/my_cpp_py_pkg) by extensions ['ros']
[0.214s] Level 1:colcon.colcon_core.package_identification:_identify(lab1_ws/src/my_cpp_py_pkg) by extension 'ros'
[0.216s] DEBUG:colcon.colcon_core.package_identification:Package 'lab1_ws/src/my_cpp_py_pkg' with type 'ros.ament_cmake' and name 'my_cpp_py_pkg'
[0.216s] Level 1:colcon.colcon_core.package_identification:_identify(log) by extensions ['ignore', 'ignore_ament_install']
[0.216s] Level 1:colcon.colcon_core.package_identification:_identify(log) by extension 'ignore'
[0.216s] Level 1:colcon.colcon_core.package_identification:_identify(log) ignored
[0.216s] Level 1:colcon.colcon_core.package_identification:_identify(one_car_gym_roboracer) by extensions ['ignore', 'ignore_ament_install']
[0.216s] Level 1:colcon.colcon_core.package_identification:_identify(one_car_gym_roboracer) by extension 'ignore'
[0.216s] Level 1:colcon.colcon_core.package_identification:_identify(one_car_gym_roboracer) by extension 'ignore_ament_install'
[0.216s] Level 1:colcon.colcon_core.package_identification:_identify(one_car_gym_roboracer) by extensions ['colcon_pkg']
[0.216s] Level 1:colcon.colcon_core.package_identification:_identify(one_car_gym_roboracer) by extension 'colcon_pkg'
[0.216s] Level 1:colcon.colcon_core.package_identification:_identify(one_car_gym_roboracer) by extensions ['colcon_meta']
[0.216s] Level 1:colcon.colcon_core.package_identification:_identify(one_car_gym_roboracer) by extension 'colcon_meta'
[0.216s] Level 1:colcon.colcon_core.package_identification:_identify(one_car_gym_roboracer) by extensions ['ros']
[0.216s] Level 1:colcon.colcon_core.package_identification:_identify(one_car_gym_roboracer) by extension 'ros'
[0.216s] Level 1:colcon.colcon_core.package_identification:_identify(one_car_gym_roboracer) by extensions ['cmake', 'python']
[0.216s] Level 1:colcon.colcon_core.package_identification:_identify(one_car_gym_roboracer) by extension 'cmake'
[0.216s] Level 1:colcon.colcon_core.package_identification:_identify(one_car_gym_roboracer) by extension 'python'
[0.216s] Level 1:colcon.colcon_core.package_identification:_identify(one_car_gym_roboracer) by extensions ['python_setup_py']
[0.216s] Level 1:colcon.colcon_core.package_identification:_identify(one_car_gym_roboracer) by extension 'python_setup_py'
[0.216s] Level 1:colcon.colcon_core.package_identification:_identify(one_car_gym_roboracer/f1tenth_gym) by extensions ['ignore', 'ignore_ament_install']
[0.217s] Level 1:colcon.colcon_core.package_identification:_identify(one_car_gym_roboracer/f1tenth_gym) by extension 'ignore'
[0.217s] Level 1:colcon.colcon_core.package_identification:_identify(one_car_gym_roboracer/f1tenth_gym) by extension 'ignore_ament_install'
[0.217s] Level 1:colcon.colcon_core.package_identification:_identify(one_car_gym_roboracer/f1tenth_gym) by extensions ['colcon_pkg']
[0.217s] Level 1:colcon.colcon_core.package_identification:_identify(one_car_gym_roboracer/f1tenth_gym) by extension 'colcon_pkg'
[0.217s] Level 1:colcon.colcon_core.package_identification:_identify(one_car_gym_roboracer/f1tenth_gym) by extensions ['colcon_meta']
[0.217s] Level 1:colcon.colcon_core.package_identification:_identify(one_car_gym_roboracer/f1tenth_gym) by extension 'colcon_meta'
[0.217s] Level 1:colcon.colcon_core.package_identification:_identify(one_car_gym_roboracer/f1tenth_gym) by extensions ['ros']
[0.217s] Level 1:colcon.colcon_core.package_identification:_identify(one_car_gym_roboracer/f1tenth_gym) by extension 'ros'
[0.217s] Level 1:colcon.colcon_core.package_identification:_identify(one_car_gym_roboracer/f1tenth_gym) by extensions ['cmake', 'python']
[0.217s] Level 1:colcon.colcon_core.package_identification:_identify(one_car_gym_roboracer/f1tenth_gym) by extension 'cmake'
[0.217s] Level 1:colcon.colcon_core.package_identification:_identify(one_car_gym_roboracer/f1tenth_gym) by extension 'python'
[0.217s] Level 1:colcon.colcon_core.package_identification:_identify(one_car_gym_roboracer/f1tenth_gym) by extensions ['python_setup_py']
[0.217s] Level 1:colcon.colcon_core.package_identification:_identify(one_car_gym_roboracer/f1tenth_gym) by extension 'python_setup_py'
[0.362s] DEBUG:colcon.colcon_core.package_identification:Package 'one_car_gym_roboracer/f1tenth_gym' with type 'python' and name 'f110_gym'
[0.363s] Level 1:colcon.colcon_core.package_identification:_identify(src) by extensions ['ignore', 'ignore_ament_install']
[0.363s] Level 1:colcon.colcon_core.package_identification:_identify(src) by extension 'ignore'
[0.363s] Level 1:colcon.colcon_core.package_identification:_identify(src) by extension 'ignore_ament_install'
[0.363s] Level 1:colcon.colcon_core.package_identification:_identify(src) by extensions ['colcon_pkg']
[0.363s] Level 1:colcon.colcon_core.package_identification:_identify(src) by extension 'colcon_pkg'
[0.363s] Level 1:colcon.colcon_core.package_identification:_identify(src) by extensions ['colcon_meta']
[0.363s] Level 1:colcon.colcon_core.package_identification:_identify(src) by extension 'colcon_meta'
[0.363s] Level 1:colcon.colcon_core.package_identification:_identify(src) by extensions ['ros']
[0.363s] Level 1:colcon.colcon_core.package_identification:_identify(src) by extension 'ros'
[0.363s] Level 1:colcon.colcon_core.package_identification:_identify(src) by extensions ['cmake', 'python']
[0.363s] Level 1:colcon.colcon_core.package_identification:_identify(src) by extension 'cmake'
[0.363s] Level 1:colcon.colcon_core.package_identification:_identify(src) by extension 'python'
[0.363s] Level 1:colcon.colcon_core.package_identification:_identify(src) by extensions ['python_setup_py']
[0.363s] Level 1:colcon.colcon_core.package_identification:_identify(src) by extension 'python_setup_py'
[0.364s] Level 1:colcon.colcon_core.package_identification:_identify(src/f1tenth_gym_ros) by extensions ['ignore', 'ignore_ament_install']
[0.364s] Level 1:colcon.colcon_core.package_identification:_identify(src/f1tenth_gym_ros) by extension 'ignore'
[0.364s] Level 1:colcon.colcon_core.package_identification:_identify(src/f1tenth_gym_ros) by extension 'ignore_ament_install'
[0.364s] Level 1:colcon.colcon_core.package_identification:_identify(src/f1tenth_gym_ros) by extensions ['colcon_pkg']
[0.364s] Level 1:colcon.colcon_core.package_identification:_identify(src/f1tenth_gym_ros) by extension 'colcon_pkg'
[0.364s] Level 1:colcon.colcon_core.package_identification:_identify(src/f1tenth_gym_ros) by extensions ['colcon_meta']
[0.364s] Level 1:colcon.colcon_core.package_identification:_identify(src/f1tenth_gym_ros) by extension 'colcon_meta'
[0.364s] Level 1:colcon.colcon_core.package_identification:_identify(src/f1tenth_gym_ros) by extensions ['ros']
[0.364s] Level 1:colcon.colcon_core.package_identification:_identify(src/f1tenth_gym_ros) by extension 'ros'
[0.365s] DEBUG:colcon.colcon_core.package_identification:Package 'src/f1tenth_gym_ros' with type 'ros.ament_python' and name 'f1tenth_gym_ros'
[0.365s] Level 1:colcon.colcon_core.package_identification:_identify(src/f1tenth_system) by extensions ['ignore', 'ignore_ament_install']
[0.365s] Level 1:colcon.colcon_core.package_identification:_identify(src/f1tenth_system) by extension 'ignore'
[0.365s] Level 1:colcon.colcon_core.package_identification:_identify(src/f1tenth_system) by extension 'ignore_ament_install'
[0.365s] Level 1:colcon.colcon_core.package_identification:_identify(src/f1tenth_system) by extensions ['colcon_pkg']
[0.365s] Level 1:colcon.colcon_core.package_identification:_identify(src/f1tenth_system) by extension 'colcon_pkg'
[0.365s] Level 1:colcon.colcon_core.package_identification:_identify(src/f1tenth_system) by extensions ['colcon_meta']
[0.365s] Level 1:colcon.colcon_core.package_identification:_identify(src/f1tenth_system) by extension 'colcon_meta'
[0.365s] Level 1:colcon.colcon_core.package_identification:_identify(src/f1tenth_system) by extensions ['ros']
[0.365s] Level 1:colcon.colcon_core.package_identification:_identify(src/f1tenth_system) by extension 'ros'
[0.365s] Level 1:colcon.colcon_core.package_identification:_identify(src/f1tenth_system) by extensions ['cmake', 'python']
[0.365s] Level 1:colcon.colcon_core.package_identification:_identify(src/f1tenth_system) by extension 'cmake'
[0.365s] Level 1:colcon.colcon_core.package_identification:_identify(src/f1tenth_system) by extension 'python'
[0.365s] Level 1:colcon.colcon_core.package_identification:_identify(src/f1tenth_system) by extensions ['python_setup_py']
[0.365s] Level 1:colcon.colcon_core.package_identification:_identify(src/f1tenth_system) by extension 'python_setup_py'
[0.365s] Level 1:colcon.colcon_core.package_identification:_identify(src/f1tenth_system/ackermann_mux) by extensions ['ignore', 'ignore_ament_install']
[0.365s] Level 1:colcon.colcon_core.package_identification:_identify(src/f1tenth_system/ackermann_mux) by extension 'ignore'
[0.365s] Level 1:colcon.colcon_core.package_identification:_identify(src/f1tenth_system/ackermann_mux) by extension 'ignore_ament_install'
[0.365s] Level 1:colcon.colcon_core.package_identification:_identify(src/f1tenth_system/ackermann_mux) by extensions ['colcon_pkg']
[0.365s] Level 1:colcon.colcon_core.package_identification:_identify(src/f1tenth_system/ackermann_mux) by extension 'colcon_pkg'
[0.365s] Level 1:colcon.colcon_core.package_identification:_identify(src/f1tenth_system/ackermann_mux) by extensions ['colcon_meta']
[0.365s] Level 1:colcon.colcon_core.package_identification:_identify(src/f1tenth_system/ackermann_mux) by extension 'colcon_meta'
[0.365s] Level 1:colcon.colcon_core.package_identification:_identify(src/f1tenth_system/ackermann_mux) by extensions ['ros']
[0.365s] Level 1:colcon.colcon_core.package_identification:_identify(src/f1tenth_system/ackermann_mux) by extension 'ros'
[0.366s] DEBUG:colcon.colcon_core.package_identification:Package 'src/f1tenth_system/ackermann_mux' with type 'ros.ament_cmake' and name 'ackermann_mux'
[0.367s] Level 1:colcon.colcon_core.package_identification:_identify(src/f1tenth_system/f1tenth_stack) by extensions ['ignore', 'ignore_ament_install']
[0.367s] Level 1:colcon.colcon_core.package_identification:_identify(src/f1tenth_system/f1tenth_stack) by extension 'ignore'
[0.367s] Level 1:colcon.colcon_core.package_identification:_identify(src/f1tenth_system/f1tenth_stack) by extension 'ignore_ament_install'
[0.367s] Level 1:colcon.colcon_core.package_identification:_identify(src/f1tenth_system/f1tenth_stack) by extensions ['colcon_pkg']
[0.367s] Level 1:colcon.colcon_core.package_identification:_identify(src/f1tenth_system/f1tenth_stack) by extension 'colcon_pkg'
[0.367s] Level 1:colcon.colcon_core.package_identification:_identify(src/f1tenth_system/f1tenth_stack) by extensions ['colcon_meta']
[0.367s] Level 1:colcon.colcon_core.package_identification:_identify(src/f1tenth_system/f1tenth_stack) by extension 'colcon_meta'
[0.367s] Level 1:colcon.colcon_core.package_identification:_identify(src/f1tenth_system/f1tenth_stack) by extensions ['ros']
[0.367s] Level 1:colcon.colcon_core.package_identification:_identify(src/f1tenth_system/f1tenth_stack) by extension 'ros'
[0.368s] DEBUG:colcon.colcon_core.package_identification:Package 'src/f1tenth_system/f1tenth_stack' with type 'ros.ament_python' and name 'f1tenth_stack'
[0.368s] Level 1:colcon.colcon_core.package_discovery:discover_packages(recursive) using defaults
[0.368s] Level 1:colcon.colcon_core.package_discovery:discover_packages(ignore) discover
[0.368s] Level 1:colcon.colcon_core.package_discovery:discover_packages(ignore) using defaults
[0.368s] Level 1:colcon.colcon_core.package_discovery:discover_packages(path) discover
[0.368s] Level 1:colcon.colcon_core.package_discovery:discover_packages(path) using defaults
[0.388s] Level 1:colcon.colcon_core.package_discovery:discover_packages(prefix_path) check parameters
[0.388s] Level 1:colcon.colcon_core.package_discovery:discover_packages(prefix_path) discover
[0.391s] DEBUG:colcon.colcon_installed_package_information.package_discovery:Found 284 installed packages in /opt/ros/humble
[0.391s] Level 1:colcon.colcon_core.package_discovery:discover_packages(prefix_path) using defaults
[0.451s] Level 5:colcon.colcon_core.verb:set package 'ackermann_mux' build argument 'cmake_args' from command line to 'None'
[0.451s] Level 5:colcon.colcon_core.verb:set package 'ackermann_mux' build argument 'cmake_target' from command line to 'None'
[0.451s] Level 5:colcon.colcon_core.verb:set package 'ackermann_mux' build argument 'cmake_target_skip_unavailable' from command line to 'False'
[0.451s] Level 5:colcon.colcon_core.verb:set package 'ackermann_mux' build argument 'cmake_clean_cache' from command line to 'False'
[0.451s] Level 5:colcon.colcon_core.verb:set package 'ackermann_mux' build argument 'cmake_clean_first' from command line to 'False'
[0.451s] Level 5:colcon.colcon_core.verb:set package 'ackermann_mux' build argument 'cmake_force_configure' from command line to 'False'
[0.451s] Level 5:colcon.colcon_core.verb:set package 'ackermann_mux' build argument 'ament_cmake_args' from command line to 'None'
[0.451s] Level 5:colcon.colcon_core.verb:set package 'ackermann_mux' build argument 'catkin_cmake_args' from command line to 'None'
[0.451s] Level 5:colcon.colcon_core.verb:set package 'ackermann_mux' build argument 'catkin_skip_building_tests' from command line to 'False'
[0.451s] DEBUG:colcon.colcon_core.verb:Building package 'ackermann_mux' with the following arguments: {'ament_cmake_args': None, 'build_base': '/home/orin/Desktop/roboracer-purdue/Meghaj_roboracer_ws/build/ackermann_mux', 'catkin_cmake_args': None, 'catkin_skip_building_tests': False, 'cmake_args': None, 'cmake_clean_cache': False, 'cmake_clean_first': False, 'cmake_force_configure': False, 'cmake_target': None, 'cmake_target_skip_unavailable': False, 'install_base': '/home/orin/Desktop/roboracer-purdue/Meghaj_roboracer_ws/install/ackermann_mux', 'merge_install': False, 'path': '/home/orin/Desktop/roboracer-purdue/Meghaj_roboracer_ws/src/f1tenth_system/ackermann_mux', 'symlink_install': False, 'test_result_base': None}
[0.451s] Level 5:colcon.colcon_core.verb:set package 'f110_gym' build argument 'cmake_args' from command line to 'None'
[0.451s] Level 5:colcon.colcon_core.verb:set package 'f110_gym' build argument 'cmake_target' from command line to 'None'
[0.451s] Level 5:colcon.colcon_core.verb:set package 'f110_gym' build argument 'cmake_target_skip_unavailable' from command line to 'False'
[0.451s] Level 5:colcon.colcon_core.verb:set package 'f110_gym' build argument 'cmake_clean_cache' from command line to 'False'
[0.451s] Level 5:colcon.colcon_core.verb:set package 'f110_gym' build argument 'cmake_clean_first' from command line to 'False'
[0.451s] Level 5:colcon.colcon_core.verb:set package 'f110_gym' build argument 'cmake_force_configure' from command line to 'False'
[0.451s] Level 5:colcon.colcon_core.verb:set package 'f110_gym' build argument 'ament_cmake_args' from command line to 'None'
[0.451s] Level 5:colcon.colcon_core.verb:set package 'f110_gym' build argument 'catkin_cmake_args' from command line to 'None'
[0.451s] Level 5:colcon.colcon_core.verb:set package 'f110_gym' build argument 'catkin_skip_building_tests' from command line to 'False'
[0.451s] DEBUG:colcon.colcon_core.verb:Building package 'f110_gym' with the following arguments: {'ament_cmake_args': None, 'build_base': '/home/orin/Desktop/roboracer-purdue/Meghaj_roboracer_ws/build/f110_gym', 'catkin_cmake_args': None, 'catkin_skip_building_tests': False, 'cmake_args': None, 'cmake_clean_cache': False, 'cmake_clean_first': False, 'cmake_force_configure': False, 'cmake_target': None, 'cmake_target_skip_unavailable': False, 'install_base': '/home/orin/Desktop/roboracer-purdue/Meghaj_roboracer_ws/install/f110_gym', 'merge_install': False, 'path': '/home/orin/Desktop/roboracer-purdue/Meghaj_roboracer_ws/one_car_gym_roboracer/f1tenth_gym', 'symlink_install': False, 'test_result_base': None}
[0.451s] Level 5:colcon.colcon_core.verb:set package 'f1tenth_gym_ros' build argument 'cmake_args' from command line to 'None'
[0.451s] Level 5:colcon.colcon_core.verb:set package 'f1tenth_gym_ros' build argument 'cmake_target' from command line to 'None'
[0.451s] Level 5:colcon.colcon_core.verb:set package 'f1tenth_gym_ros' build argument 'cmake_target_skip_unavailable' from command line to 'False'
[0.451s] Level 5:colcon.colcon_core.verb:set package 'f1tenth_gym_ros' build argument 'cmake_clean_cache' from command line to 'False'
[0.451s] Level 5:colcon.colcon_core.verb:set package 'f1tenth_gym_ros' build argument 'cmake_clean_first' from command line to 'False'
[0.451s] Level 5:colcon.colcon_core.verb:set package 'f1tenth_gym_ros' build argument 'cmake_force_configure' from command line to 'False'
[0.451s] Level 5:colcon.colcon_core.verb:set package 'f1tenth_gym_ros' build argument 'ament_cmake_args' from command line to 'None'
[0.451s] Level 5:colcon.colcon_core.verb:set package 'f1tenth_gym_ros' build argument 'catkin_cmake_args' from command line to 'None'
[0.451s] Level 5:colcon.colcon_core.verb:set package 'f1tenth_gym_ros' build argument 'catkin_skip_building_tests' from command line to 'False'
[0.451s] DEBUG:colcon.colcon_core.verb:Building package 'f1tenth_gym_ros' with the following arguments: {'ament_cmake_args': None, 'build_base': '/home/orin/Desktop/roboracer-purdue/Meghaj_roboracer_ws/build/f1tenth_gym_ros', 'catkin_cmake_args': None, 'catkin_skip_building_tests': False, 'cmake_args': None, 'cmake_clean_cache': False, 'cmake_clean_first': False, 'cmake_force_configure': False, 'cmake_target': None, 'cmake_target_skip_unavailable': False, 'install_base': '/home/orin/Desktop/roboracer-purdue/Meghaj_roboracer_ws/install/f1tenth_gym_ros', 'merge_install': False, 'path': '/home/orin/Desktop/roboracer-purdue/Meghaj_roboracer_ws/src/f1tenth_gym_ros', 'symlink_install': False, 'test_result_base': None}
[0.452s] Level 5:colcon.colcon_core.verb:set package 'my_cpp_py_pkg' build argument 'cmake_args' from command line to 'None'
[0.452s] Level 5:colcon.colcon_core.verb:set package 'my_cpp_py_pkg' build argument 'cmake_target' from command line to 'None'
[0.452s] Level 5:colcon.colcon_core.verb:set package 'my_cpp_py_pkg' build argument 'cmake_target_skip_unavailable' from command line to 'False'
[0.452s] Level 5:colcon.colcon_core.verb:set package 'my_cpp_py_pkg' build argument 'cmake_clean_cache' from command line to 'False'
[0.452s] Level 5:colcon.colcon_core.verb:set package 'my_cpp_py_pkg' build argument 'cmake_clean_first' from command line to 'False'
[0.452s] Level 5:colcon.colcon_core.verb:set package 'my_cpp_py_pkg' build argument 'cmake_force_configure' from command line to 'False'
[0.452s] Level 5:colcon.colcon_core.verb:set package 'my_cpp_py_pkg' build argument 'ament_cmake_args' from command line to 'None'
[0.452s] Level 5:colcon.colcon_core.verb:set package 'my_cpp_py_pkg' build argument 'catkin_cmake_args' from command line to 'None'
[0.452s] Level 5:colcon.colcon_core.verb:set package 'my_cpp_py_pkg' build argument 'catkin_skip_building_tests' from command line to 'False'
[0.452s] DEBUG:colcon.colcon_core.verb:Building package 'my_cpp_py_pkg' with the following arguments: {'ament_cmake_args': None, 'build_base': '/home/orin/Desktop/roboracer-purdue/Meghaj_roboracer_ws/build/my_cpp_py_pkg', 'catkin_cmake_args': None, 'catkin_skip_building_tests': False, 'cmake_args': None, 'cmake_clean_cache': False, 'cmake_clean_first': False, 'cmake_force_configure': False, 'cmake_target': None, 'cmake_target_skip_unavailable': False, 'install_base': '/home/orin/Desktop/roboracer-purdue/Meghaj_roboracer_ws/install/my_cpp_py_pkg', 'merge_install': False, 'path': '/home/orin/Desktop/roboracer-purdue/Meghaj_roboracer_ws/lab1_ws/src/my_cpp_py_pkg', 'symlink_install': False, 'test_result_base': None}
[0.452s] Level 5:colcon.colcon_core.verb:set package 'f1tenth_stack' build argument 'cmake_args' from command line to 'None'
[0.452s] Level 5:colcon.colcon_core.verb:set package 'f1tenth_stack' build argument 'cmake_target' from command line to 'None'
[0.452s] Level 5:colcon.colcon_core.verb:set package 'f1tenth_stack' build argument 'cmake_target_skip_unavailable' from command line to 'False'
[0.452s] Level 5:colcon.colcon_core.verb:set package 'f1tenth_stack' build argument 'cmake_clean_cache' from command line to 'False'
[0.452s] Level 5:colcon.colcon_core.verb:set package 'f1tenth_stack' build argument 'cmake_clean_first' from command line to 'False'
[0.452s] Level 5:colcon.colcon_core.verb:set package 'f1tenth_stack' build argument 'cmake_force_configure' from command line to 'False'
[0.452s] Level 5:colcon.colcon_core.verb:set package 'f1tenth_stack' build argument 'ament_cmake_args' from command line to 'None'
[0.452s] Level 5:colcon.colcon_core.verb:set package 'f1tenth_stack' build argument 'catkin_cmake_args' from command line to 'None'
[0.452s] Level 5:colcon.colcon_core.verb:set package 'f1tenth_stack' build argument 'catkin_skip_building_tests' from command line to 'False'
[0.452s] DEBUG:colcon.colcon_core.verb:Building package 'f1tenth_stack' with the following arguments: {'ament_cmake_args': None, 'build_base': '/home/orin/Desktop/roboracer-purdue/Meghaj_roboracer_ws/build/f1tenth_stack', 'catkin_cmake_args': None, 'catkin_skip_building_tests': False, 'cmake_args': None, 'cmake_clean_cache': False, 'cmake_clean_first': False, 'cmake_force_configure': False, 'cmake_target': None, 'cmake_target_skip_unavailable': False, 'install_base': '/home/orin/Desktop/roboracer-purdue/Meghaj_roboracer_ws/install/f1tenth_stack', 'merge_install': False, 'path': '/home/orin/Desktop/roboracer-purdue/Meghaj_roboracer_ws/src/f1tenth_system/f1tenth_stack', 'symlink_install': False, 'test_result_base': None}
[0.452s] INFO:colcon.colcon_core.executor:Executing jobs using 'parallel' executor
[0.452s] DEBUG:colcon.colcon_parallel_executor.executor.parallel:run_until_complete
[0.453s] INFO:colcon.colcon_ros.task.ament_cmake.build:Building ROS package in '/home/orin/Desktop/roboracer-purdue/Meghaj_roboracer_ws/src/f1tenth_system/ackermann_mux' with build type 'ament_cmake'
[0.453s] INFO:colcon.colcon_cmake.task.cmake.build:Building CMake package in '/home/orin/Desktop/roboracer-purdue/Meghaj_roboracer_ws/src/f1tenth_system/ackermann_mux'
[0.456s] INFO:colcon.colcon_core.plugin_system:Skipping extension 'colcon_core.shell.bat': Not used on non-Windows systems
[0.457s] INFO:colcon.colcon_core.shell:Skip shell extension 'powershell' for command environment: Not usable outside of PowerShell
[0.457s] DEBUG:colcon.colcon_core.shell:Skip shell extension 'dsv' for command environment
[0.458s] INFO:colcon.colcon_core.task.python.build:Building Python package in '/home/orin/Desktop/roboracer-purdue/Meghaj_roboracer_ws/one_car_gym_roboracer/f1tenth_gym'
[0.458s] INFO:colcon.colcon_core.shell:Skip shell extension 'powershell' for command environment: Not usable outside of PowerShell
[0.458s] DEBUG:colcon.colcon_core.shell:Skip shell extension 'dsv' for command environment
[0.461s] DEBUG:colcon.colcon_core.event_handler.log_command:Invoking command in '/home/orin/Desktop/roboracer-purdue/Meghaj_roboracer_ws/build/ackermann_mux': CMAKE_PREFIX_PATH=/opt/ros/humble /usr/bin/cmake /home/orin/Desktop/roboracer-purdue/Meghaj_roboracer_ws/src/f1tenth_system/ackermann_mux -DCMAKE_INSTALL_PREFIX=/home/orin/Desktop/roboracer-purdue/Meghaj_roboracer_ws/install/ackermann_mux
[0.827s] DEBUG:colcon.colcon_core.event_handler.log_command:Invoking command in '/home/orin/Desktop/roboracer-purdue/Meghaj_roboracer_ws/one_car_gym_roboracer/f1tenth_gym': PYTHONPATH=/home/orin/Desktop/roboracer-purdue/Meghaj_roboracer_ws/build/f110_gym/prefix_override:/usr/lib/python3/dist-packages/colcon_core/task/python/colcon_distutils_commands:/home/orin/Desktop/roboracer-purdue/Meghaj_roboracer_ws/install/f110_gym/lib/python3.10/site-packages:${PYTHONPATH} /usr/bin/python3 -W ignore:setup.py install is deprecated -W ignore:easy_install command is deprecated setup.py egg_info --egg-base ../../build/f110_gym build --build-base /home/orin/Desktop/roboracer-purdue/Meghaj_roboracer_ws/build/f110_gym/build install --record /home/orin/Desktop/roboracer-purdue/Meghaj_roboracer_ws/build/f110_gym/install.log --single-version-externally-managed
[1.006s] DEBUG:colcon.colcon_core.event_handler.log_command:Invoked command in '/home/orin/Desktop/roboracer-purdue/Meghaj_roboracer_ws/one_car_gym_roboracer/f1tenth_gym' returned '0': PYTHONPATH=/home/orin/Desktop/roboracer-purdue/Meghaj_roboracer_ws/build/f110_gym/prefix_override:/usr/lib/python3/dist-packages/colcon_core/task/python/colcon_distutils_commands:/home/orin/Desktop/roboracer-purdue/Meghaj_roboracer_ws/install/f110_gym/lib/python3.10/site-packages:${PYTHONPATH} /usr/bin/python3 -W ignore:setup.py install is deprecated -W ignore:easy_install command is deprecated setup.py egg_info --egg-base ../../build/f110_gym build --build-base /home/orin/Desktop/roboracer-purdue/Meghaj_roboracer_ws/build/f110_gym/build install --record /home/orin/Desktop/roboracer-purdue/Meghaj_roboracer_ws/build/f110_gym/install.log --single-version-externally-managed
[1.010s] Level 1:colcon.colcon_core.environment:checking '/home/orin/Desktop/roboracer-purdue/Meghaj_roboracer_ws/install/f110_gym' for CMake module files
[1.011s] Level 1:colcon.colcon_core.environment:checking '/home/orin/Desktop/roboracer-purdue/Meghaj_roboracer_ws/install/f110_gym' for CMake config files
[1.011s] Level 1:colcon.colcon_core.environment:checking '/home/orin/Desktop/roboracer-purdue/Meghaj_roboracer_ws/install/f110_gym/lib'
[1.011s] Level 1:colcon.colcon_core.environment:checking '/home/orin/Desktop/roboracer-purdue/Meghaj_roboracer_ws/install/f110_gym/bin'
[1.011s] Level 1:colcon.colcon_core.environment:checking '/home/orin/Desktop/roboracer-purdue/Meghaj_roboracer_ws/install/f110_gym/lib/pkgconfig/f110_gym.pc'
[1.011s] Level 1:colcon.colcon_core.environment:checking '/home/orin/Desktop/roboracer-purdue/Meghaj_roboracer_ws/install/f110_gym/lib/python3.10/site-packages'
[1.011s] Level 1:colcon.colcon_core.shell:create_environment_hook('f110_gym', 'pythonpath')
[1.011s] INFO:colcon.colcon_core.shell:Creating environment hook '/home/orin/Desktop/roboracer-purdue/Meghaj_roboracer_ws/install/f110_gym/share/f110_gym/hook/pythonpath.ps1'
[1.012s] INFO:colcon.colcon_core.shell:Creating environment descriptor '/home/orin/Desktop/roboracer-purdue/Meghaj_roboracer_ws/install/f110_gym/share/f110_gym/hook/pythonpath.dsv'
[1.013s] INFO:colcon.colcon_core.shell:Creating environment hook '/home/orin/Desktop/roboracer-purdue/Meghaj_roboracer_ws/install/f110_gym/share/f110_gym/hook/pythonpath.sh'
[1.013s] Level 1:colcon.colcon_core.environment:checking '/home/orin/Desktop/roboracer-purdue/Meghaj_roboracer_ws/install/f110_gym/bin'
[1.013s] Level 1:colcon.colcon_core.environment:create_environment_scripts_only(f110_gym)
[1.013s] INFO:colcon.colcon_core.shell:Creating package script '/home/orin/Desktop/roboracer-purdue/Meghaj_roboracer_ws/install/f110_gym/share/f110_gym/package.ps1'
[1.014s] INFO:colcon.colcon_core.shell:Creating package descriptor '/home/orin/Desktop/roboracer-purdue/Meghaj_roboracer_ws/install/f110_gym/share/f110_gym/package.dsv'
[1.015s] INFO:colcon.colcon_core.shell:Creating package script '/home/orin/Desktop/roboracer-purdue/Meghaj_roboracer_ws/install/f110_gym/share/f110_gym/package.sh'
[1.015s] INFO:colcon.colcon_core.shell:Creating package script '/home/orin/Desktop/roboracer-purdue/Meghaj_roboracer_ws/install/f110_gym/share/f110_gym/package.bash'
[1.016s] INFO:colcon.colcon_core.shell:Creating package script '/home/orin/Desktop/roboracer-purdue/Meghaj_roboracer_ws/install/f110_gym/share/f110_gym/package.zsh'
[1.017s] Level 1:colcon.colcon_core.environment:create_file_with_runtime_dependencies(/home/orin/Desktop/roboracer-purdue/Meghaj_roboracer_ws/install/f110_gym/share/colcon-core/packages/f110_gym)
[1.017s] INFO:colcon.colcon_ros.task.ament_python.build:Building ROS package in '/home/orin/Desktop/roboracer-purdue/Meghaj_roboracer_ws/src/f1tenth_gym_ros' with build type 'ament_python'
[1.017s] Level 1:colcon.colcon_core.shell:create_environment_hook('f1tenth_gym_ros', 'ament_prefix_path')
[1.017s] INFO:colcon.colcon_core.shell:Creating environment hook '/home/orin/Desktop/roboracer-purdue/Meghaj_roboracer_ws/install/f1tenth_gym_ros/share/f1tenth_gym_ros/hook/ament_prefix_path.ps1'
[1.017s] INFO:colcon.colcon_core.shell:Creating environment descriptor '/home/orin/Desktop/roboracer-purdue/Meghaj_roboracer_ws/install/f1tenth_gym_ros/share/f1tenth_gym_ros/hook/ament_prefix_path.dsv'
[1.018s] INFO:colcon.colcon_core.shell:Creating environment hook '/home/orin/Desktop/roboracer-purdue/Meghaj_roboracer_ws/install/f1tenth_gym_ros/share/f1tenth_gym_ros/hook/ament_prefix_path.sh'
[1.018s] INFO:colcon.colcon_core.shell:Skip shell extension 'powershell' for command environment: Not usable outside of PowerShell
[1.018s] DEBUG:colcon.colcon_core.shell:Skip shell extension 'dsv' for command environment
[1.166s] INFO:colcon.colcon_core.task.python.build:Building Python package in '/home/orin/Desktop/roboracer-purdue/Meghaj_roboracer_ws/src/f1tenth_gym_ros'
[1.166s] INFO:colcon.colcon_core.shell:Skip shell extension 'powershell' for command environment: Not usable outside of PowerShell
[1.166s] DEBUG:colcon.colcon_core.shell:Skip shell extension 'dsv' for command environment
[1.361s] DEBUG:colcon.colcon_core.event_handler.log_command:Invoking command in '/home/orin/Desktop/roboracer-purdue/Meghaj_roboracer_ws/src/f1tenth_gym_ros': PYTHONPATH=/home/orin/Desktop/roboracer-purdue/Meghaj_roboracer_ws/build/f1tenth_gym_ros/prefix_override:/usr/lib/python3/dist-packages/colcon_core/task/python/colcon_distutils_commands:/home/orin/Desktop/roboracer-purdue/Meghaj_roboracer_ws/install/f1tenth_gym_ros/lib/python3.10/site-packages:${PYTHONPATH} /usr/bin/python3 -W ignore:setup.py install is deprecated -W ignore:easy_install command is deprecated setup.py egg_info --egg-base ../../build/f1tenth_gym_ros build --build-base /home/orin/Desktop/roboracer-purdue/Meghaj_roboracer_ws/build/f1tenth_gym_ros/build install --record /home/orin/Desktop/roboracer-purdue/Meghaj_roboracer_ws/build/f1tenth_gym_ros/install.log --single-version-externally-managed install_data
[1.469s] DEBUG:colcon.colcon_core.event_handler.log_command:Invoked command in '/home/orin/Desktop/roboracer-purdue/Meghaj_roboracer_ws/build/ackermann_mux' returned '0': CMAKE_PREFIX_PATH=/opt/ros/humble /usr/bin/cmake /home/orin/Desktop/roboracer-purdue/Meghaj_roboracer_ws/src/f1tenth_system/ackermann_mux -DCMAKE_INSTALL_PREFIX=/home/orin/Desktop/roboracer-purdue/Meghaj_roboracer_ws/install/ackermann_mux
[1.469s] DEBUG:colcon.colcon_core.event_handler.log_command:Invoking command in '/home/orin/Desktop/roboracer-purdue/Meghaj_roboracer_ws/build/ackermann_mux': CMAKE_PREFIX_PATH=/opt/ros/humble /usr/bin/cmake --build /home/orin/Desktop/roboracer-purdue/Meghaj_roboracer_ws/build/ackermann_mux -- -j2 -l2
[1.553s] Level 1:colcon.colcon_core.environment:checking '/home/orin/Desktop/roboracer-purdue/Meghaj_roboracer_ws/install/f1tenth_gym_ros' for CMake module files
[1.554s] Level 1:colcon.colcon_core.environment:checking '/home/orin/Desktop/roboracer-purdue/Meghaj_roboracer_ws/install/f1tenth_gym_ros' for CMake config files
[1.554s] Level 1:colcon.colcon_core.environment:checking '/home/orin/Desktop/roboracer-purdue/Meghaj_roboracer_ws/install/f1tenth_gym_ros/lib'
[1.554s] Level 1:colcon.colcon_core.environment:checking '/home/orin/Desktop/roboracer-purdue/Meghaj_roboracer_ws/install/f1tenth_gym_ros/bin'
[1.554s] Level 1:colcon.colcon_core.environment:checking '/home/orin/Desktop/roboracer-purdue/Meghaj_roboracer_ws/install/f1tenth_gym_ros/lib/pkgconfig/f1tenth_gym_ros.pc'
[1.554s] Level 1:colcon.colcon_core.environment:checking '/home/orin/Desktop/roboracer-purdue/Meghaj_roboracer_ws/install/f1tenth_gym_ros/lib/python3.10/site-packages'
[1.554s] Level 1:colcon.colcon_core.shell:create_environment_hook('f1tenth_gym_ros', 'pythonpath')
[1.554s] INFO:colcon.colcon_core.shell:Creating environment hook '/home/orin/Desktop/roboracer-purdue/Meghaj_roboracer_ws/install/f1tenth_gym_ros/share/f1tenth_gym_ros/hook/pythonpath.ps1'
[1.554s] INFO:colcon.colcon_core.shell:Creating environment descriptor '/home/orin/Desktop/roboracer-purdue/Meghaj_roboracer_ws/install/f1tenth_gym_ros/share/f1tenth_gym_ros/hook/pythonpath.dsv'
[1.555s] INFO:colcon.colcon_core.shell:Creating environment hook '/home/orin/Desktop/roboracer-purdue/Meghaj_roboracer_ws/install/f1tenth_gym_ros/share/f1tenth_gym_ros/hook/pythonpath.sh'
[1.555s] Level 1:colcon.colcon_core.environment:checking '/home/orin/Desktop/roboracer-purdue/Meghaj_roboracer_ws/install/f1tenth_gym_ros/bin'
[1.555s] Level 1:colcon.colcon_core.environment:create_environment_scripts_only(f1tenth_gym_ros)
[1.555s] INFO:colcon.colcon_core.shell:Creating package script '/home/orin/Desktop/roboracer-purdue/Meghaj_roboracer_ws/install/f1tenth_gym_ros/share/f1tenth_gym_ros/package.ps1'
[1.555s] DEBUG:colcon.colcon_core.event_handler.log_command:Invoked command in '/home/orin/Desktop/roboracer-purdue/Meghaj_roboracer_ws/src/f1tenth_gym_ros' returned '0': PYTHONPATH=/home/orin/Desktop/roboracer-purdue/Meghaj_roboracer_ws/build/f1tenth_gym_ros/prefix_override:/usr/lib/python3/dist-packages/colcon_core/task/python/colcon_distutils_commands:/home/orin/Desktop/roboracer-purdue/Meghaj_roboracer_ws/install/f1tenth_gym_ros/lib/python3.10/site-packages:${PYTHONPATH} /usr/bin/python3 -W ignore:setup.py install is deprecated -W ignore:easy_install command is deprecated setup.py egg_info --egg-base ../../build/f1tenth_gym_ros build --build-base /home/orin/Desktop/roboracer-purdue/Meghaj_roboracer_ws/build/f1tenth_gym_ros/build install --record /home/orin/Desktop/roboracer-purdue/Meghaj_roboracer_ws/build/f1tenth_gym_ros/install.log --single-version-externally-managed install_data
[1.556s] INFO:colcon.colcon_core.shell:Creating package descriptor '/home/orin/Desktop/roboracer-purdue/Meghaj_roboracer_ws/install/f1tenth_gym_ros/share/f1tenth_gym_ros/package.dsv'
[1.556s] INFO:colcon.colcon_core.shell:Creating package script '/home/orin/Desktop/roboracer-purdue/Meghaj_roboracer_ws/install/f1tenth_gym_ros/share/f1tenth_gym_ros/package.sh'
[1.556s] INFO:colcon.colcon_core.shell:Creating package script '/home/orin/Desktop/roboracer-purdue/Meghaj_roboracer_ws/install/f1tenth_gym_ros/share/f1tenth_gym_ros/package.bash'
[1.556s] INFO:colcon.colcon_core.shell:Creating package script '/home/orin/Desktop/roboracer-purdue/Meghaj_roboracer_ws/install/f1tenth_gym_ros/share/f1tenth_gym_ros/package.zsh'
[1.556s] Level 1:colcon.colcon_core.environment:create_file_with_runtime_dependencies(/home/orin/Desktop/roboracer-purdue/Meghaj_roboracer_ws/install/f1tenth_gym_ros/share/colcon-core/packages/f1tenth_gym_ros)
[1.557s] INFO:colcon.colcon_ros.task.ament_cmake.build:Building ROS package in '/home/orin/Desktop/roboracer-purdue/Meghaj_roboracer_ws/lab1_ws/src/my_cpp_py_pkg' with build type 'ament_cmake'
[1.557s] INFO:colcon.colcon_cmake.task.cmake.build:Building CMake package in '/home/orin/Desktop/roboracer-purdue/Meghaj_roboracer_ws/lab1_ws/src/my_cpp_py_pkg'
[1.557s] INFO:colcon.colcon_core.shell:Skip shell extension 'powershell' for command environment: Not usable outside of PowerShell
[1.557s] DEBUG:colcon.colcon_core.shell:Skip shell extension 'dsv' for command environment
[1.568s] DEBUG:colcon.colcon_core.event_handler.log_command:Invoking command in '/home/orin/Desktop/roboracer-purdue/Meghaj_roboracer_ws/build/my_cpp_py_pkg': CMAKE_PREFIX_PATH=/opt/ros/humble /usr/bin/cmake /home/orin/Desktop/roboracer-purdue/Meghaj_roboracer_ws/lab1_ws/src/my_cpp_py_pkg -DCMAKE_INSTALL_PREFIX=/home/orin/Desktop/roboracer-purdue/Meghaj_roboracer_ws/install/my_cpp_py_pkg
[2.996s] DEBUG:colcon.colcon_core.event_handler.log_command:Invoked command in '/home/orin/Desktop/roboracer-purdue/Meghaj_roboracer_ws/build/my_cpp_py_pkg' returned '0': CMAKE_PREFIX_PATH=/opt/ros/humble /usr/bin/cmake /home/orin/Desktop/roboracer-purdue/Meghaj_roboracer_ws/lab1_ws/src/my_cpp_py_pkg -DCMAKE_INSTALL_PREFIX=/home/orin/Desktop/roboracer-purdue/Meghaj_roboracer_ws/install/my_cpp_py_pkg
[2.996s] DEBUG:colcon.colcon_core.event_handler.log_command:Invoking command in '/home/orin/Desktop/roboracer-purdue/Meghaj_roboracer_ws/build/my_cpp_py_pkg': CMAKE_PREFIX_PATH=/opt/ros/humble /usr/bin/cmake --build /home/orin/Desktop/roboracer-purdue/Meghaj_roboracer_ws/build/my_cpp_py_pkg -- -j2 -l2
[6.689s] DEBUG:colcon.colcon_core.event_handler.log_command:Invoked command in '/home/orin/Desktop/roboracer-purdue/Meghaj_roboracer_ws/build/my_cpp_py_pkg' returned '0': CMAKE_PREFIX_PATH=/opt/ros/humble /usr/bin/cmake --build /home/orin/Desktop/roboracer-purdue/Meghaj_roboracer_ws/build/my_cpp_py_pkg -- -j2 -l2
[6.718s] DEBUG:colcon.colcon_core.event_handler.log_command:Invoking command in '/home/orin/Desktop/roboracer-purdue/Meghaj_roboracer_ws/build/my_cpp_py_pkg': CMAKE_PREFIX_PATH=/opt/ros/humble /usr/bin/cmake --install /home/orin/Desktop/roboracer-purdue/Meghaj_roboracer_ws/build/my_cpp_py_pkg
[6.797s] Level 1:colcon.colcon_core.environment:create_environment_scripts_only(my_cpp_py_pkg)
[6.803s] DEBUG:colcon.colcon_core.event_handler.log_command:Invoked command in '/home/orin/Desktop/roboracer-purdue/Meghaj_roboracer_ws/build/my_cpp_py_pkg' returned '0': CMAKE_PREFIX_PATH=/opt/ros/humble /usr/bin/cmake --install /home/orin/Desktop/roboracer-purdue/Meghaj_roboracer_ws/build/my_cpp_py_pkg
[6.805s] Level 1:colcon.colcon_core.environment:checking '/home/orin/Desktop/roboracer-purdue/Meghaj_roboracer_ws/install/my_cpp_py_pkg' for CMake module files
[6.806s] Level 1:colcon.colcon_core.environment:checking '/home/orin/Desktop/roboracer-purdue/Meghaj_roboracer_ws/install/my_cpp_py_pkg' for CMake config files
[6.807s] Level 1:colcon.colcon_core.shell:create_environment_hook('my_cpp_py_pkg', 'cmake_prefix_path')
[6.808s] INFO:colcon.colcon_core.shell:Creating environment hook '/home/orin/Desktop/roboracer-purdue/Meghaj_roboracer_ws/install/my_cpp_py_pkg/share/my_cpp_py_pkg/hook/cmake_prefix_path.ps1'
[6.813s] INFO:colcon.colcon_core.shell:Creating environment descriptor '/home/orin/Desktop/roboracer-purdue/Meghaj_roboracer_ws/install/my_cpp_py_pkg/share/my_cpp_py_pkg/hook/cmake_prefix_path.dsv'
[6.814s] INFO:colcon.colcon_core.shell:Creating environment hook '/home/orin/Desktop/roboracer-purdue/Meghaj_roboracer_ws/install/my_cpp_py_pkg/share/my_cpp_py_pkg/hook/cmake_prefix_path.sh'
[6.816s] Level 1:colcon.colcon_core.environment:checking '/home/orin/Desktop/roboracer-purdue/Meghaj_roboracer_ws/install/my_cpp_py_pkg/lib'
[6.817s] Level 1:colcon.colcon_core.environment:checking '/home/orin/Desktop/roboracer-purdue/Meghaj_roboracer_ws/install/my_cpp_py_pkg/bin'
[6.817s] Level 1:colcon.colcon_core.environment:checking '/home/orin/Desktop/roboracer-purdue/Meghaj_roboracer_ws/install/my_cpp_py_pkg/lib/pkgconfig/my_cpp_py_pkg.pc'
[6.820s] Level 1:colcon.colcon_core.environment:checking '/home/orin/Desktop/roboracer-purdue/Meghaj_roboracer_ws/install/my_cpp_py_pkg/lib/python3.10/site-packages'
[6.821s] Level 1:colcon.colcon_core.environment:checking '/home/orin/Desktop/roboracer-purdue/Meghaj_roboracer_ws/install/my_cpp_py_pkg/bin'
[6.821s] INFO:colcon.colcon_core.shell:Creating package script '/home/orin/Desktop/roboracer-purdue/Meghaj_roboracer_ws/install/my_cpp_py_pkg/share/my_cpp_py_pkg/package.ps1'
[6.822s] INFO:colcon.colcon_core.shell:Creating package descriptor '/home/orin/Desktop/roboracer-purdue/Meghaj_roboracer_ws/install/my_cpp_py_pkg/share/my_cpp_py_pkg/package.dsv'
[6.822s] INFO:colcon.colcon_core.shell:Creating package script '/home/orin/Desktop/roboracer-purdue/Meghaj_roboracer_ws/install/my_cpp_py_pkg/share/my_cpp_py_pkg/package.sh'
[6.823s] INFO:colcon.colcon_core.shell:Creating package script '/home/orin/Desktop/roboracer-purdue/Meghaj_roboracer_ws/install/my_cpp_py_pkg/share/my_cpp_py_pkg/package.bash'
[6.824s] INFO:colcon.colcon_core.shell:Creating package script '/home/orin/Desktop/roboracer-purdue/Meghaj_roboracer_ws/install/my_cpp_py_pkg/share/my_cpp_py_pkg/package.zsh'
[6.824s] Level 1:colcon.colcon_core.environment:create_file_with_runtime_dependencies(/home/orin/Desktop/roboracer-purdue/Meghaj_roboracer_ws/install/my_cpp_py_pkg/share/colcon-core/packages/my_cpp_py_pkg)
[6.825s] Level 1:colcon.colcon_core.environment:create_environment_scripts_only(my_cpp_py_pkg)
[6.825s] Level 1:colcon.colcon_core.environment:checking '/home/orin/Desktop/roboracer-purdue/Meghaj_roboracer_ws/install/my_cpp_py_pkg' for CMake module files
[6.826s] Level 1:colcon.colcon_core.environment:checking '/home/orin/Desktop/roboracer-purdue/Meghaj_roboracer_ws/install/my_cpp_py_pkg' for CMake config files
[6.826s] Level 1:colcon.colcon_core.shell:create_environment_hook('my_cpp_py_pkg', 'cmake_prefix_path')
[6.826s] INFO:colcon.colcon_core.shell:Creating environment hook '/home/orin/Desktop/roboracer-purdue/Meghaj_roboracer_ws/install/my_cpp_py_pkg/share/my_cpp_py_pkg/hook/cmake_prefix_path.ps1'
[6.826s] INFO:colcon.colcon_core.shell:Creating environment descriptor '/home/orin/Desktop/roboracer-purdue/Meghaj_roboracer_ws/install/my_cpp_py_pkg/share/my_cpp_py_pkg/hook/cmake_prefix_path.dsv'
[6.826s] INFO:colcon.colcon_core.shell:Creating environment hook '/home/orin/Desktop/roboracer-purdue/Meghaj_roboracer_ws/install/my_cpp_py_pkg/share/my_cpp_py_pkg/hook/cmake_prefix_path.sh'
[6.832s] Level 1:colcon.colcon_core.environment:checking '/home/orin/Desktop/roboracer-purdue/Meghaj_roboracer_ws/install/my_cpp_py_pkg/lib'
[6.832s] Level 1:colcon.colcon_core.environment:checking '/home/orin/Desktop/roboracer-purdue/Meghaj_roboracer_ws/install/my_cpp_py_pkg/bin'
[6.832s] Level 1:colcon.colcon_core.environment:checking '/home/orin/Desktop/roboracer-purdue/Meghaj_roboracer_ws/install/my_cpp_py_pkg/lib/pkgconfig/my_cpp_py_pkg.pc'
[6.832s] Level 1:colcon.colcon_core.environment:checking '/home/orin/Desktop/roboracer-purdue/Meghaj_roboracer_ws/install/my_cpp_py_pkg/lib/python3.10/site-packages'
[6.832s] Level 1:colcon.colcon_core.environment:checking '/home/orin/Desktop/roboracer-purdue/Meghaj_roboracer_ws/install/my_cpp_py_pkg/bin'
[6.833s] INFO:colcon.colcon_core.shell:Creating package script '/home/orin/Desktop/roboracer-purdue/Meghaj_roboracer_ws/install/my_cpp_py_pkg/share/my_cpp_py_pkg/package.ps1'
[6.833s] INFO:colcon.colcon_core.shell:Creating package descriptor '/home/orin/Desktop/roboracer-purdue/Meghaj_roboracer_ws/install/my_cpp_py_pkg/share/my_cpp_py_pkg/package.dsv'
[6.833s] INFO:colcon.colcon_core.shell:Creating package script '/home/orin/Desktop/roboracer-purdue/Meghaj_roboracer_ws/install/my_cpp_py_pkg/share/my_cpp_py_pkg/package.sh'
[6.833s] INFO:colcon.colcon_core.shell:Creating package script '/home/orin/Desktop/roboracer-purdue/Meghaj_roboracer_ws/install/my_cpp_py_pkg/share/my_cpp_py_pkg/package.bash'
[6.834s] INFO:colcon.colcon_core.shell:Creating package script '/home/orin/Desktop/roboracer-purdue/Meghaj_roboracer_ws/install/my_cpp_py_pkg/share/my_cpp_py_pkg/package.zsh'
[6.837s] Level 1:colcon.colcon_core.environment:create_file_with_runtime_dependencies(/home/orin/Desktop/roboracer-purdue/Meghaj_roboracer_ws/install/my_cpp_py_pkg/share/colcon-core/packages/my_cpp_py_pkg)
[12.029s] DEBUG:colcon.colcon_core.event_handler.log_command:Invoked command in '/home/orin/Desktop/roboracer-purdue/Meghaj_roboracer_ws/build/ackermann_mux' returned '0': CMAKE_PREFIX_PATH=/opt/ros/humble /usr/bin/cmake --build /home/orin/Desktop/roboracer-purdue/Meghaj_roboracer_ws/build/ackermann_mux -- -j2 -l2
[12.031s] DEBUG:colcon.colcon_core.event_handler.log_command:Invoking command in '/home/orin/Desktop/roboracer-purdue/Meghaj_roboracer_ws/build/ackermann_mux': CMAKE_PREFIX_PATH=/opt/ros/humble /usr/bin/cmake --install /home/orin/Desktop/roboracer-purdue/Meghaj_roboracer_ws/build/ackermann_mux
[12.044s] Level 1:colcon.colcon_core.environment:create_environment_scripts_only(ackermann_mux)
[12.045s] Level 1:colcon.colcon_core.environment:checking '/home/orin/Desktop/roboracer-purdue/Meghaj_roboracer_ws/install/ackermann_mux' for CMake module files
[12.045s] DEBUG:colcon.colcon_core.event_handler.log_command:Invoked command in '/home/orin/Desktop/roboracer-purdue/Meghaj_roboracer_ws/build/ackermann_mux' returned '0': CMAKE_PREFIX_PATH=/opt/ros/humble /usr/bin/cmake --install /home/orin/Desktop/roboracer-purdue/Meghaj_roboracer_ws/build/ackermann_mux
[12.045s] Level 1:colcon.colcon_core.environment:checking '/home/orin/Desktop/roboracer-purdue/Meghaj_roboracer_ws/install/ackermann_mux' for CMake config files
[12.045s] Level 1:colcon.colcon_core.shell:create_environment_hook('ackermann_mux', 'cmake_prefix_path')
[12.046s] INFO:colcon.colcon_core.shell:Creating environment hook '/home/orin/Desktop/roboracer-purdue/Meghaj_roboracer_ws/install/ackermann_mux/share/ackermann_mux/hook/cmake_prefix_path.ps1'
[12.046s] INFO:colcon.colcon_core.shell:Creating environment descriptor '/home/orin/Desktop/roboracer-purdue/Meghaj_roboracer_ws/install/ackermann_mux/share/ackermann_mux/hook/cmake_prefix_path.dsv'
[12.046s] INFO:colcon.colcon_core.shell:Creating environment hook '/home/orin/Desktop/roboracer-purdue/Meghaj_roboracer_ws/install/ackermann_mux/share/ackermann_mux/hook/cmake_prefix_path.sh'
[12.046s] Level 1:colcon.colcon_core.environment:checking '/home/orin/Desktop/roboracer-purdue/Meghaj_roboracer_ws/install/ackermann_mux/lib'
[12.046s] Level 1:colcon.colcon_core.environment:checking '/home/orin/Desktop/roboracer-purdue/Meghaj_roboracer_ws/install/ackermann_mux/bin'
[12.046s] Level 1:colcon.colcon_core.environment:checking '/home/orin/Desktop/roboracer-purdue/Meghaj_roboracer_ws/install/ackermann_mux/lib/pkgconfig/ackermann_mux.pc'
[12.047s] Level 1:colcon.colcon_core.environment:checking '/home/orin/Desktop/roboracer-purdue/Meghaj_roboracer_ws/install/ackermann_mux/lib/python3.10/site-packages'
[12.047s] Level 1:colcon.colcon_core.environment:checking '/home/orin/Desktop/roboracer-purdue/Meghaj_roboracer_ws/install/ackermann_mux/bin'
[12.047s] INFO:colcon.colcon_core.shell:Creating package script '/home/orin/Desktop/roboracer-purdue/Meghaj_roboracer_ws/install/ackermann_mux/share/ackermann_mux/package.ps1'
[12.047s] INFO:colcon.colcon_core.shell:Creating package descriptor '/home/orin/Desktop/roboracer-purdue/Meghaj_roboracer_ws/install/ackermann_mux/share/ackermann_mux/package.dsv'
[12.048s] INFO:colcon.colcon_core.shell:Creating package script '/home/orin/Desktop/roboracer-purdue/Meghaj_roboracer_ws/install/ackermann_mux/share/ackermann_mux/package.sh'
[12.048s] INFO:colcon.colcon_core.shell:Creating package script '/home/orin/Desktop/roboracer-purdue/Meghaj_roboracer_ws/install/ackermann_mux/share/ackermann_mux/package.bash'
[12.049s] INFO:colcon.colcon_core.shell:Creating package script '/home/orin/Desktop/roboracer-purdue/Meghaj_roboracer_ws/install/ackermann_mux/share/ackermann_mux/package.zsh'
[12.049s] Level 1:colcon.colcon_core.environment:create_file_with_runtime_dependencies(/home/orin/Desktop/roboracer-purdue/Meghaj_roboracer_ws/install/ackermann_mux/share/colcon-core/packages/ackermann_mux)
[12.049s] Level 1:colcon.colcon_core.environment:create_environment_scripts_only(ackermann_mux)
[12.049s] Level 1:colcon.colcon_core.environment:checking '/home/orin/Desktop/roboracer-purdue/Meghaj_roboracer_ws/install/ackermann_mux' for CMake module files
[12.049s] Level 1:colcon.colcon_core.environment:checking '/home/orin/Desktop/roboracer-purdue/Meghaj_roboracer_ws/install/ackermann_mux' for CMake config files
[12.050s] Level 1:colcon.colcon_core.shell:create_environment_hook('ackermann_mux', 'cmake_prefix_path')
[12.050s] INFO:colcon.colcon_core.shell:Creating environment hook '/home/orin/Desktop/roboracer-purdue/Meghaj_roboracer_ws/install/ackermann_mux/share/ackermann_mux/hook/cmake_prefix_path.ps1'
[12.050s] INFO:colcon.colcon_core.shell:Creating environment descriptor '/home/orin/Desktop/roboracer-purdue/Meghaj_roboracer_ws/install/ackermann_mux/share/ackermann_mux/hook/cmake_prefix_path.dsv'
[12.050s] INFO:colcon.colcon_core.shell:Creating environment hook '/home/orin/Desktop/roboracer-purdue/Meghaj_roboracer_ws/install/ackermann_mux/share/ackermann_mux/hook/cmake_prefix_path.sh'
[12.051s] Level 1:colcon.colcon_core.environment:checking '/home/orin/Desktop/roboracer-purdue/Meghaj_roboracer_ws/install/ackermann_mux/lib'
[12.051s] Level 1:colcon.colcon_core.environment:checking '/home/orin/Desktop/roboracer-purdue/Meghaj_roboracer_ws/install/ackermann_mux/bin'
[12.051s] Level 1:colcon.colcon_core.environment:checking '/home/orin/Desktop/roboracer-purdue/Meghaj_roboracer_ws/install/ackermann_mux/lib/pkgconfig/ackermann_mux.pc'
[12.051s] Level 1:colcon.colcon_core.environment:checking '/home/orin/Desktop/roboracer-purdue/Meghaj_roboracer_ws/install/ackermann_mux/lib/python3.10/site-packages'
[12.051s] Level 1:colcon.colcon_core.environment:checking '/home/orin/Desktop/roboracer-purdue/Meghaj_roboracer_ws/install/ackermann_mux/bin'
[12.051s] INFO:colcon.colcon_core.shell:Creating package script '/home/orin/Desktop/roboracer-purdue/Meghaj_roboracer_ws/install/ackermann_mux/share/ackermann_mux/package.ps1'
[12.051s] INFO:colcon.colcon_core.shell:Creating package descriptor '/home/orin/Desktop/roboracer-purdue/Meghaj_roboracer_ws/install/ackermann_mux/share/ackermann_mux/package.dsv'
[12.052s] INFO:colcon.colcon_core.shell:Creating package script '/home/orin/Desktop/roboracer-purdue/Meghaj_roboracer_ws/install/ackermann_mux/share/ackermann_mux/package.sh'
[12.052s] INFO:colcon.colcon_core.shell:Creating package script '/home/orin/Desktop/roboracer-purdue/Meghaj_roboracer_ws/install/ackermann_mux/share/ackermann_mux/package.bash'
[12.052s] INFO:colcon.colcon_core.shell:Creating package script '/home/orin/Desktop/roboracer-purdue/Meghaj_roboracer_ws/install/ackermann_mux/share/ackermann_mux/package.zsh'
[12.052s] Level 1:colcon.colcon_core.environment:create_file_with_runtime_dependencies(/home/orin/Desktop/roboracer-purdue/Meghaj_roboracer_ws/install/ackermann_mux/share/colcon-core/packages/ackermann_mux)
[12.054s] INFO:colcon.colcon_ros.task.ament_python.build:Building ROS package in '/home/orin/Desktop/roboracer-purdue/Meghaj_roboracer_ws/src/f1tenth_system/f1tenth_stack' with build type 'ament_python'
[12.054s] Level 1:colcon.colcon_core.shell:create_environment_hook('f1tenth_stack', 'ament_prefix_path')
[12.054s] INFO:colcon.colcon_core.shell:Creating environment hook '/home/orin/Desktop/roboracer-purdue/Meghaj_roboracer_ws/install/f1tenth_stack/share/f1tenth_stack/hook/ament_prefix_path.ps1'
[12.055s] INFO:colcon.colcon_core.shell:Creating environment descriptor '/home/orin/Desktop/roboracer-purdue/Meghaj_roboracer_ws/install/f1tenth_stack/share/f1tenth_stack/hook/ament_prefix_path.dsv'
[12.056s] INFO:colcon.colcon_core.shell:Creating environment hook '/home/orin/Desktop/roboracer-purdue/Meghaj_roboracer_ws/install/f1tenth_stack/share/f1tenth_stack/hook/ament_prefix_path.sh'
[12.056s] INFO:colcon.colcon_core.shell:Skip shell extension 'powershell' for command environment: Not usable outside of PowerShell
[12.057s] DEBUG:colcon.colcon_core.shell:Skip shell extension 'dsv' for command environment
[12.353s] INFO:colcon.colcon_core.task.python.build:Building Python package in '/home/orin/Desktop/roboracer-purdue/Meghaj_roboracer_ws/src/f1tenth_system/f1tenth_stack'
[12.353s] INFO:colcon.colcon_core.shell:Skip shell extension 'powershell' for command environment: Not usable outside of PowerShell
[12.353s] DEBUG:colcon.colcon_core.shell:Skip shell extension 'dsv' for command environment
[12.578s] DEBUG:colcon.colcon_core.event_handler.log_command:Invoking command in '/home/orin/Desktop/roboracer-purdue/Meghaj_roboracer_ws/src/f1tenth_system/f1tenth_stack': AMENT_PREFIX_PATH=/home/orin/Desktop/roboracer-purdue/Meghaj_roboracer_ws/install/ackermann_mux:${AMENT_PREFIX_PATH} CMAKE_PREFIX_PATH=/home/orin/Desktop/roboracer-purdue/Meghaj_roboracer_ws/install/ackermann_mux PYTHONPATH=/home/orin/Desktop/roboracer-purdue/Meghaj_roboracer_ws/build/f1tenth_stack/prefix_override:/usr/lib/python3/dist-packages/colcon_core/task/python/colcon_distutils_commands:/home/orin/Desktop/roboracer-purdue/Meghaj_roboracer_ws/install/f1tenth_stack/lib/python3.10/site-packages:${PYTHONPATH} /usr/bin/python3 -W ignore:setup.py install is deprecated -W ignore:easy_install command is deprecated setup.py egg_info --egg-base ../../../build/f1tenth_stack build --build-base /home/orin/Desktop/roboracer-purdue/Meghaj_roboracer_ws/build/f1tenth_stack/build install --record /home/orin/Desktop/roboracer-purdue/Meghaj_roboracer_ws/build/f1tenth_stack/install.log --install-scripts $base/lib/f1tenth_stack --single-version-externally-managed install_data
[12.745s] Level 1:colcon.colcon_core.environment:checking '/home/orin/Desktop/roboracer-purdue/Meghaj_roboracer_ws/install/f1tenth_stack' for CMake module files
[12.746s] DEBUG:colcon.colcon_core.event_handler.log_command:Invoked command in '/home/orin/Desktop/roboracer-purdue/Meghaj_roboracer_ws/src/f1tenth_system/f1tenth_stack' returned '0': AMENT_PREFIX_PATH=/home/orin/Desktop/roboracer-purdue/Meghaj_roboracer_ws/install/ackermann_mux:${AMENT_PREFIX_PATH} CMAKE_PREFIX_PATH=/home/orin/Desktop/roboracer-purdue/Meghaj_roboracer_ws/install/ackermann_mux PYTHONPATH=/home/orin/Desktop/roboracer-purdue/Meghaj_roboracer_ws/build/f1tenth_stack/prefix_override:/usr/lib/python3/dist-packages/colcon_core/task/python/colcon_distutils_commands:/home/orin/Desktop/roboracer-purdue/Meghaj_roboracer_ws/install/f1tenth_stack/lib/python3.10/site-packages:${PYTHONPATH} /usr/bin/python3 -W ignore:setup.py install is deprecated -W ignore:easy_install command is deprecated setup.py egg_info --egg-base ../../../build/f1tenth_stack build --build-base /home/orin/Desktop/roboracer-purdue/Meghaj_roboracer_ws/build/f1tenth_stack/build install --record /home/orin/Desktop/roboracer-purdue/Meghaj_roboracer_ws/build/f1tenth_stack/install.log --install-scripts $base/lib/f1tenth_stack --single-version-externally-managed install_data
[12.746s] Level 1:colcon.colcon_core.environment:checking '/home/orin/Desktop/roboracer-purdue/Meghaj_roboracer_ws/install/f1tenth_stack' for CMake config files
[12.747s] Level 1:colcon.colcon_core.environment:checking '/home/orin/Desktop/roboracer-purdue/Meghaj_roboracer_ws/install/f1tenth_stack/lib'
[12.747s] Level 1:colcon.colcon_core.environment:checking '/home/orin/Desktop/roboracer-purdue/Meghaj_roboracer_ws/install/f1tenth_stack/bin'
[12.747s] Level 1:colcon.colcon_core.environment:checking '/home/orin/Desktop/roboracer-purdue/Meghaj_roboracer_ws/install/f1tenth_stack/lib/pkgconfig/f1tenth_stack.pc'
[12.747s] Level 1:colcon.colcon_core.environment:checking '/home/orin/Desktop/roboracer-purdue/Meghaj_roboracer_ws/install/f1tenth_stack/lib/python3.10/site-packages'
[12.747s] Level 1:colcon.colcon_core.shell:create_environment_hook('f1tenth_stack', 'pythonpath')
[12.747s] INFO:colcon.colcon_core.shell:Creating environment hook '/home/orin/Desktop/roboracer-purdue/Meghaj_roboracer_ws/install/f1tenth_stack/share/f1tenth_stack/hook/pythonpath.ps1'
[12.748s] INFO:colcon.colcon_core.shell:Creating environment descriptor '/home/orin/Desktop/roboracer-purdue/Meghaj_roboracer_ws/install/f1tenth_stack/share/f1tenth_stack/hook/pythonpath.dsv'
[12.748s] INFO:colcon.colcon_core.shell:Creating environment hook '/home/orin/Desktop/roboracer-purdue/Meghaj_roboracer_ws/install/f1tenth_stack/share/f1tenth_stack/hook/pythonpath.sh'
[12.749s] Level 1:colcon.colcon_core.environment:checking '/home/orin/Desktop/roboracer-purdue/Meghaj_roboracer_ws/install/f1tenth_stack/bin'
[12.749s] Level 1:colcon.colcon_core.environment:create_environment_scripts_only(f1tenth_stack)
[12.749s] INFO:colcon.colcon_core.shell:Creating package script '/home/orin/Desktop/roboracer-purdue/Meghaj_roboracer_ws/install/f1tenth_stack/share/f1tenth_stack/package.ps1'
[12.750s] INFO:colcon.colcon_core.shell:Creating package descriptor '/home/orin/Desktop/roboracer-purdue/Meghaj_roboracer_ws/install/f1tenth_stack/share/f1tenth_stack/package.dsv'
[12.750s] INFO:colcon.colcon_core.shell:Creating package script '/home/orin/Desktop/roboracer-purdue/Meghaj_roboracer_ws/install/f1tenth_stack/share/f1tenth_stack/package.sh'
[12.750s] INFO:colcon.colcon_core.shell:Creating package script '/home/orin/Desktop/roboracer-purdue/Meghaj_roboracer_ws/install/f1tenth_stack/share/f1tenth_stack/package.bash'
[12.750s] INFO:colcon.colcon_core.shell:Creating package script '/home/orin/Desktop/roboracer-purdue/Meghaj_roboracer_ws/install/f1tenth_stack/share/f1tenth_stack/package.zsh'
[12.750s] Level 1:colcon.colcon_core.environment:create_file_with_runtime_dependencies(/home/orin/Desktop/roboracer-purdue/Meghaj_roboracer_ws/install/f1tenth_stack/share/colcon-core/packages/f1tenth_stack)
[12.752s] DEBUG:colcon.colcon_parallel_executor.executor.parallel:closing loop
[12.754s] DEBUG:colcon.colcon_parallel_executor.executor.parallel:loop closed
[12.754s] DEBUG:colcon.colcon_parallel_executor.executor.parallel:run_until_complete finished with '0'
[12.756s] DEBUG:colcon.colcon_core.event_reactor:joining thread
[12.785s] INFO:colcon.colcon_core.plugin_system:Skipping extension 'colcon_notification.desktop_notification.terminal_notifier': Not used on non-Darwin systems
[12.785s] INFO:colcon.colcon_core.plugin_system:Skipping extension 'colcon_notification.desktop_notification.win32': Not used on non-Windows systems
[12.785s] INFO:colcon.colcon_notification.desktop_notification:Sending desktop notification using 'notify2'
[12.839s] DEBUG:colcon.colcon_core.event_reactor:joined thread
[12.841s] INFO:colcon.colcon_core.shell:Creating prefix script '/home/orin/Desktop/roboracer-purdue/Meghaj_roboracer_ws/install/local_setup.ps1'
[12.843s] INFO:colcon.colcon_core.shell:Creating prefix util module '/home/orin/Desktop/roboracer-purdue/Meghaj_roboracer_ws/install/_local_setup_util_ps1.py'
[12.846s] INFO:colcon.colcon_core.shell:Creating prefix chain script '/home/orin/Desktop/roboracer-purdue/Meghaj_roboracer_ws/install/setup.ps1'
[12.846s] INFO:colcon.colcon_core.shell:Creating prefix script '/home/orin/Desktop/roboracer-purdue/Meghaj_roboracer_ws/install/local_setup.sh'
[12.847s] INFO:colcon.colcon_core.shell:Creating prefix util module '/home/orin/Desktop/roboracer-purdue/Meghaj_roboracer_ws/install/_local_setup_util_sh.py'
[12.848s] INFO:colcon.colcon_core.shell:Creating prefix chain script '/home/orin/Desktop/roboracer-purdue/Meghaj_roboracer_ws/install/setup.sh'
[12.848s] INFO:colcon.colcon_core.shell:Creating prefix script '/home/orin/Desktop/roboracer-purdue/Meghaj_roboracer_ws/install/local_setup.bash'
[12.849s] INFO:colcon.colcon_core.shell:Creating prefix chain script '/home/orin/Desktop/roboracer-purdue/Meghaj_roboracer_ws/install/setup.bash'
[12.850s] INFO:colcon.colcon_core.shell:Creating prefix script '/home/orin/Desktop/roboracer-purdue/Meghaj_roboracer_ws/install/local_setup.zsh'
[12.851s] INFO:colcon.colcon_core.shell:Creating prefix chain script '/home/orin/Desktop/roboracer-purdue/Meghaj_roboracer_ws/install/setup.zsh'
